Config file /net/beegfs/scratch/kcarroll/Amsterdam_UMC_Klinische_Genetica_Internship/omnomnomics/omnomnomics.run.2024-06-14.config.yaml is extended by additional config specified via the command line.
Building DAG of jobs...
Using shell: /usr/bin/bash
Provided cluster nodes: 1000
Job stats:
job           count    min threads    max threads
----------  -------  -------------  -------------
all               1              1              1
call_peaks        1            128            128
total             2              1            128

Select jobs to execute...

[Fri Jun 14 16:57:00 2024]
rule call_peaks:
    input: filtered_BAM/mouse_F_ldlr_PlaqueMacrophages_RNA_2301_DMSO_poolA_RK_I20231020.sorted.dups_marked.filtered.bam
    output: peak_calling/extra.tmp
    jobid: 0
    reason: Forced execution
    threads: 128
    resources: mem_mb=512000, mem_mib=488282, disk_mb=1000, disk_mib=954, tmpdir=<TBD>

Submitted job 0 with external jobid 'Submitted batch job 5330166'.
[Fri Jun 14 16:57:10 2024]
Finished job 0.
1 of 2 steps (50%) done
Select jobs to execute...

[Fri Jun 14 16:57:10 2024]
localrule all:
    input: peak_calling/extra.tmp
    jobid: 3
    reason: Input files updated by another job: peak_calling/extra.tmp
    resources: mem_mb=1000, mem_mib=954, disk_mb=1000, disk_mib=954, tmpdir=/tmp

[Fri Jun 14 16:57:10 2024]
Finished job 3.
2 of 2 steps (100%) done
Complete log: ../.snakemake/log/2024-06-14T165658.924399.snakemake.log
