Config file /net/beegfs/scratch/kcarroll/Amsterdam_UMC_Klinische_Genetica_Internship/omnomnomics/omnomnomics.run.2024-06-17.config.yaml is extended by additional config specified via the command line.
Building DAG of jobs...
Using shell: /usr/bin/bash
Provided cluster nodes: 1000
Job stats:
job               count    min threads    max threads
--------------  -------  -------------  -------------
all                   1              1              1
create_wiggles        1              1              1
merge_wiggles         1            128            128
total                 3              1            128

Select jobs to execute...

[Mon Jun 17 14:34:58 2024]
rule create_wiggles:
    input: HOMER_tagDirs/mouse_F_ldlr_PlaqueMacrophages_RNA_2301_DMSO_poolA_RK_I20231020.sorted.dups_marked.filtered.HOMER_tagDir.tar.gz
    output: BigWigs/mouse_F_ldlr_PlaqueMacrophages_RNA_2301_DMSO_poolA_RK_I20231020.extra.tmp
    jobid: 1
    reason: Forced execution
    wildcards: sample=mouse_F_ldlr_PlaqueMacrophages_RNA_2301_DMSO_poolA_RK_I20231020
    resources: mem_mb=4000, mem_mib=3815, disk_mb=1000, disk_mib=954, tmpdir=<TBD>

Submitted job 1 with external jobid 'Submitted batch job 5335001'.
[Mon Jun 17 14:35:08 2024]
Finished job 1.
1 of 3 steps (33%) done
Select jobs to execute...

[Mon Jun 17 14:35:08 2024]
rule merge_wiggles:
    input: BigWigs/mouse_F_ldlr_PlaqueMacrophages_RNA_2301_DMSO_poolA_RK_I20231020.extra.tmp
    output: merged_hubs/extra.tmp
    jobid: 0
    reason: Missing output files: merged_hubs/extra.tmp; Input files updated by another job: BigWigs/mouse_F_ldlr_PlaqueMacrophages_RNA_2301_DMSO_poolA_RK_I20231020.extra.tmp
    threads: 128
    resources: mem_mb=128000, mem_mib=122071, disk_mb=1000, disk_mib=954, tmpdir=<TBD>

Submitted job 0 with external jobid 'Submitted batch job 5335007'.
[Mon Jun 17 14:35:18 2024]
Error in rule merge_wiggles:
    jobid: 0
    input: BigWigs/mouse_F_ldlr_PlaqueMacrophages_RNA_2301_DMSO_poolA_RK_I20231020.extra.tmp
    output: merged_hubs/extra.tmp
    cluster_jobid: Submitted batch job 5335007

Error executing rule merge_wiggles on cluster (jobid: 0, external: Submitted batch job 5335007, jobscript: /net/beegfs/scratch/kcarroll/Amsterdam_UMC_Klinische_Genetica_Internship/omnomnomics/.snakemake/tmp.53v3t72m/snakejob.merge_wiggles.0.sh). For error details see the cluster log and the log files of the involved rule(s).
Shutting down, this might take some time.
Exiting because a job execution failed. Look above for error message
Complete log: ../.snakemake/log/2024-06-17T143455.382774.snakemake.log
