Config file /net/beegfs/scratch/kcarroll/Amsterdam_UMC_Klinische_Genetica_Internship/omnomnomics/omnomnomics.run.2024-06-17.config.yaml is extended by additional config specified via the command line.
Building DAG of jobs...
Using shell: /usr/bin/bash
Provided cluster nodes: 1000
Job stats:
job                    count    min threads    max threads
-------------------  -------  -------------  -------------
all                        1              1              1
bam_stats                  2              1              1
create_homer_tagDir        2              1              1
index_bam                  2            128            128
total                      7              1            128

Select jobs to execute...

[Mon Jun 17 22:10:29 2024]
rule index_bam:
    input: filtered_BAM/human_MDM_DNA_H3K27Me3_Ctr_DMSO_F_d284_RK_I20221209.filtered.bam
    output: filtered_BAM/human_MDM_DNA_H3K27Me3_Ctr_DMSO_F_d284_RK_I20221209.filtered.bam.bai
    jobid: 4
    benchmark: filtered_BAM/human_MDM_DNA_H3K27Me3_Ctr_DMSO_F_d284_RK_I20221209_benchmark.tsv
    reason: Forced execution
    wildcards: sample=human_MDM_DNA_H3K27Me3_Ctr_DMSO_F_d284_RK_I20221209
    threads: 128
    resources: mem_mb=512000, mem_mib=488282, disk_mb=6172, disk_mib=5887, tmpdir=<TBD>

Submitted job 4 with external jobid 'Submitted batch job 5336564'.

[Mon Jun 17 22:10:29 2024]
rule create_homer_tagDir:
    input: filtered_BAM/mouse_F_ldlr_PlaqueMacrophages_RNA_2301_DMSO_poolA_RK_I20231020.filtered.bam
    output: HOMER_tagDirs/mouse_F_ldlr_PlaqueMacrophages_RNA_2301_DMSO_poolA_RK_I20231020.filtered.HOMER_tagDir.tar.gz
    jobid: 9
    benchmark: HOMER_tagDirs/mouse_F_ldlr_PlaqueMacrophages_RNA_2301_DMSO_poolA_RK_I20231020_benchmark.tsv
    reason: Forced execution
    wildcards: sample=mouse_F_ldlr_PlaqueMacrophages_RNA_2301_DMSO_poolA_RK_I20231020
    resources: mem_mb=4000, mem_mib=3815, disk_mb=1000, disk_mib=954, tmpdir=<TBD>

Submitted job 9 with external jobid 'Submitted batch job 5336565'.

[Mon Jun 17 22:10:29 2024]
rule index_bam:
    input: filtered_BAM/mouse_F_ldlr_PlaqueMacrophages_RNA_2301_DMSO_poolA_RK_I20231020.filtered.bam
    output: filtered_BAM/mouse_F_ldlr_PlaqueMacrophages_RNA_2301_DMSO_poolA_RK_I20231020.filtered.bam.bai
    jobid: 1
    benchmark: filtered_BAM/mouse_F_ldlr_PlaqueMacrophages_RNA_2301_DMSO_poolA_RK_I20231020_benchmark.tsv
    reason: Forced execution
    wildcards: sample=mouse_F_ldlr_PlaqueMacrophages_RNA_2301_DMSO_poolA_RK_I20231020
    threads: 128
    resources: mem_mb=512000, mem_mib=488282, disk_mb=1000, disk_mib=954, tmpdir=<TBD>

Submitted job 1 with external jobid 'Submitted batch job 5336566'.

[Mon Jun 17 22:10:29 2024]
rule bam_stats:
    input: filtered_BAM/human_MDM_DNA_H3K27Me3_Ctr_DMSO_F_d284_RK_I20221209.filtered.bam
    output: filtered_BAM/human_MDM_DNA_H3K27Me3_Ctr_DMSO_F_d284_RK_I20221209.filtered.bam.stats.txt
    jobid: 8
    benchmark: filtered_BAM/human_MDM_DNA_H3K27Me3_Ctr_DMSO_F_d284_RK_I20221209_benchmark.tsv
    reason: Forced execution
    wildcards: sample=human_MDM_DNA_H3K27Me3_Ctr_DMSO_F_d284_RK_I20221209
    resources: mem_mb=4000, mem_mib=3815, disk_mb=6172, disk_mib=5887, tmpdir=<TBD>

Submitted job 8 with external jobid 'Submitted batch job 5336567'.

[Mon Jun 17 22:10:29 2024]
rule bam_stats:
    input: filtered_BAM/mouse_F_ldlr_PlaqueMacrophages_RNA_2301_DMSO_poolA_RK_I20231020.filtered.bam
    output: filtered_BAM/mouse_F_ldlr_PlaqueMacrophages_RNA_2301_DMSO_poolA_RK_I20231020.filtered.bam.stats.txt
    jobid: 7
    benchmark: filtered_BAM/mouse_F_ldlr_PlaqueMacrophages_RNA_2301_DMSO_poolA_RK_I20231020_benchmark.tsv
    reason: Forced execution
    wildcards: sample=mouse_F_ldlr_PlaqueMacrophages_RNA_2301_DMSO_poolA_RK_I20231020
    resources: mem_mb=4000, mem_mib=3815, disk_mb=1000, disk_mib=954, tmpdir=<TBD>

Submitted job 7 with external jobid 'Submitted batch job 5336568'.

[Mon Jun 17 22:10:29 2024]
rule create_homer_tagDir:
    input: filtered_BAM/human_MDM_DNA_H3K27Me3_Ctr_DMSO_F_d284_RK_I20221209.filtered.bam
    output: HOMER_tagDirs/human_MDM_DNA_H3K27Me3_Ctr_DMSO_F_d284_RK_I20221209.filtered.HOMER_tagDir.tar.gz
    jobid: 10
    benchmark: HOMER_tagDirs/human_MDM_DNA_H3K27Me3_Ctr_DMSO_F_d284_RK_I20221209_benchmark.tsv
    reason: Forced execution
    wildcards: sample=human_MDM_DNA_H3K27Me3_Ctr_DMSO_F_d284_RK_I20221209
    resources: mem_mb=4000, mem_mib=3815, disk_mb=6172, disk_mib=5887, tmpdir=<TBD>

Submitted job 10 with external jobid 'Submitted batch job 5336569'.
[Mon Jun 17 22:10:39 2024]
Error in rule create_homer_tagDir:
    jobid: 9
    input: filtered_BAM/mouse_F_ldlr_PlaqueMacrophages_RNA_2301_DMSO_poolA_RK_I20231020.filtered.bam
    output: HOMER_tagDirs/mouse_F_ldlr_PlaqueMacrophages_RNA_2301_DMSO_poolA_RK_I20231020.filtered.HOMER_tagDir.tar.gz
    cluster_jobid: Submitted batch job 5336565

Error executing rule create_homer_tagDir on cluster (jobid: 9, external: Submitted batch job 5336565, jobscript: /net/beegfs/scratch/kcarroll/Amsterdam_UMC_Klinische_Genetica_Internship/omnomnomics/.snakemake/tmp.iqj9em07/snakejob.create_homer_tagDir.9.sh). For error details see the cluster log and the log files of the involved rule(s).
[Mon Jun 17 22:10:39 2024]
Finished job 4.
1 of 7 steps (14%) done
[Mon Jun 17 22:10:39 2024]
Finished job 1.
2 of 7 steps (29%) done
[Mon Jun 17 22:10:39 2024]
Error in rule create_homer_tagDir:
    jobid: 10
    input: filtered_BAM/human_MDM_DNA_H3K27Me3_Ctr_DMSO_F_d284_RK_I20221209.filtered.bam
    output: HOMER_tagDirs/human_MDM_DNA_H3K27Me3_Ctr_DMSO_F_d284_RK_I20221209.filtered.HOMER_tagDir.tar.gz
    cluster_jobid: Submitted batch job 5336569

Error executing rule create_homer_tagDir on cluster (jobid: 10, external: Submitted batch job 5336569, jobscript: /net/beegfs/scratch/kcarroll/Amsterdam_UMC_Klinische_Genetica_Internship/omnomnomics/.snakemake/tmp.iqj9em07/snakejob.create_homer_tagDir.10.sh). For error details see the cluster log and the log files of the involved rule(s).
[Mon Jun 17 22:10:39 2024]
Finished job 7.
3 of 7 steps (43%) done
[Mon Jun 17 22:11:19 2024]
Finished job 8.
4 of 7 steps (57%) done
Shutting down, this might take some time.
Exiting because a job execution failed. Look above for error message
Complete log: ../.snakemake/log/2024-06-17T221026.818145.snakemake.log
