Config file /net/beegfs/scratch/kcarroll/Amsterdam_UMC_Klinische_Genetica_Internship/omnomnomics/omnomnomics.run.2024-06-12.config.yaml is extended by additional config specified via the command line.
Building DAG of jobs...
Using shell: /usr/bin/bash
Provided cluster nodes: 1000
Job stats:
job          count    min threads    max threads
---------  -------  -------------  -------------
all              1              1              1
merge_bam        1            128            128
total            2              1            128

Select jobs to execute...

[Wed Jun 12 14:07:19 2024]
rule merge_bam:
    output: BAM/mouse_F_ldlr_PlaqueMacrophages_RNA_2301_DMSO_poolA_RK_I20231020_L004_merged.bam
    jobid: 1
    reason: Forced execution
    wildcards: sample=mouse_F_ldlr_PlaqueMacrophages_RNA_2301_DMSO_poolA_RK_I20231020_L004
    threads: 128
    resources: mem_mb=524288, mem_mib=500000, disk_mb=1000, disk_mib=954, tmpdir=<TBD>

Error submitting jobscript (exit code 1):

Shutting down, this might take some time.
Exiting because a job execution failed. Look above for error message
Complete log: ../.snakemake/log/2024-06-12T140716.088478.snakemake.log
