Config file /net/beegfs/scratch/kcarroll/Amsterdam_UMC_Klinische_Genetica_Internship/omnomnomics/run_configs/omnomnomics.run.2024-06-23.config.yaml is extended by additional config specified via the command line.
Building DAG of jobs...
Using shell: /usr/bin/bash
Provided cluster nodes: 1000
Job stats:
job                    count    min threads    max threads
-------------------  -------  -------------  -------------
all                        1              1              1
bam_stats                  1              1              1
call_peaks                 1            128            128
count_reads                1            128            128
create_homer_tagDir        1              1              1
create_wiggles             1              1              1
index_bam                  1              1              1
merge_bam                  1            128            128
merge_wiggles              1            128            128
run_fastqc                 1            128            128
run_hisat2                 1            128            128
run_skewer                 1            128            128
touchup_bam                1            128            128
total                     13              1            128

Select jobs to execute...

[Sun Jun 23 22:44:56 2024]
rule count_reads:
    output: /net/beegfs/scratch/kcarroll/Amsterdam_UMC_Klinische_Genetica_Internship/omnomnomics/DE_calling/extra_12.tmp
    jobid: 0
    benchmark: /net/beegfs/scratch/kcarroll/Amsterdam_UMC_Klinische_Genetica_Internship/omnomnomics/DE_calling/benchmarks/counts_reads_benchmark.tsv
    reason: Forced execution
    threads: 128
    resources: mem_mb=512000, mem_mib=488282, disk_mb=1000, disk_mib=954, tmpdir=<TBD>, partition=defq

Submitted job 0 with external jobid 'Submitted batch job 5350141'.

[Sun Jun 23 22:44:56 2024]
rule run_skewer:
    input: /net/beegfs/scratch/kcarroll/Amsterdam_UMC_Klinische_Genetica_Internship/omnomnomics/FASTQ/human_MDM_DNA_H3K27Me3_Ctr_DMSO_F_d284_RK_I20221209_L002_R1.fastq.gz, /net/beegfs/scratch/kcarroll/Amsterdam_UMC_Klinische_Genetica_Internship/omnomnomics/FASTQ/human_MDM_DNA_H3K27Me3_Ctr_DMSO_F_d284_RK_I20221209_L002_R2.fastq.gz
    output: /net/beegfs/scratch/kcarroll/Amsterdam_UMC_Klinische_Genetica_Internship/omnomnomics/trimmed_FASTQ/human_MDM_DNA_H3K27Me3_Ctr_DMSO_F_d284_RK_I20221209_L002_R1.trimmed.fastq.gz, /net/beegfs/scratch/kcarroll/Amsterdam_UMC_Klinische_Genetica_Internship/omnomnomics/trimmed_FASTQ/human_MDM_DNA_H3K27Me3_Ctr_DMSO_F_d284_RK_I20221209_L002_R2.trimmed.fastq.gz
    jobid: 7
    benchmark: /net/beegfs/scratch/kcarroll/Amsterdam_UMC_Klinische_Genetica_Internship/omnomnomics/trimmed_FASTQ/benchmarks/human_MDM_DNA_H3K27Me3_Ctr_DMSO_F_d284_RK_I20221209_L002_skewer_benchmark.tsv
    reason: Forced execution
    wildcards: sample=human_MDM_DNA_H3K27Me3_Ctr_DMSO_F_d284_RK_I20221209_L002
    threads: 128
    resources: mem_mb=512000, mem_mib=488282, disk_mb=9655, disk_mib=9208, tmpdir=<TBD>, partition=defq

Submitted job 7 with external jobid 'Submitted batch job 5350142'.
[Sun Jun 23 22:45:06 2024]
Finished job 0.
1 of 13 steps (8%) done
[Sun Jun 23 23:02:12 2024]
Finished job 7.
2 of 13 steps (15%) done
Select jobs to execute...

[Sun Jun 23 23:02:12 2024]
rule run_fastqc:
    input: /net/beegfs/scratch/kcarroll/Amsterdam_UMC_Klinische_Genetica_Internship/omnomnomics/trimmed_FASTQ/human_MDM_DNA_H3K27Me3_Ctr_DMSO_F_d284_RK_I20221209_L002_R1.trimmed.fastq.gz, /net/beegfs/scratch/kcarroll/Amsterdam_UMC_Klinische_Genetica_Internship/omnomnomics/trimmed_FASTQ/human_MDM_DNA_H3K27Me3_Ctr_DMSO_F_d284_RK_I20221209_L002_R2.trimmed.fastq.gz
    output: /net/beegfs/scratch/kcarroll/Amsterdam_UMC_Klinische_Genetica_Internship/omnomnomics/fastqc_reports/human_MDM_DNA_H3K27Me3_Ctr_DMSO_F_d284_RK_I20221209_L002_R1.trimmed_fastqc.html, /net/beegfs/scratch/kcarroll/Amsterdam_UMC_Klinische_Genetica_Internship/omnomnomics/fastqc_reports/human_MDM_DNA_H3K27Me3_Ctr_DMSO_F_d284_RK_I20221209_L002_R2.trimmed_fastqc.html, /net/beegfs/scratch/kcarroll/Amsterdam_UMC_Klinische_Genetica_Internship/omnomnomics/fastqc_reports/human_MDM_DNA_H3K27Me3_Ctr_DMSO_F_d284_RK_I20221209_L002_R1.trimmed_fastqc.zip, /net/beegfs/scratch/kcarroll/Amsterdam_UMC_Klinische_Genetica_Internship/omnomnomics/fastqc_reports/human_MDM_DNA_H3K27Me3_Ctr_DMSO_F_d284_RK_I20221209_L002_R2.trimmed_fastqc.zip
    jobid: 11
    benchmark: /net/beegfs/scratch/kcarroll/Amsterdam_UMC_Klinische_Genetica_Internship/omnomnomics/fastqc_reports/benchmarks/human_MDM_DNA_H3K27Me3_Ctr_DMSO_F_d284_RK_I20221209_L002_fastqc_benchmark.tsv
    reason: Missing output files: /net/beegfs/scratch/kcarroll/Amsterdam_UMC_Klinische_Genetica_Internship/omnomnomics/fastqc_reports/human_MDM_DNA_H3K27Me3_Ctr_DMSO_F_d284_RK_I20221209_L002_R2.trimmed_fastqc.html, /net/beegfs/scratch/kcarroll/Amsterdam_UMC_Klinische_Genetica_Internship/omnomnomics/fastqc_reports/human_MDM_DNA_H3K27Me3_Ctr_DMSO_F_d284_RK_I20221209_L002_R2.trimmed_fastqc.zip, /net/beegfs/scratch/kcarroll/Amsterdam_UMC_Klinische_Genetica_Internship/omnomnomics/fastqc_reports/human_MDM_DNA_H3K27Me3_Ctr_DMSO_F_d284_RK_I20221209_L002_R1.trimmed_fastqc.zip, /net/beegfs/scratch/kcarroll/Amsterdam_UMC_Klinische_Genetica_Internship/omnomnomics/fastqc_reports/human_MDM_DNA_H3K27Me3_Ctr_DMSO_F_d284_RK_I20221209_L002_R1.trimmed_fastqc.html; Input files updated by another job: /net/beegfs/scratch/kcarroll/Amsterdam_UMC_Klinische_Genetica_Internship/omnomnomics/trimmed_FASTQ/human_MDM_DNA_H3K27Me3_Ctr_DMSO_F_d284_RK_I20221209_L002_R2.trimmed.fastq.gz, /net/beegfs/scratch/kcarroll/Amsterdam_UMC_Klinische_Genetica_Internship/omnomnomics/trimmed_FASTQ/human_MDM_DNA_H3K27Me3_Ctr_DMSO_F_d284_RK_I20221209_L002_R1.trimmed.fastq.gz
    wildcards: sample=human_MDM_DNA_H3K27Me3_Ctr_DMSO_F_d284_RK_I20221209_L002
    threads: 128
    resources: mem_mb=512000, mem_mib=488282, disk_mb=7999, disk_mib=7629, tmpdir=<TBD>, partition=defq

Submitted job 11 with external jobid 'Submitted batch job 5350143'.

[Sun Jun 23 23:02:12 2024]
rule run_hisat2:
    input: /net/beegfs/scratch/kcarroll/Amsterdam_UMC_Klinische_Genetica_Internship/omnomnomics/trimmed_FASTQ/human_MDM_DNA_H3K27Me3_Ctr_DMSO_F_d284_RK_I20221209_L002_R1.trimmed.fastq.gz, /net/beegfs/scratch/kcarroll/Amsterdam_UMC_Klinische_Genetica_Internship/omnomnomics/trimmed_FASTQ/human_MDM_DNA_H3K27Me3_Ctr_DMSO_F_d284_RK_I20221209_L002_R2.trimmed.fastq.gz
    output: /net/beegfs/scratch/kcarroll/Amsterdam_UMC_Klinische_Genetica_Internship/omnomnomics/BAM/human_MDM_DNA_H3K27Me3_Ctr_DMSO_F_d284_RK_I20221209_L002.bam, /net/beegfs/scratch/kcarroll/Amsterdam_UMC_Klinische_Genetica_Internship/omnomnomics/BAM/human_MDM_DNA_H3K27Me3_Ctr_DMSO_F_d284_RK_I20221209_L002.HISAT2_stats.txt, /net/beegfs/scratch/kcarroll/Amsterdam_UMC_Klinische_Genetica_Internship/omnomnomics/BAM/human_MDM_DNA_H3K27Me3_Ctr_DMSO_F_d284_RK_I20221209_L002.extra_3.tmp
    jobid: 6
    benchmark: /net/beegfs/scratch/kcarroll/Amsterdam_UMC_Klinische_Genetica_Internship/omnomnomics/BAM/benchmarks/human_MDM_DNA_H3K27Me3_Ctr_DMSO_F_d284_RK_I20221209_L002_hisat2_benchmark.tsv
    reason: Missing output files: /net/beegfs/scratch/kcarroll/Amsterdam_UMC_Klinische_Genetica_Internship/omnomnomics/BAM/human_MDM_DNA_H3K27Me3_Ctr_DMSO_F_d284_RK_I20221209_L002.bam; Input files updated by another job: /net/beegfs/scratch/kcarroll/Amsterdam_UMC_Klinische_Genetica_Internship/omnomnomics/trimmed_FASTQ/human_MDM_DNA_H3K27Me3_Ctr_DMSO_F_d284_RK_I20221209_L002_R2.trimmed.fastq.gz, /net/beegfs/scratch/kcarroll/Amsterdam_UMC_Klinische_Genetica_Internship/omnomnomics/trimmed_FASTQ/human_MDM_DNA_H3K27Me3_Ctr_DMSO_F_d284_RK_I20221209_L002_R1.trimmed.fastq.gz
    wildcards: sample1=human_MDM_DNA_H3K27Me3_Ctr_DMSO_F_d284_RK_I20221209_L002
    threads: 128
    resources: mem_mb=512000, mem_mib=488282, disk_mb=7999, disk_mib=7629, tmpdir=<TBD>, partition=defq

Submitted job 6 with external jobid 'Submitted batch job 5350144'.
[Sun Jun 23 23:06:04 2024]
Finished job 11.
3 of 13 steps (23%) done
[Sun Jun 23 23:23:26 2024]
Finished job 6.
4 of 13 steps (31%) done
Select jobs to execute...

[Sun Jun 23 23:23:26 2024]
rule merge_bam:
    input: /net/beegfs/scratch/kcarroll/Amsterdam_UMC_Klinische_Genetica_Internship/omnomnomics/BAM/human_MDM_DNA_H3K27Me3_Ctr_DMSO_F_d284_RK_I20221209_L002.extra_3.tmp
    output: /net/beegfs/scratch/kcarroll/Amsterdam_UMC_Klinische_Genetica_Internship/omnomnomics/BAM/human_MDM_DNA_H3K27Me3_Ctr_DMSO_F_d284_RK_I20221209.bam, /net/beegfs/scratch/kcarroll/Amsterdam_UMC_Klinische_Genetica_Internship/omnomnomics/BAM/human_MDM_DNA_H3K27Me3_Ctr_DMSO_F_d284_RK_I20221209.extra_4.tmp
    jobid: 5
    benchmark: /net/beegfs/scratch/kcarroll/Amsterdam_UMC_Klinische_Genetica_Internship/omnomnomics/BAM/benchmarks/human_MDM_DNA_H3K27Me3_Ctr_DMSO_F_d284_RK_I20221209_mergebam_benchmark.tsv
    reason: Missing output files: /net/beegfs/scratch/kcarroll/Amsterdam_UMC_Klinische_Genetica_Internship/omnomnomics/BAM/human_MDM_DNA_H3K27Me3_Ctr_DMSO_F_d284_RK_I20221209.bam; Input files updated by another job: /net/beegfs/scratch/kcarroll/Amsterdam_UMC_Klinische_Genetica_Internship/omnomnomics/BAM/human_MDM_DNA_H3K27Me3_Ctr_DMSO_F_d284_RK_I20221209_L002.extra_3.tmp
    wildcards: sample=human_MDM_DNA_H3K27Me3_Ctr_DMSO_F_d284_RK_I20221209
    threads: 128
    resources: mem_mb=512000, mem_mib=488282, disk_mb=1000, disk_mib=954, tmpdir=<TBD>, partition=defq

Submitted job 5 with external jobid 'Submitted batch job 5350147'.
[Sun Jun 23 23:23:36 2024]
Finished job 5.
5 of 13 steps (38%) done
Select jobs to execute...

[Sun Jun 23 23:23:36 2024]
rule touchup_bam:
    input: /net/beegfs/scratch/kcarroll/Amsterdam_UMC_Klinische_Genetica_Internship/omnomnomics/BAM/human_MDM_DNA_H3K27Me3_Ctr_DMSO_F_d284_RK_I20221209.bam, /net/beegfs/scratch/kcarroll/Amsterdam_UMC_Klinische_Genetica_Internship/omnomnomics/BAM/human_MDM_DNA_H3K27Me3_Ctr_DMSO_F_d284_RK_I20221209.extra_4.tmp
    output: /net/beegfs/scratch/kcarroll/Amsterdam_UMC_Klinische_Genetica_Internship/omnomnomics/filtered_BAM/human_MDM_DNA_H3K27Me3_Ctr_DMSO_F_d284_RK_I20221209.filtered.bam, /net/beegfs/scratch/kcarroll/Amsterdam_UMC_Klinische_Genetica_Internship/omnomnomics/filtered_BAM/human_MDM_DNA_H3K27Me3_Ctr_DMSO_F_d284_RK_I20221209.extra_5.tmp
    jobid: 4
    benchmark: /net/beegfs/scratch/kcarroll/Amsterdam_UMC_Klinische_Genetica_Internship/omnomnomics/filtered_BAM/benchmarks/human_MDM_DNA_H3K27Me3_Ctr_DMSO_F_d284_RK_I20221209_touchupbam_benchmark.tsv
    reason: Missing output files: /net/beegfs/scratch/kcarroll/Amsterdam_UMC_Klinische_Genetica_Internship/omnomnomics/filtered_BAM/human_MDM_DNA_H3K27Me3_Ctr_DMSO_F_d284_RK_I20221209.filtered.bam; Input files updated by another job: /net/beegfs/scratch/kcarroll/Amsterdam_UMC_Klinische_Genetica_Internship/omnomnomics/BAM/human_MDM_DNA_H3K27Me3_Ctr_DMSO_F_d284_RK_I20221209.bam, /net/beegfs/scratch/kcarroll/Amsterdam_UMC_Klinische_Genetica_Internship/omnomnomics/BAM/human_MDM_DNA_H3K27Me3_Ctr_DMSO_F_d284_RK_I20221209.extra_4.tmp
    wildcards: sample2=human_MDM_DNA_H3K27Me3_Ctr_DMSO_F_d284_RK_I20221209
    threads: 128
    resources: mem_mb=512000, mem_mib=488282, disk_mb=10167, disk_mib=9697, tmpdir=<TBD>, partition=defq

Submitted job 4 with external jobid 'Submitted batch job 5350148'.
[Sun Jun 23 23:28:56 2024]
Finished job 4.
6 of 13 steps (46%) done
Select jobs to execute...

[Sun Jun 23 23:28:56 2024]
rule index_bam:
    input: /net/beegfs/scratch/kcarroll/Amsterdam_UMC_Klinische_Genetica_Internship/omnomnomics/filtered_BAM/human_MDM_DNA_H3K27Me3_Ctr_DMSO_F_d284_RK_I20221209.filtered.bam
    output: /net/beegfs/scratch/kcarroll/Amsterdam_UMC_Klinische_Genetica_Internship/omnomnomics/filtered_BAM/human_MDM_DNA_H3K27Me3_Ctr_DMSO_F_d284_RK_I20221209.filtered.bam.bai
    jobid: 8
    benchmark: /net/beegfs/scratch/kcarroll/Amsterdam_UMC_Klinische_Genetica_Internship/omnomnomics/filtered_BAM/benchmarks/human_MDM_DNA_H3K27Me3_Ctr_DMSO_F_d284_RK_I20221209_bamindex_benchmark.tsv
    reason: Missing output files: /net/beegfs/scratch/kcarroll/Amsterdam_UMC_Klinische_Genetica_Internship/omnomnomics/filtered_BAM/human_MDM_DNA_H3K27Me3_Ctr_DMSO_F_d284_RK_I20221209.filtered.bam.bai; Input files updated by another job: /net/beegfs/scratch/kcarroll/Amsterdam_UMC_Klinische_Genetica_Internship/omnomnomics/filtered_BAM/human_MDM_DNA_H3K27Me3_Ctr_DMSO_F_d284_RK_I20221209.filtered.bam
    wildcards: sample=human_MDM_DNA_H3K27Me3_Ctr_DMSO_F_d284_RK_I20221209
    resources: mem_mb=4000, mem_mib=3815, disk_mb=6200, disk_mib=5913, tmpdir=<TBD>, partition=defq

Submitted job 8 with external jobid 'Submitted batch job 5350149'.
[Sun Jun 23 23:29:56 2024]
Finished job 8.
7 of 13 steps (54%) done
Select jobs to execute...

[Sun Jun 23 23:29:56 2024]
rule bam_stats:
    input: /net/beegfs/scratch/kcarroll/Amsterdam_UMC_Klinische_Genetica_Internship/omnomnomics/filtered_BAM/human_MDM_DNA_H3K27Me3_Ctr_DMSO_F_d284_RK_I20221209.filtered.bam, /net/beegfs/scratch/kcarroll/Amsterdam_UMC_Klinische_Genetica_Internship/omnomnomics/filtered_BAM/human_MDM_DNA_H3K27Me3_Ctr_DMSO_F_d284_RK_I20221209.filtered.bam.bai
    output: /net/beegfs/scratch/kcarroll/Amsterdam_UMC_Klinische_Genetica_Internship/omnomnomics/filtered_BAM/human_MDM_DNA_H3K27Me3_Ctr_DMSO_F_d284_RK_I20221209.filtered.bam.stats.txt
    jobid: 12
    benchmark: /net/beegfs/scratch/kcarroll/Amsterdam_UMC_Klinische_Genetica_Internship/omnomnomics/filtered_BAM/benchmarks/human_MDM_DNA_H3K27Me3_Ctr_DMSO_F_d284_RK_I20221209_bamstats_benchmark.tsv
    reason: Missing output files: /net/beegfs/scratch/kcarroll/Amsterdam_UMC_Klinische_Genetica_Internship/omnomnomics/filtered_BAM/human_MDM_DNA_H3K27Me3_Ctr_DMSO_F_d284_RK_I20221209.filtered.bam.stats.txt; Input files updated by another job: /net/beegfs/scratch/kcarroll/Amsterdam_UMC_Klinische_Genetica_Internship/omnomnomics/filtered_BAM/human_MDM_DNA_H3K27Me3_Ctr_DMSO_F_d284_RK_I20221209.filtered.bam, /net/beegfs/scratch/kcarroll/Amsterdam_UMC_Klinische_Genetica_Internship/omnomnomics/filtered_BAM/human_MDM_DNA_H3K27Me3_Ctr_DMSO_F_d284_RK_I20221209.filtered.bam.bai
    wildcards: sample=human_MDM_DNA_H3K27Me3_Ctr_DMSO_F_d284_RK_I20221209
    resources: mem_mb=4000, mem_mib=3815, disk_mb=6205, disk_mib=5918, tmpdir=<TBD>, partition=defq

Submitted job 12 with external jobid 'Submitted batch job 5350150'.

[Sun Jun 23 23:29:56 2024]
rule create_homer_tagDir:
    input: /net/beegfs/scratch/kcarroll/Amsterdam_UMC_Klinische_Genetica_Internship/omnomnomics/filtered_BAM/human_MDM_DNA_H3K27Me3_Ctr_DMSO_F_d284_RK_I20221209.filtered.bam, /net/beegfs/scratch/kcarroll/Amsterdam_UMC_Klinische_Genetica_Internship/omnomnomics/filtered_BAM/human_MDM_DNA_H3K27Me3_Ctr_DMSO_F_d284_RK_I20221209.filtered.bam.bai
    output: /net/beegfs/scratch/kcarroll/Amsterdam_UMC_Klinische_Genetica_Internship/omnomnomics/HOMER_tagDirs/human_MDM_DNA_H3K27Me3_Ctr_DMSO_F_d284_RK_I20221209.filtered.HOMER_tagDir.tar.gz, /net/beegfs/scratch/kcarroll/Amsterdam_UMC_Klinische_Genetica_Internship/omnomnomics/HOMER_tagDirs/human_MDM_DNA_H3K27Me3_Ctr_DMSO_F_d284_RK_I20221209.extra_8.tmp
    jobid: 3
    benchmark: /net/beegfs/scratch/kcarroll/Amsterdam_UMC_Klinische_Genetica_Internship/omnomnomics/HOMER_tagDirs/benchmarks/human_MDM_DNA_H3K27Me3_Ctr_DMSO_F_d284_RK_I20221209_make_homer_tagdirs_benchmark.tsv
    reason: Missing output files: /net/beegfs/scratch/kcarroll/Amsterdam_UMC_Klinische_Genetica_Internship/omnomnomics/HOMER_tagDirs/human_MDM_DNA_H3K27Me3_Ctr_DMSO_F_d284_RK_I20221209.extra_8.tmp, /net/beegfs/scratch/kcarroll/Amsterdam_UMC_Klinische_Genetica_Internship/omnomnomics/HOMER_tagDirs/human_MDM_DNA_H3K27Me3_Ctr_DMSO_F_d284_RK_I20221209.filtered.HOMER_tagDir.tar.gz; Input files updated by another job: /net/beegfs/scratch/kcarroll/Amsterdam_UMC_Klinische_Genetica_Internship/omnomnomics/filtered_BAM/human_MDM_DNA_H3K27Me3_Ctr_DMSO_F_d284_RK_I20221209.filtered.bam, /net/beegfs/scratch/kcarroll/Amsterdam_UMC_Klinische_Genetica_Internship/omnomnomics/filtered_BAM/human_MDM_DNA_H3K27Me3_Ctr_DMSO_F_d284_RK_I20221209.filtered.bam.bai
    wildcards: sample=human_MDM_DNA_H3K27Me3_Ctr_DMSO_F_d284_RK_I20221209
    resources: mem_mb=4000, mem_mib=3815, disk_mb=6205, disk_mib=5918, tmpdir=<TBD>, partition=defq

Submitted job 3 with external jobid 'Submitted batch job 5350151'.
[Sun Jun 23 23:30:56 2024]
Finished job 12.
8 of 13 steps (62%) done
[Sun Jun 23 23:36:57 2024]
Finished job 3.
9 of 13 steps (69%) done
Select jobs to execute...

[Sun Jun 23 23:36:57 2024]
rule create_wiggles:
    input: /net/beegfs/scratch/kcarroll/Amsterdam_UMC_Klinische_Genetica_Internship/omnomnomics/HOMER_tagDirs/human_MDM_DNA_H3K27Me3_Ctr_DMSO_F_d284_RK_I20221209.filtered.HOMER_tagDir.tar.gz
    output: /net/beegfs/scratch/kcarroll/Amsterdam_UMC_Klinische_Genetica_Internship/omnomnomics/BigWigs/human_MDM_DNA_H3K27Me3_Ctr_DMSO_F_d284_RK_I20221209.extra_9.tmp
    jobid: 2
    benchmark: /net/beegfs/scratch/kcarroll/Amsterdam_UMC_Klinische_Genetica_Internship/omnomnomics/BigWigs/benchmarks/human_MDM_DNA_H3K27Me3_Ctr_DMSO_F_d284_RK_I20221209_create_wiggles_benchmark.tsv
    reason: Missing output files: /net/beegfs/scratch/kcarroll/Amsterdam_UMC_Klinische_Genetica_Internship/omnomnomics/BigWigs/human_MDM_DNA_H3K27Me3_Ctr_DMSO_F_d284_RK_I20221209.extra_9.tmp; Input files updated by another job: /net/beegfs/scratch/kcarroll/Amsterdam_UMC_Klinische_Genetica_Internship/omnomnomics/HOMER_tagDirs/human_MDM_DNA_H3K27Me3_Ctr_DMSO_F_d284_RK_I20221209.filtered.HOMER_tagDir.tar.gz
    wildcards: sample=human_MDM_DNA_H3K27Me3_Ctr_DMSO_F_d284_RK_I20221209
    resources: mem_mb=4000, mem_mib=3815, disk_mb=1000, disk_mib=954, tmpdir=<TBD>, partition=defq

Submitted job 2 with external jobid 'Submitted batch job 5350153'.

[Sun Jun 23 23:36:58 2024]
rule call_peaks:
    input: /net/beegfs/scratch/kcarroll/Amsterdam_UMC_Klinische_Genetica_Internship/omnomnomics/filtered_BAM/human_MDM_DNA_H3K27Me3_Ctr_DMSO_F_d284_RK_I20221209.filtered.bam, /net/beegfs/scratch/kcarroll/Amsterdam_UMC_Klinische_Genetica_Internship/omnomnomics/HOMER_tagDirs/human_MDM_DNA_H3K27Me3_Ctr_DMSO_F_d284_RK_I20221209.filtered.HOMER_tagDir.tar.gz, /net/beegfs/scratch/kcarroll/Amsterdam_UMC_Klinische_Genetica_Internship/omnomnomics/filtered_BAM/human_MDM_DNA_H3K27Me3_Ctr_DMSO_F_d284_RK_I20221209.filtered.bam, /net/beegfs/scratch/kcarroll/Amsterdam_UMC_Klinische_Genetica_Internship/omnomnomics/HOMER_tagDirs/human_MDM_DNA_H3K27Me3_Ctr_DMSO_F_d284_RK_I20221209.filtered.HOMER_tagDir.tar.gz
    output: /net/beegfs/scratch/kcarroll/Amsterdam_UMC_Klinische_Genetica_Internship/omnomnomics/peak_calling/extra_11.tmp
    jobid: 9
    benchmark: /net/beegfs/scratch/kcarroll/Amsterdam_UMC_Klinische_Genetica_Internship/omnomnomics/peak_calling/benchmarks/call_peaks_benchmark.tsv
    reason: Missing output files: /net/beegfs/scratch/kcarroll/Amsterdam_UMC_Klinische_Genetica_Internship/omnomnomics/peak_calling/extra_11.tmp; Input files updated by another job: /net/beegfs/scratch/kcarroll/Amsterdam_UMC_Klinische_Genetica_Internship/omnomnomics/HOMER_tagDirs/human_MDM_DNA_H3K27Me3_Ctr_DMSO_F_d284_RK_I20221209.filtered.HOMER_tagDir.tar.gz, /net/beegfs/scratch/kcarroll/Amsterdam_UMC_Klinische_Genetica_Internship/omnomnomics/filtered_BAM/human_MDM_DNA_H3K27Me3_Ctr_DMSO_F_d284_RK_I20221209.filtered.bam
    threads: 128
    resources: mem_mb=512000, mem_mib=488282, disk_mb=12971, disk_mib=12371, tmpdir=<TBD>, partition=defq

Submitted job 9 with external jobid 'Submitted batch job 5350154'.
[Sun Jun 23 23:38:18 2024]
Finished job 2.
10 of 13 steps (77%) done
Select jobs to execute...

[Sun Jun 23 23:38:18 2024]
rule merge_wiggles:
    input: /net/beegfs/scratch/kcarroll/Amsterdam_UMC_Klinische_Genetica_Internship/omnomnomics/BigWigs/human_MDM_DNA_H3K27Me3_Ctr_DMSO_F_d284_RK_I20221209.extra_9.tmp, /net/beegfs/scratch/kcarroll/Amsterdam_UMC_Klinische_Genetica_Internship/omnomnomics/BigWigs/human_MDM_DNA_H3K27Me3_Ctr_DMSO_F_d284_RK_I20221209.extra_9.tmp
    output: /net/beegfs/scratch/kcarroll/Amsterdam_UMC_Klinische_Genetica_Internship/omnomnomics/merged_hubs/extra_10.tmp
    jobid: 1
    benchmark: /net/beegfs/scratch/kcarroll/Amsterdam_UMC_Klinische_Genetica_Internship/omnomnomics/merged_hubs/benchmarks/merge_wiggles_benchmark.tsv
    reason: Missing output files: /net/beegfs/scratch/kcarroll/Amsterdam_UMC_Klinische_Genetica_Internship/omnomnomics/merged_hubs/extra_10.tmp; Input files updated by another job: /net/beegfs/scratch/kcarroll/Amsterdam_UMC_Klinische_Genetica_Internship/omnomnomics/BigWigs/human_MDM_DNA_H3K27Me3_Ctr_DMSO_F_d284_RK_I20221209.extra_9.tmp
    threads: 128
    resources: mem_mb=512000, mem_mib=488282, disk_mb=1000, disk_mib=954, tmpdir=<TBD>, partition=defq

Submitted job 1 with external jobid 'Submitted batch job 5350155'.
[Sun Jun 23 23:38:28 2024]
Finished job 1.
11 of 13 steps (85%) done
[Sun Jun 23 23:51:04 2024]
Finished job 9.
12 of 13 steps (92%) done
Select jobs to execute...

[Sun Jun 23 23:51:04 2024]
localrule all:
    input: /net/beegfs/scratch/kcarroll/Amsterdam_UMC_Klinische_Genetica_Internship/omnomnomics/trimmed_FASTQ/human_MDM_DNA_H3K27Me3_Ctr_DMSO_F_d284_RK_I20221209_L002_R1.trimmed.fastq.gz, /net/beegfs/scratch/kcarroll/Amsterdam_UMC_Klinische_Genetica_Internship/omnomnomics/trimmed_FASTQ/human_MDM_DNA_H3K27Me3_Ctr_DMSO_F_d284_RK_I20221209_L002_R2.trimmed.fastq.gz, /net/beegfs/scratch/kcarroll/Amsterdam_UMC_Klinische_Genetica_Internship/omnomnomics/fastqc_reports/human_MDM_DNA_H3K27Me3_Ctr_DMSO_F_d284_RK_I20221209_L002_R1.trimmed_fastqc.html, /net/beegfs/scratch/kcarroll/Amsterdam_UMC_Klinische_Genetica_Internship/omnomnomics/fastqc_reports/human_MDM_DNA_H3K27Me3_Ctr_DMSO_F_d284_RK_I20221209_L002_R2.trimmed_fastqc.html, /net/beegfs/scratch/kcarroll/Amsterdam_UMC_Klinische_Genetica_Internship/omnomnomics/fastqc_reports/human_MDM_DNA_H3K27Me3_Ctr_DMSO_F_d284_RK_I20221209_L002_R1.trimmed_fastqc.zip, /net/beegfs/scratch/kcarroll/Amsterdam_UMC_Klinische_Genetica_Internship/omnomnomics/fastqc_reports/human_MDM_DNA_H3K27Me3_Ctr_DMSO_F_d284_RK_I20221209_L002_R2.trimmed_fastqc.zip, /net/beegfs/scratch/kcarroll/Amsterdam_UMC_Klinische_Genetica_Internship/omnomnomics/BAM/human_MDM_DNA_H3K27Me3_Ctr_DMSO_F_d284_RK_I20221209_L002.bam, /net/beegfs/scratch/kcarroll/Amsterdam_UMC_Klinische_Genetica_Internship/omnomnomics/BAM/human_MDM_DNA_H3K27Me3_Ctr_DMSO_F_d284_RK_I20221209_L002.extra_3.tmp, /net/beegfs/scratch/kcarroll/Amsterdam_UMC_Klinische_Genetica_Internship/omnomnomics/BAM/human_MDM_DNA_H3K27Me3_Ctr_DMSO_F_d284_RK_I20221209_L002.HISAT2_stats.txt, /net/beegfs/scratch/kcarroll/Amsterdam_UMC_Klinische_Genetica_Internship/omnomnomics/BAM/human_MDM_DNA_H3K27Me3_Ctr_DMSO_F_d284_RK_I20221209.bam, /net/beegfs/scratch/kcarroll/Amsterdam_UMC_Klinische_Genetica_Internship/omnomnomics/BAM/human_MDM_DNA_H3K27Me3_Ctr_DMSO_F_d284_RK_I20221209.bam, /net/beegfs/scratch/kcarroll/Amsterdam_UMC_Klinische_Genetica_Internship/omnomnomics/BAM/human_MDM_DNA_H3K27Me3_Ctr_DMSO_F_d284_RK_I20221209.extra_4.tmp, /net/beegfs/scratch/kcarroll/Amsterdam_UMC_Klinische_Genetica_Internship/omnomnomics/BAM/human_MDM_DNA_H3K27Me3_Ctr_DMSO_F_d284_RK_I20221209.extra_4.tmp, /net/beegfs/scratch/kcarroll/Amsterdam_UMC_Klinische_Genetica_Internship/omnomnomics/filtered_BAM/human_MDM_DNA_H3K27Me3_Ctr_DMSO_F_d284_RK_I20221209.filtered.bam, /net/beegfs/scratch/kcarroll/Amsterdam_UMC_Klinische_Genetica_Internship/omnomnomics/filtered_BAM/human_MDM_DNA_H3K27Me3_Ctr_DMSO_F_d284_RK_I20221209.filtered.bam, /net/beegfs/scratch/kcarroll/Amsterdam_UMC_Klinische_Genetica_Internship/omnomnomics/filtered_BAM/human_MDM_DNA_H3K27Me3_Ctr_DMSO_F_d284_RK_I20221209.extra_5.tmp, /net/beegfs/scratch/kcarroll/Amsterdam_UMC_Klinische_Genetica_Internship/omnomnomics/filtered_BAM/human_MDM_DNA_H3K27Me3_Ctr_DMSO_F_d284_RK_I20221209.extra_5.tmp, /net/beegfs/scratch/kcarroll/Amsterdam_UMC_Klinische_Genetica_Internship/omnomnomics/filtered_BAM/human_MDM_DNA_H3K27Me3_Ctr_DMSO_F_d284_RK_I20221209.filtered.bam.bai, /net/beegfs/scratch/kcarroll/Amsterdam_UMC_Klinische_Genetica_Internship/omnomnomics/filtered_BAM/human_MDM_DNA_H3K27Me3_Ctr_DMSO_F_d284_RK_I20221209.filtered.bam.bai, /net/beegfs/scratch/kcarroll/Amsterdam_UMC_Klinische_Genetica_Internship/omnomnomics/filtered_BAM/human_MDM_DNA_H3K27Me3_Ctr_DMSO_F_d284_RK_I20221209.filtered.bam.stats.txt, /net/beegfs/scratch/kcarroll/Amsterdam_UMC_Klinische_Genetica_Internship/omnomnomics/filtered_BAM/human_MDM_DNA_H3K27Me3_Ctr_DMSO_F_d284_RK_I20221209.filtered.bam.stats.txt, /net/beegfs/scratch/kcarroll/Amsterdam_UMC_Klinische_Genetica_Internship/omnomnomics/HOMER_tagDirs/human_MDM_DNA_H3K27Me3_Ctr_DMSO_F_d284_RK_I20221209.filtered.HOMER_tagDir.tar.gz, /net/beegfs/scratch/kcarroll/Amsterdam_UMC_Klinische_Genetica_Internship/omnomnomics/HOMER_tagDirs/human_MDM_DNA_H3K27Me3_Ctr_DMSO_F_d284_RK_I20221209.filtered.HOMER_tagDir.tar.gz, /net/beegfs/scratch/kcarroll/Amsterdam_UMC_Klinische_Genetica_Internship/omnomnomics/HOMER_tagDirs/human_MDM_DNA_H3K27Me3_Ctr_DMSO_F_d284_RK_I20221209.extra_8.tmp, /net/beegfs/scratch/kcarroll/Amsterdam_UMC_Klinische_Genetica_Internship/omnomnomics/HOMER_tagDirs/human_MDM_DNA_H3K27Me3_Ctr_DMSO_F_d284_RK_I20221209.extra_8.tmp, /net/beegfs/scratch/kcarroll/Amsterdam_UMC_Klinische_Genetica_Internship/omnomnomics/BigWigs/human_MDM_DNA_H3K27Me3_Ctr_DMSO_F_d284_RK_I20221209.extra_9.tmp, /net/beegfs/scratch/kcarroll/Amsterdam_UMC_Klinische_Genetica_Internship/omnomnomics/BigWigs/human_MDM_DNA_H3K27Me3_Ctr_DMSO_F_d284_RK_I20221209.extra_9.tmp, /net/beegfs/scratch/kcarroll/Amsterdam_UMC_Klinische_Genetica_Internship/omnomnomics/merged_hubs/extra_10.tmp, /net/beegfs/scratch/kcarroll/Amsterdam_UMC_Klinische_Genetica_Internship/omnomnomics/peak_calling/extra_11.tmp, /net/beegfs/scratch/kcarroll/Amsterdam_UMC_Klinische_Genetica_Internship/omnomnomics/DE_calling/extra_12.tmp
    jobid: 10
    reason: Input files updated by another job: /net/beegfs/scratch/kcarroll/Amsterdam_UMC_Klinische_Genetica_Internship/omnomnomics/BAM/human_MDM_DNA_H3K27Me3_Ctr_DMSO_F_d284_RK_I20221209.bam, /net/beegfs/scratch/kcarroll/Amsterdam_UMC_Klinische_Genetica_Internship/omnomnomics/BAM/human_MDM_DNA_H3K27Me3_Ctr_DMSO_F_d284_RK_I20221209.extra_4.tmp, /net/beegfs/scratch/kcarroll/Amsterdam_UMC_Klinische_Genetica_Internship/omnomnomics/merged_hubs/extra_10.tmp, /net/beegfs/scratch/kcarroll/Amsterdam_UMC_Klinische_Genetica_Internship/omnomnomics/DE_calling/extra_12.tmp, /net/beegfs/scratch/kcarroll/Amsterdam_UMC_Klinische_Genetica_Internship/omnomnomics/BigWigs/human_MDM_DNA_H3K27Me3_Ctr_DMSO_F_d284_RK_I20221209.extra_9.tmp, /net/beegfs/scratch/kcarroll/Amsterdam_UMC_Klinische_Genetica_Internship/omnomnomics/filtered_BAM/human_MDM_DNA_H3K27Me3_Ctr_DMSO_F_d284_RK_I20221209.filtered.bam.stats.txt, /net/beegfs/scratch/kcarroll/Amsterdam_UMC_Klinische_Genetica_Internship/omnomnomics/peak_calling/extra_11.tmp, /net/beegfs/scratch/kcarroll/Amsterdam_UMC_Klinische_Genetica_Internship/omnomnomics/BAM/human_MDM_DNA_H3K27Me3_Ctr_DMSO_F_d284_RK_I20221209_L002.extra_3.tmp, /net/beegfs/scratch/kcarroll/Amsterdam_UMC_Klinische_Genetica_Internship/omnomnomics/fastqc_reports/human_MDM_DNA_H3K27Me3_Ctr_DMSO_F_d284_RK_I20221209_L002_R2.trimmed_fastqc.html, /net/beegfs/scratch/kcarroll/Amsterdam_UMC_Klinische_Genetica_Internship/omnomnomics/BAM/human_MDM_DNA_H3K27Me3_Ctr_DMSO_F_d284_RK_I20221209_L002.HISAT2_stats.txt, /net/beegfs/scratch/kcarroll/Amsterdam_UMC_Klinische_Genetica_Internship/omnomnomics/fastqc_reports/human_MDM_DNA_H3K27Me3_Ctr_DMSO_F_d284_RK_I20221209_L002_R2.trimmed_fastqc.zip, /net/beegfs/scratch/kcarroll/Amsterdam_UMC_Klinische_Genetica_Internship/omnomnomics/fastqc_reports/human_MDM_DNA_H3K27Me3_Ctr_DMSO_F_d284_RK_I20221209_L002_R1.trimmed_fastqc.html, /net/beegfs/scratch/kcarroll/Amsterdam_UMC_Klinische_Genetica_Internship/omnomnomics/filtered_BAM/human_MDM_DNA_H3K27Me3_Ctr_DMSO_F_d284_RK_I20221209.filtered.bam.bai, /net/beegfs/scratch/kcarroll/Amsterdam_UMC_Klinische_Genetica_Internship/omnomnomics/trimmed_FASTQ/human_MDM_DNA_H3K27Me3_Ctr_DMSO_F_d284_RK_I20221209_L002_R2.trimmed.fastq.gz, /net/beegfs/scratch/kcarroll/Amsterdam_UMC_Klinische_Genetica_Internship/omnomnomics/HOMER_tagDirs/human_MDM_DNA_H3K27Me3_Ctr_DMSO_F_d284_RK_I20221209.extra_8.tmp, /net/beegfs/scratch/kcarroll/Amsterdam_UMC_Klinische_Genetica_Internship/omnomnomics/trimmed_FASTQ/human_MDM_DNA_H3K27Me3_Ctr_DMSO_F_d284_RK_I20221209_L002_R1.trimmed.fastq.gz, /net/beegfs/scratch/kcarroll/Amsterdam_UMC_Klinische_Genetica_Internship/omnomnomics/fastqc_reports/human_MDM_DNA_H3K27Me3_Ctr_DMSO_F_d284_RK_I20221209_L002_R1.trimmed_fastqc.zip, /net/beegfs/scratch/kcarroll/Amsterdam_UMC_Klinische_Genetica_Internship/omnomnomics/filtered_BAM/human_MDM_DNA_H3K27Me3_Ctr_DMSO_F_d284_RK_I20221209.filtered.bam, /net/beegfs/scratch/kcarroll/Amsterdam_UMC_Klinische_Genetica_Internship/omnomnomics/HOMER_tagDirs/human_MDM_DNA_H3K27Me3_Ctr_DMSO_F_d284_RK_I20221209.filtered.HOMER_tagDir.tar.gz, /net/beegfs/scratch/kcarroll/Amsterdam_UMC_Klinische_Genetica_Internship/omnomnomics/BAM/human_MDM_DNA_H3K27Me3_Ctr_DMSO_F_d284_RK_I20221209_L002.bam, /net/beegfs/scratch/kcarroll/Amsterdam_UMC_Klinische_Genetica_Internship/omnomnomics/filtered_BAM/human_MDM_DNA_H3K27Me3_Ctr_DMSO_F_d284_RK_I20221209.extra_5.tmp
    resources: mem_mb=<TBD>, disk_mb=<TBD>, tmpdir=/tmp, partition=defq

Waiting at most 5 seconds for missing files.
