Config file /net/beegfs/scratch/kcarroll/Amsterdam_UMC_Klinische_Genetica_Internship/omnomnomics/omnomnomics.run.2024-06-14.config.yaml is extended by additional config specified via the command line.
Building DAG of jobs...
Using shell: /usr/bin/bash
Provided cluster nodes: 1000
Job stats:
job          count    min threads    max threads
---------  -------  -------------  -------------
all              1              1              1
index_bam        1            128            128
total            2              1            128

Select jobs to execute...

[Fri Jun 14 12:22:55 2024]
rule index_bam:
    input: filtered_BAM/mouse_F_ldlr_PlaqueMacrophages_RNA_2301_DMSO_poolA_RK_I20231020.sorted.dups_marked.filtered.bam
    output: filtered_BAM/mouse_F_ldlr_PlaqueMacrophages_RNA_2301_DMSO_poolA_RK_I20231020.sorted.dups_marked.filtered.bam.bai
    jobid: 1
    reason: Forced execution
    wildcards: sample=mouse_F_ldlr_PlaqueMacrophages_RNA_2301_DMSO_poolA_RK_I20231020
    threads: 128
    resources: mem_mb=512000, mem_mib=488282, disk_mb=1000, disk_mib=954, tmpdir=<TBD>

Submitted job 1 with external jobid 'Submitted batch job 5330067'.
[Fri Jun 14 12:23:05 2024]
Finished job 1.
1 of 2 steps (50%) done
Select jobs to execute...

[Fri Jun 14 12:23:05 2024]
localrule all:
    input: filtered_BAM/mouse_F_ldlr_PlaqueMacrophages_RNA_2301_DMSO_poolA_RK_I20231020.sorted.dups_marked.filtered.bam.bai
    jobid: 0
    reason: Input files updated by another job: filtered_BAM/mouse_F_ldlr_PlaqueMacrophages_RNA_2301_DMSO_poolA_RK_I20231020.sorted.dups_marked.filtered.bam.bai
    resources: mem_mb=1000, mem_mib=954, disk_mb=1000, disk_mib=954, tmpdir=/tmp

[Fri Jun 14 12:23:05 2024]
Finished job 0.
2 of 2 steps (100%) done
Complete log: ../.snakemake/log/2024-06-14T122252.670404.snakemake.log
