Config file /net/beegfs/scratch/kcarroll/Amsterdam_UMC_Klinische_Genetica_Internship/omnomnomics/run_configs/omnomnomics.run.2024-06-24.config.yaml is extended by additional config specified via the command line.
Building DAG of jobs...
Using shell: /usr/bin/bash
Provided cluster nodes: 1000
Job stats:
job                    count    min threads    max threads
-------------------  -------  -------------  -------------
all                        1              1              1
bam_stats                  2              1              1
call_peaks                 1            128            128
count_reads                1            128            128
create_homer_tagDir        2              1              1
create_wiggles             2              1              1
index_bam                  2              1              1
merge_bam                  2            128            128
merge_wiggles              1            128            128
run_hisat2                 2            128            128
touchup_bam                2            128            128
total                     18              1            128

Select jobs to execute...

[Mon Jun 24 09:51:51 2024]
rule run_hisat2:
    input: /net/beegfs/scratch/kcarroll/Amsterdam_UMC_Klinische_Genetica_Internship/omnomnomics/trimmed_FASTQ/mouse_F_ldlr_PlaqueMacrophages_RNA_2301_DMSO_poolB_RK_I20231020_L004_R1.trimmed.fastq.gz, /net/beegfs/scratch/kcarroll/Amsterdam_UMC_Klinische_Genetica_Internship/omnomnomics/trimmed_FASTQ/mouse_F_ldlr_PlaqueMacrophages_RNA_2301_DMSO_poolB_RK_I20231020_L004_R2.trimmed.fastq.gz
    output: /net/beegfs/scratch/kcarroll/Amsterdam_UMC_Klinische_Genetica_Internship/omnomnomics/BAM/mouse_F_ldlr_PlaqueMacrophages_RNA_2301_DMSO_poolB_RK_I20231020_L004.bam, /net/beegfs/scratch/kcarroll/Amsterdam_UMC_Klinische_Genetica_Internship/omnomnomics/BAM/mouse_F_ldlr_PlaqueMacrophages_RNA_2301_DMSO_poolB_RK_I20231020_L004.HISAT2_stats.txt, /net/beegfs/scratch/kcarroll/Amsterdam_UMC_Klinische_Genetica_Internship/omnomnomics/BAM/mouse_F_ldlr_PlaqueMacrophages_RNA_2301_DMSO_poolB_RK_I20231020_L004.extra_3.tmp
    jobid: 1
    benchmark: /net/beegfs/scratch/kcarroll/Amsterdam_UMC_Klinische_Genetica_Internship/omnomnomics/BAM/benchmarks/mouse_F_ldlr_PlaqueMacrophages_RNA_2301_DMSO_poolB_RK_I20231020_L004_hisat2_benchmark.tsv
    reason: Forced execution
    wildcards: sample1=mouse_F_ldlr_PlaqueMacrophages_RNA_2301_DMSO_poolB_RK_I20231020_L004
    threads: 128
    resources: mem_mb=512000, mem_mib=488282, disk_mb=5129, disk_mib=4892, tmpdir=<TBD>, partition=defq

Submitted job 1 with external jobid 'Submitted batch job 5350184'.

[Mon Jun 24 09:51:51 2024]
rule call_peaks:
    output: /net/beegfs/scratch/kcarroll/Amsterdam_UMC_Klinische_Genetica_Internship/omnomnomics/peak_calling/extra_11.tmp
    jobid: 18
    benchmark: /net/beegfs/scratch/kcarroll/Amsterdam_UMC_Klinische_Genetica_Internship/omnomnomics/peak_calling/benchmarks/call_peaks_benchmark.tsv
    reason: Forced execution
    threads: 128
    resources: mem_mb=512000, mem_mib=488282, disk_mb=1000, disk_mib=954, tmpdir=<TBD>, partition=defq

Submitted job 18 with external jobid 'Submitted batch job 5350185'.

[Mon Jun 24 09:51:51 2024]
rule run_hisat2:
    input: /net/beegfs/scratch/kcarroll/Amsterdam_UMC_Klinische_Genetica_Internship/omnomnomics/trimmed_FASTQ/mouse_F_ldlr_PlaqueMacrophages_RNA_2301_DMSO_poolA_RK_I20231020_L004_R1.trimmed.fastq.gz, /net/beegfs/scratch/kcarroll/Amsterdam_UMC_Klinische_Genetica_Internship/omnomnomics/trimmed_FASTQ/mouse_F_ldlr_PlaqueMacrophages_RNA_2301_DMSO_poolA_RK_I20231020_L004_R2.trimmed.fastq.gz
    output: /net/beegfs/scratch/kcarroll/Amsterdam_UMC_Klinische_Genetica_Internship/omnomnomics/BAM/mouse_F_ldlr_PlaqueMacrophages_RNA_2301_DMSO_poolA_RK_I20231020_L004.bam, /net/beegfs/scratch/kcarroll/Amsterdam_UMC_Klinische_Genetica_Internship/omnomnomics/BAM/mouse_F_ldlr_PlaqueMacrophages_RNA_2301_DMSO_poolA_RK_I20231020_L004.HISAT2_stats.txt, /net/beegfs/scratch/kcarroll/Amsterdam_UMC_Klinische_Genetica_Internship/omnomnomics/BAM/mouse_F_ldlr_PlaqueMacrophages_RNA_2301_DMSO_poolA_RK_I20231020_L004.extra_3.tmp
    jobid: 3
    benchmark: /net/beegfs/scratch/kcarroll/Amsterdam_UMC_Klinische_Genetica_Internship/omnomnomics/BAM/benchmarks/mouse_F_ldlr_PlaqueMacrophages_RNA_2301_DMSO_poolA_RK_I20231020_L004_hisat2_benchmark.tsv
    reason: Forced execution
    wildcards: sample1=mouse_F_ldlr_PlaqueMacrophages_RNA_2301_DMSO_poolA_RK_I20231020_L004
    threads: 128
    resources: mem_mb=512000, mem_mib=488282, disk_mb=4815, disk_mib=4592, tmpdir=<TBD>, partition=defq

Submitted job 3 with external jobid 'Submitted batch job 5350186'.
[Mon Jun 24 09:52:01 2024]
Finished job 18.
1 of 18 steps (6%) done
[Mon Jun 24 10:07:00 2024]
Finished job 3.
2 of 18 steps (11%) done
[Mon Jun 24 10:07:05 2024]
Finished job 1.
3 of 18 steps (17%) done
Select jobs to execute...

[Mon Jun 24 10:07:05 2024]
rule merge_bam:
    input: /net/beegfs/scratch/kcarroll/Amsterdam_UMC_Klinische_Genetica_Internship/omnomnomics/BAM/mouse_F_ldlr_PlaqueMacrophages_RNA_2301_DMSO_poolB_RK_I20231020_L004.extra_3.tmp, /net/beegfs/scratch/kcarroll/Amsterdam_UMC_Klinische_Genetica_Internship/omnomnomics/BAM/mouse_F_ldlr_PlaqueMacrophages_RNA_2301_DMSO_poolA_RK_I20231020_L004.extra_3.tmp
    output: /net/beegfs/scratch/kcarroll/Amsterdam_UMC_Klinische_Genetica_Internship/omnomnomics/BAM/mouse_F_ldlr_PlaqueMacrophages_RNA_2301_DMSO_poolA_RK_I20231020.bam, /net/beegfs/scratch/kcarroll/Amsterdam_UMC_Klinische_Genetica_Internship/omnomnomics/BAM/mouse_F_ldlr_PlaqueMacrophages_RNA_2301_DMSO_poolA_RK_I20231020.extra_4.tmp
    jobid: 6
    benchmark: /net/beegfs/scratch/kcarroll/Amsterdam_UMC_Klinische_Genetica_Internship/omnomnomics/BAM/benchmarks/mouse_F_ldlr_PlaqueMacrophages_RNA_2301_DMSO_poolA_RK_I20231020_mergebam_benchmark.tsv
    reason: Missing output files: /net/beegfs/scratch/kcarroll/Amsterdam_UMC_Klinische_Genetica_Internship/omnomnomics/BAM/mouse_F_ldlr_PlaqueMacrophages_RNA_2301_DMSO_poolA_RK_I20231020.bam, /net/beegfs/scratch/kcarroll/Amsterdam_UMC_Klinische_Genetica_Internship/omnomnomics/BAM/mouse_F_ldlr_PlaqueMacrophages_RNA_2301_DMSO_poolA_RK_I20231020.extra_4.tmp; Input files updated by another job: /net/beegfs/scratch/kcarroll/Amsterdam_UMC_Klinische_Genetica_Internship/omnomnomics/BAM/mouse_F_ldlr_PlaqueMacrophages_RNA_2301_DMSO_poolB_RK_I20231020_L004.extra_3.tmp, /net/beegfs/scratch/kcarroll/Amsterdam_UMC_Klinische_Genetica_Internship/omnomnomics/BAM/mouse_F_ldlr_PlaqueMacrophages_RNA_2301_DMSO_poolA_RK_I20231020_L004.extra_3.tmp
    wildcards: sample=mouse_F_ldlr_PlaqueMacrophages_RNA_2301_DMSO_poolA_RK_I20231020
    threads: 128
    resources: mem_mb=512000, mem_mib=488282, disk_mb=1000, disk_mib=954, tmpdir=<TBD>, partition=defq

Submitted job 6 with external jobid 'Submitted batch job 5350197'.

[Mon Jun 24 10:07:06 2024]
rule merge_bam:
    input: /net/beegfs/scratch/kcarroll/Amsterdam_UMC_Klinische_Genetica_Internship/omnomnomics/BAM/mouse_F_ldlr_PlaqueMacrophages_RNA_2301_DMSO_poolB_RK_I20231020_L004.extra_3.tmp, /net/beegfs/scratch/kcarroll/Amsterdam_UMC_Klinische_Genetica_Internship/omnomnomics/BAM/mouse_F_ldlr_PlaqueMacrophages_RNA_2301_DMSO_poolA_RK_I20231020_L004.extra_3.tmp
    output: /net/beegfs/scratch/kcarroll/Amsterdam_UMC_Klinische_Genetica_Internship/omnomnomics/BAM/mouse_F_ldlr_PlaqueMacrophages_RNA_2301_DMSO_poolB_RK_I20231020.bam, /net/beegfs/scratch/kcarroll/Amsterdam_UMC_Klinische_Genetica_Internship/omnomnomics/BAM/mouse_F_ldlr_PlaqueMacrophages_RNA_2301_DMSO_poolB_RK_I20231020.extra_4.tmp
    jobid: 5
    benchmark: /net/beegfs/scratch/kcarroll/Amsterdam_UMC_Klinische_Genetica_Internship/omnomnomics/BAM/benchmarks/mouse_F_ldlr_PlaqueMacrophages_RNA_2301_DMSO_poolB_RK_I20231020_mergebam_benchmark.tsv
    reason: Missing output files: /net/beegfs/scratch/kcarroll/Amsterdam_UMC_Klinische_Genetica_Internship/omnomnomics/BAM/mouse_F_ldlr_PlaqueMacrophages_RNA_2301_DMSO_poolB_RK_I20231020.extra_4.tmp, /net/beegfs/scratch/kcarroll/Amsterdam_UMC_Klinische_Genetica_Internship/omnomnomics/BAM/mouse_F_ldlr_PlaqueMacrophages_RNA_2301_DMSO_poolB_RK_I20231020.bam; Input files updated by another job: /net/beegfs/scratch/kcarroll/Amsterdam_UMC_Klinische_Genetica_Internship/omnomnomics/BAM/mouse_F_ldlr_PlaqueMacrophages_RNA_2301_DMSO_poolB_RK_I20231020_L004.extra_3.tmp, /net/beegfs/scratch/kcarroll/Amsterdam_UMC_Klinische_Genetica_Internship/omnomnomics/BAM/mouse_F_ldlr_PlaqueMacrophages_RNA_2301_DMSO_poolA_RK_I20231020_L004.extra_3.tmp
    wildcards: sample=mouse_F_ldlr_PlaqueMacrophages_RNA_2301_DMSO_poolB_RK_I20231020
    threads: 128
    resources: mem_mb=512000, mem_mib=488282, disk_mb=1000, disk_mib=954, tmpdir=<TBD>, partition=defq

Submitted job 5 with external jobid 'Submitted batch job 5350198'.
[Mon Jun 24 10:07:15 2024]
Error in rule merge_bam:
    jobid: 6
    input: /net/beegfs/scratch/kcarroll/Amsterdam_UMC_Klinische_Genetica_Internship/omnomnomics/BAM/mouse_F_ldlr_PlaqueMacrophages_RNA_2301_DMSO_poolB_RK_I20231020_L004.extra_3.tmp, /net/beegfs/scratch/kcarroll/Amsterdam_UMC_Klinische_Genetica_Internship/omnomnomics/BAM/mouse_F_ldlr_PlaqueMacrophages_RNA_2301_DMSO_poolA_RK_I20231020_L004.extra_3.tmp
    output: /net/beegfs/scratch/kcarroll/Amsterdam_UMC_Klinische_Genetica_Internship/omnomnomics/BAM/mouse_F_ldlr_PlaqueMacrophages_RNA_2301_DMSO_poolA_RK_I20231020.bam, /net/beegfs/scratch/kcarroll/Amsterdam_UMC_Klinische_Genetica_Internship/omnomnomics/BAM/mouse_F_ldlr_PlaqueMacrophages_RNA_2301_DMSO_poolA_RK_I20231020.extra_4.tmp
    cluster_jobid: Submitted batch job 5350197

Error executing rule merge_bam on cluster (jobid: 6, external: Submitted batch job 5350197, jobscript: /net/beegfs/scratch/kcarroll/Amsterdam_UMC_Klinische_Genetica_Internship/omnomnomics/.snakemake/tmp.ijhyw0ay/snakejob.merge_bam.6.sh). For error details see the cluster log and the log files of the involved rule(s).
[Mon Jun 24 10:07:15 2024]
Finished job 5.
4 of 18 steps (22%) done
Select jobs to execute...

[Mon Jun 24 10:07:15 2024]
rule touchup_bam:
    input: /net/beegfs/scratch/kcarroll/Amsterdam_UMC_Klinische_Genetica_Internship/omnomnomics/BAM/mouse_F_ldlr_PlaqueMacrophages_RNA_2301_DMSO_poolB_RK_I20231020.bam, /net/beegfs/scratch/kcarroll/Amsterdam_UMC_Klinische_Genetica_Internship/omnomnomics/BAM/mouse_F_ldlr_PlaqueMacrophages_RNA_2301_DMSO_poolB_RK_I20231020.extra_4.tmp
    output: /net/beegfs/scratch/kcarroll/Amsterdam_UMC_Klinische_Genetica_Internship/omnomnomics/filtered_BAM/mouse_F_ldlr_PlaqueMacrophages_RNA_2301_DMSO_poolB_RK_I20231020.sorted.dups_marked.filtered.bam, /net/beegfs/scratch/kcarroll/Amsterdam_UMC_Klinische_Genetica_Internship/omnomnomics/filtered_BAM/mouse_F_ldlr_PlaqueMacrophages_RNA_2301_DMSO_poolB_RK_I20231020.extra_5.tmp
    jobid: 7
    benchmark: /net/beegfs/scratch/kcarroll/Amsterdam_UMC_Klinische_Genetica_Internship/omnomnomics/filtered_BAM/benchmarks/mouse_F_ldlr_PlaqueMacrophages_RNA_2301_DMSO_poolB_RK_I20231020_touchupbam_benchmark.tsv
    reason: Missing output files: /net/beegfs/scratch/kcarroll/Amsterdam_UMC_Klinische_Genetica_Internship/omnomnomics/filtered_BAM/mouse_F_ldlr_PlaqueMacrophages_RNA_2301_DMSO_poolB_RK_I20231020.sorted.dups_marked.filtered.bam; Input files updated by another job: /net/beegfs/scratch/kcarroll/Amsterdam_UMC_Klinische_Genetica_Internship/omnomnomics/BAM/mouse_F_ldlr_PlaqueMacrophages_RNA_2301_DMSO_poolB_RK_I20231020.extra_4.tmp, /net/beegfs/scratch/kcarroll/Amsterdam_UMC_Klinische_Genetica_Internship/omnomnomics/BAM/mouse_F_ldlr_PlaqueMacrophages_RNA_2301_DMSO_poolB_RK_I20231020.bam
    wildcards: sample2=mouse_F_ldlr_PlaqueMacrophages_RNA_2301_DMSO_poolB_RK_I20231020
    threads: 128
    resources: mem_mb=512000, mem_mib=488282, disk_mb=5839, disk_mib=5569, tmpdir=<TBD>, partition=defq

Submitted job 7 with external jobid 'Submitted batch job 5350199'.
[Mon Jun 24 10:09:36 2024]
Finished job 7.
5 of 18 steps (28%) done
Select jobs to execute...

[Mon Jun 24 10:09:36 2024]
rule index_bam:
    input: /net/beegfs/scratch/kcarroll/Amsterdam_UMC_Klinische_Genetica_Internship/omnomnomics/filtered_BAM/mouse_F_ldlr_PlaqueMacrophages_RNA_2301_DMSO_poolB_RK_I20231020.sorted.dups_marked.filtered.bam
    output: /net/beegfs/scratch/kcarroll/Amsterdam_UMC_Klinische_Genetica_Internship/omnomnomics/filtered_BAM/mouse_F_ldlr_PlaqueMacrophages_RNA_2301_DMSO_poolB_RK_I20231020.sorted.dups_marked.filtered.bam.bai
    jobid: 9
    benchmark: /net/beegfs/scratch/kcarroll/Amsterdam_UMC_Klinische_Genetica_Internship/omnomnomics/filtered_BAM/benchmarks/mouse_F_ldlr_PlaqueMacrophages_RNA_2301_DMSO_poolB_RK_I20231020_bamindex_benchmark.tsv
    reason: Missing output files: /net/beegfs/scratch/kcarroll/Amsterdam_UMC_Klinische_Genetica_Internship/omnomnomics/filtered_BAM/mouse_F_ldlr_PlaqueMacrophages_RNA_2301_DMSO_poolB_RK_I20231020.sorted.dups_marked.filtered.bam.bai; Input files updated by another job: /net/beegfs/scratch/kcarroll/Amsterdam_UMC_Klinische_Genetica_Internship/omnomnomics/filtered_BAM/mouse_F_ldlr_PlaqueMacrophages_RNA_2301_DMSO_poolB_RK_I20231020.sorted.dups_marked.filtered.bam
    wildcards: sample=mouse_F_ldlr_PlaqueMacrophages_RNA_2301_DMSO_poolB_RK_I20231020
    resources: mem_mb=4000, mem_mib=3815, disk_mb=1000, disk_mib=954, tmpdir=<TBD>, partition=defq

Submitted job 9 with external jobid 'Submitted batch job 5350200'.
[Mon Jun 24 10:09:46 2024]
Finished job 9.
6 of 18 steps (33%) done
Select jobs to execute...

[Mon Jun 24 10:09:46 2024]
rule create_homer_tagDir:
    input: /net/beegfs/scratch/kcarroll/Amsterdam_UMC_Klinische_Genetica_Internship/omnomnomics/filtered_BAM/mouse_F_ldlr_PlaqueMacrophages_RNA_2301_DMSO_poolB_RK_I20231020.sorted.dups_marked.filtered.bam, /net/beegfs/scratch/kcarroll/Amsterdam_UMC_Klinische_Genetica_Internship/omnomnomics/filtered_BAM/mouse_F_ldlr_PlaqueMacrophages_RNA_2301_DMSO_poolB_RK_I20231020.sorted.dups_marked.filtered.bam.bai
    output: /net/beegfs/scratch/kcarroll/Amsterdam_UMC_Klinische_Genetica_Internship/omnomnomics/HOMER_tagDirs/mouse_F_ldlr_PlaqueMacrophages_RNA_2301_DMSO_poolB_RK_I20231020.sorted.dups_marked.filtered.HOMER_tagDir.tar.gz, /net/beegfs/scratch/kcarroll/Amsterdam_UMC_Klinische_Genetica_Internship/omnomnomics/HOMER_tagDirs/mouse_F_ldlr_PlaqueMacrophages_RNA_2301_DMSO_poolB_RK_I20231020.extra_8.tmp
    jobid: 13
    benchmark: /net/beegfs/scratch/kcarroll/Amsterdam_UMC_Klinische_Genetica_Internship/omnomnomics/HOMER_tagDirs/benchmarks/mouse_F_ldlr_PlaqueMacrophages_RNA_2301_DMSO_poolB_RK_I20231020_make_homer_tagdirs_benchmark.tsv
    reason: Missing output files: /net/beegfs/scratch/kcarroll/Amsterdam_UMC_Klinische_Genetica_Internship/omnomnomics/HOMER_tagDirs/mouse_F_ldlr_PlaqueMacrophages_RNA_2301_DMSO_poolB_RK_I20231020.sorted.dups_marked.filtered.HOMER_tagDir.tar.gz; Input files updated by another job: /net/beegfs/scratch/kcarroll/Amsterdam_UMC_Klinische_Genetica_Internship/omnomnomics/filtered_BAM/mouse_F_ldlr_PlaqueMacrophages_RNA_2301_DMSO_poolB_RK_I20231020.sorted.dups_marked.filtered.bam, /net/beegfs/scratch/kcarroll/Amsterdam_UMC_Klinische_Genetica_Internship/omnomnomics/filtered_BAM/mouse_F_ldlr_PlaqueMacrophages_RNA_2301_DMSO_poolB_RK_I20231020.sorted.dups_marked.filtered.bam.bai
    wildcards: sample=mouse_F_ldlr_PlaqueMacrophages_RNA_2301_DMSO_poolB_RK_I20231020
    resources: mem_mb=4000, mem_mib=3815, disk_mb=1000, disk_mib=954, tmpdir=<TBD>, partition=defq

Submitted job 13 with external jobid 'Submitted batch job 5350201'.

[Mon Jun 24 10:09:46 2024]
rule bam_stats:
    input: /net/beegfs/scratch/kcarroll/Amsterdam_UMC_Klinische_Genetica_Internship/omnomnomics/filtered_BAM/mouse_F_ldlr_PlaqueMacrophages_RNA_2301_DMSO_poolB_RK_I20231020.sorted.dups_marked.filtered.bam, /net/beegfs/scratch/kcarroll/Amsterdam_UMC_Klinische_Genetica_Internship/omnomnomics/filtered_BAM/mouse_F_ldlr_PlaqueMacrophages_RNA_2301_DMSO_poolB_RK_I20231020.sorted.dups_marked.filtered.bam.bai
    output: /net/beegfs/scratch/kcarroll/Amsterdam_UMC_Klinische_Genetica_Internship/omnomnomics/filtered_BAM/mouse_F_ldlr_PlaqueMacrophages_RNA_2301_DMSO_poolB_RK_I20231020.sorted.dups_marked.filtered.bam.stats.txt
    jobid: 11
    benchmark: /net/beegfs/scratch/kcarroll/Amsterdam_UMC_Klinische_Genetica_Internship/omnomnomics/filtered_BAM/benchmarks/mouse_F_ldlr_PlaqueMacrophages_RNA_2301_DMSO_poolB_RK_I20231020_bamstats_benchmark.tsv
    reason: Missing output files: /net/beegfs/scratch/kcarroll/Amsterdam_UMC_Klinische_Genetica_Internship/omnomnomics/filtered_BAM/mouse_F_ldlr_PlaqueMacrophages_RNA_2301_DMSO_poolB_RK_I20231020.sorted.dups_marked.filtered.bam.stats.txt; Input files updated by another job: /net/beegfs/scratch/kcarroll/Amsterdam_UMC_Klinische_Genetica_Internship/omnomnomics/filtered_BAM/mouse_F_ldlr_PlaqueMacrophages_RNA_2301_DMSO_poolB_RK_I20231020.sorted.dups_marked.filtered.bam, /net/beegfs/scratch/kcarroll/Amsterdam_UMC_Klinische_Genetica_Internship/omnomnomics/filtered_BAM/mouse_F_ldlr_PlaqueMacrophages_RNA_2301_DMSO_poolB_RK_I20231020.sorted.dups_marked.filtered.bam.bai
    wildcards: sample=mouse_F_ldlr_PlaqueMacrophages_RNA_2301_DMSO_poolB_RK_I20231020
    resources: mem_mb=4000, mem_mib=3815, disk_mb=1000, disk_mib=954, tmpdir=<TBD>, partition=defq

Submitted job 11 with external jobid 'Submitted batch job 5350202'.
[Mon Jun 24 10:09:56 2024]
Finished job 13.
7 of 18 steps (39%) done
Select jobs to execute...

[Mon Jun 24 10:09:56 2024]
rule create_wiggles:
    input: /net/beegfs/scratch/kcarroll/Amsterdam_UMC_Klinische_Genetica_Internship/omnomnomics/HOMER_tagDirs/mouse_F_ldlr_PlaqueMacrophages_RNA_2301_DMSO_poolB_RK_I20231020.sorted.dups_marked.filtered.HOMER_tagDir.tar.gz
    output: /net/beegfs/scratch/kcarroll/Amsterdam_UMC_Klinische_Genetica_Internship/omnomnomics/BigWigs/mouse_F_ldlr_PlaqueMacrophages_RNA_2301_DMSO_poolB_RK_I20231020.extra_9.tmp
    jobid: 15
    benchmark: /net/beegfs/scratch/kcarroll/Amsterdam_UMC_Klinische_Genetica_Internship/omnomnomics/BigWigs/benchmarks/mouse_F_ldlr_PlaqueMacrophages_RNA_2301_DMSO_poolB_RK_I20231020_create_wiggles_benchmark.tsv
    reason: Input files updated by another job: /net/beegfs/scratch/kcarroll/Amsterdam_UMC_Klinische_Genetica_Internship/omnomnomics/HOMER_tagDirs/mouse_F_ldlr_PlaqueMacrophages_RNA_2301_DMSO_poolB_RK_I20231020.sorted.dups_marked.filtered.HOMER_tagDir.tar.gz
    wildcards: sample=mouse_F_ldlr_PlaqueMacrophages_RNA_2301_DMSO_poolB_RK_I20231020
    resources: mem_mb=4000, mem_mib=3815, disk_mb=1000, disk_mib=954, tmpdir=<TBD>, partition=defq

Submitted job 15 with external jobid 'Submitted batch job 5350203'.
[Mon Jun 24 10:09:56 2024]
Finished job 11.
8 of 18 steps (44%) done
[Mon Jun 24 10:10:06 2024]
Finished job 15.
9 of 18 steps (50%) done
Exiting because a job execution failed. Look above for error message
Complete log: ../.snakemake/log/2024-06-24T095149.212527.snakemake.log
