Config file /net/beegfs/scratch/kcarroll/Amsterdam_UMC_Klinische_Genetica_Internship/omnomnomics/omnomnomics.run.2024-06-14.config.yaml is extended by additional config specified via the command line.
Building DAG of jobs...
Using shell: /usr/bin/bash
Provided cluster nodes: 1000
Job stats:
job              count    min threads    max threads
-------------  -------  -------------  -------------
all                  1              1              1
merge_wiggles        1            128            128
total                2              1            128

Select jobs to execute...

[Fri Jun 14 16:23:49 2024]
rule merge_wiggles:
    output: merged_hubs/extra.tmp
    jobid: 0
    reason: Forced execution
    threads: 128
    resources: mem_mb=128000, mem_mib=122071, disk_mb=1000, disk_mib=954, tmpdir=<TBD>

Submitted job 0 with external jobid 'Submitted batch job 5330160'.
[Fri Jun 14 16:23:58 2024]
Finished job 0.
1 of 2 steps (50%) done
Select jobs to execute...

[Fri Jun 14 16:23:58 2024]
localrule all:
    input: merged_hubs/extra.tmp
    jobid: 1
    reason: Input files updated by another job: merged_hubs/extra.tmp
    resources: mem_mb=1000, mem_mib=954, disk_mb=1000, disk_mib=954, tmpdir=/tmp

[Fri Jun 14 16:23:58 2024]
Finished job 1.
2 of 2 steps (100%) done
Complete log: ../.snakemake/log/2024-06-14T162338.166716.snakemake.log
