Config file /net/beegfs/scratch/kcarroll/Amsterdam_UMC_Klinische_Genetica_Internship/omnomnomics/omnomnomics.run.2024-06-18.config.yaml is extended by additional config specified via the command line.
Building DAG of jobs...
Using shell: /usr/bin/bash
Provided cluster nodes: 1000
Job stats:
job          count    min threads    max threads
---------  -------  -------------  -------------
all              1              1              1
index_bam        1              1              1
total            2              1              1

Select jobs to execute...

[Tue Jun 18 15:51:04 2024]
rule index_bam:
    input: filtered_BAM/human_MDM_DNA_H3K27Me3_Ctr_DMSO_F_d284_RK_I20221209.filtered.bam
    output: filtered_BAM/human_MDM_DNA_H3K27Me3_Ctr_DMSO_F_d284_RK_I20221209.filtered.bam.bai
    jobid: 1
    benchmark: filtered_BAM/human_MDM_DNA_H3K27Me3_Ctr_DMSO_F_d284_RK_I20221209_bamindex_benchmark.tsv
    reason: Forced execution
    wildcards: sample=human_MDM_DNA_H3K27Me3_Ctr_DMSO_F_d284_RK_I20221209
    resources: mem_mb=4000, mem_mib=3815, disk_mb=6200, disk_mib=5913, tmpdir=<TBD>

Submitted job 1 with external jobid 'Submitted batch job 5339707'.
[Tue Jun 18 15:51:24 2024]
Error in rule index_bam:
    jobid: 1
    input: filtered_BAM/human_MDM_DNA_H3K27Me3_Ctr_DMSO_F_d284_RK_I20221209.filtered.bam
    output: filtered_BAM/human_MDM_DNA_H3K27Me3_Ctr_DMSO_F_d284_RK_I20221209.filtered.bam.bai
    cluster_jobid: Submitted batch job 5339707

Error executing rule index_bam on cluster (jobid: 1, external: Submitted batch job 5339707, jobscript: /net/beegfs/scratch/kcarroll/Amsterdam_UMC_Klinische_Genetica_Internship/omnomnomics/.snakemake/tmp.1q5hct9j/snakejob.index_bam.1.sh). For error details see the cluster log and the log files of the involved rule(s).
Shutting down, this might take some time.
Exiting because a job execution failed. Look above for error message
Complete log: ../.snakemake/log/2024-06-18T155056.158178.snakemake.log
