Config file /net/beegfs/scratch/kcarroll/Amsterdam_UMC_Klinische_Genetica_Internship/omnomnomics/omnomnomics.run.2024-06-17.config.yaml is extended by additional config specified via the command line.
Building DAG of jobs...
Using shell: /usr/bin/bash
Provided cluster nodes: 1000
Job stats:
job        count    min threads    max threads
-------  -------  -------------  -------------
all            1              1              1
call_DE        1            128            128
total          2              1            128

Select jobs to execute...

[Mon Jun 17 10:35:32 2024]
rule call_DE:
    input: DE_calling/omnomnomics.raw_read_quant.table.txt
    output: DE_calling/omnomnomics.results.zip
    jobid: 0
    reason: Forced execution
    threads: 128
    resources: mem_mb=512000, mem_mib=488282, disk_mb=1000, disk_mib=954, tmpdir=<TBD>

Submitted job 0 with external jobid 'Submitted batch job 5332874'.
[Mon Jun 17 10:35:42 2024]
Error in rule call_DE:
    jobid: 0
    input: DE_calling/omnomnomics.raw_read_quant.table.txt
    output: DE_calling/omnomnomics.results.zip
    cluster_jobid: Submitted batch job 5332874

Error executing rule call_DE on cluster (jobid: 0, external: Submitted batch job 5332874, jobscript: /net/beegfs/scratch/kcarroll/Amsterdam_UMC_Klinische_Genetica_Internship/omnomnomics/.snakemake/tmp.42ei4n24/snakejob.call_DE.0.sh). For error details see the cluster log and the log files of the involved rule(s).
Shutting down, this might take some time.
Exiting because a job execution failed. Look above for error message
Complete log: ../.snakemake/log/2024-06-17T103530.942920.snakemake.log
