Config file /net/beegfs/scratch/kcarroll/Amsterdam_UMC_Klinische_Genetica_Internship/omnomnomics/omnomnomics.run.2024-06-12.config.yaml is extended by additional config specified via the command line.
Building DAG of jobs...
WorkflowError:
WorkflowError:
    MissingInputException: Missing input files for rule run_skewer:
        output: trimmed_FASTQ/mouse_F_ldlr_PlaqueMacrophages_RNA_2301_DMSO_poolA_RK_I20231020_R1.trimmed.fastq.gz, trimmed_FASTQ/mouse_F_ldlr_PlaqueMacrophages_RNA_2301_DMSO_poolA_RK_I20231020_R2.trimmed.fastq.gz
        wildcards: sample=mouse_F_ldlr_PlaqueMacrophages_RNA_2301_DMSO_poolA_RK_I20231020
        affected files:
            FASTQ/mouse_F_ldlr_PlaqueMacrophages_RNA_2301_DMSO_poolA_RK_I20231020_R2.fastq.gz
            FASTQ/mouse_F_ldlr_PlaqueMacrophages_RNA_2301_DMSO_poolA_RK_I20231020_R1.fastq.gz
    MissingInputException: Missing input files for rule run_trimmomatic:
        output: trimmed_FASTQ/mouse_F_ldlr_PlaqueMacrophages_RNA_2301_DMSO_poolA_RK_I20231020_R1.trimmed.fastq.gz, trimmed_FASTQ/mouse_F_ldlr_PlaqueMacrophages_RNA_2301_DMSO_poolA_RK_I20231020_R2.trimmed.fastq.gz
        wildcards: sample=mouse_F_ldlr_PlaqueMacrophages_RNA_2301_DMSO_poolA_RK_I20231020
        affected files:
            FASTQ/mouse_F_ldlr_PlaqueMacrophages_RNA_2301_DMSO_poolA_RK_I20231020_R2.fastq.gz
            FASTQ/mouse_F_ldlr_PlaqueMacrophages_RNA_2301_DMSO_poolA_RK_I20231020_R1.fastq.gz
WorkflowError:
    MissingInputException: Missing input files for rule run_skewer:
        output: trimmed_FASTQ/mouse_F_ldlr_PlaqueMacrophages_RNA_2301_DMSO_poolA_RK_I20231020_R1.trimmed.fastq.gz, trimmed_FASTQ/mouse_F_ldlr_PlaqueMacrophages_RNA_2301_DMSO_poolA_RK_I20231020_R2.trimmed.fastq.gz
        wildcards: sample=mouse_F_ldlr_PlaqueMacrophages_RNA_2301_DMSO_poolA_RK_I20231020
        affected files:
            FASTQ/mouse_F_ldlr_PlaqueMacrophages_RNA_2301_DMSO_poolA_RK_I20231020_R2.fastq.gz
            FASTQ/mouse_F_ldlr_PlaqueMacrophages_RNA_2301_DMSO_poolA_RK_I20231020_R1.fastq.gz
    MissingInputException: Missing input files for rule run_trimmomatic:
        output: trimmed_FASTQ/mouse_F_ldlr_PlaqueMacrophages_RNA_2301_DMSO_poolA_RK_I20231020_R1.trimmed.fastq.gz, trimmed_FASTQ/mouse_F_ldlr_PlaqueMacrophages_RNA_2301_DMSO_poolA_RK_I20231020_R2.trimmed.fastq.gz
        wildcards: sample=mouse_F_ldlr_PlaqueMacrophages_RNA_2301_DMSO_poolA_RK_I20231020
        affected files:
            FASTQ/mouse_F_ldlr_PlaqueMacrophages_RNA_2301_DMSO_poolA_RK_I20231020_R2.fastq.gz
            FASTQ/mouse_F_ldlr_PlaqueMacrophages_RNA_2301_DMSO_poolA_RK_I20231020_R1.fastq.gz
WorkflowError:
    MissingInputException: Missing input files for rule run_skewer:
        output: trimmed_FASTQ/mouse_F_ldlr_PlaqueMacrophages_RNA_2301_DMSO_poolA_RK_I20231020_R1.trimmed.fastq.gz, trimmed_FASTQ/mouse_F_ldlr_PlaqueMacrophages_RNA_2301_DMSO_poolA_RK_I20231020_R2.trimmed.fastq.gz
        wildcards: sample=mouse_F_ldlr_PlaqueMacrophages_RNA_2301_DMSO_poolA_RK_I20231020
        affected files:
            FASTQ/mouse_F_ldlr_PlaqueMacrophages_RNA_2301_DMSO_poolA_RK_I20231020_R2.fastq.gz
            FASTQ/mouse_F_ldlr_PlaqueMacrophages_RNA_2301_DMSO_poolA_RK_I20231020_R1.fastq.gz
    MissingInputException: Missing input files for rule run_trimmomatic:
        output: trimmed_FASTQ/mouse_F_ldlr_PlaqueMacrophages_RNA_2301_DMSO_poolA_RK_I20231020_R1.trimmed.fastq.gz, trimmed_FASTQ/mouse_F_ldlr_PlaqueMacrophages_RNA_2301_DMSO_poolA_RK_I20231020_R2.trimmed.fastq.gz
        wildcards: sample=mouse_F_ldlr_PlaqueMacrophages_RNA_2301_DMSO_poolA_RK_I20231020
        affected files:
            FASTQ/mouse_F_ldlr_PlaqueMacrophages_RNA_2301_DMSO_poolA_RK_I20231020_R2.fastq.gz
            FASTQ/mouse_F_ldlr_PlaqueMacrophages_RNA_2301_DMSO_poolA_RK_I20231020_R1.fastq.gz
