Config file /net/beegfs/scratch/kcarroll/Amsterdam_UMC_Klinische_Genetica_Internship/omnomnomics/omnomnomics.run.2024-06-18.config.yaml is extended by additional config specified via the command line.
Building DAG of jobs...
Using shell: /usr/bin/bash
Provided cluster nodes: 1000
Job stats:
job              count    min threads    max threads
-------------  -------  -------------  -------------
all                  1              1              1
merge_wiggles        1            128            128
total                2              1            128

Select jobs to execute...

[Tue Jun 18 21:57:06 2024]
rule merge_wiggles:
    output: merged_hubs/extra_10.tmp
    jobid: 1
    benchmark: merged_hubs/merge_wiggles_benchmark.tsv
    reason: Forced execution
    threads: 128
    resources: mem_mb=512000, mem_mib=488282, disk_mb=1000, disk_mib=954, tmpdir=<TBD>

Submitted job 1 with external jobid 'Submitted batch job 5339805'.
[Tue Jun 18 21:57:16 2024]
Finished job 1.
1 of 2 steps (50%) done
Select jobs to execute...

[Tue Jun 18 21:57:16 2024]
localrule all:
    input: merged_hubs/extra_10.tmp
    jobid: 0
    reason: Input files updated by another job: merged_hubs/extra_10.tmp
    resources: mem_mb=1000, mem_mib=954, disk_mb=1000, disk_mib=954, tmpdir=/tmp

[Tue Jun 18 21:57:16 2024]
Finished job 0.
2 of 2 steps (100%) done
Complete log: ../.snakemake/log/2024-06-18T215704.980885.snakemake.log
