Config file /net/beegfs/scratch/kcarroll/Amsterdam UMC Klinische Genetica Internship/omnomnomics/omnomnomics.run.2024-06-05.config.yaml is extended by additional config specified via the command line.
Building DAG of jobs...
Using shell: /usr/bin/bash
Provided cluster nodes: 1000
Job stats:
job      count    min threads    max threads
-----  -------  -------------  -------------
all          1              1              1
rule1        1              8              8
total        2              1              8

Select jobs to execute...

[Wed Jun  5 12:15:01 2024]
rule rule1:
    input: FASTQ/test_test_test.fastq.gz
    output: trimmed_FASTQ/rule1_output.test_test_test.fastq.gz
    jobid: 1
    reason: Missing output files: trimmed_FASTQ/rule1_output.test_test_test.fastq.gz
    wildcards: sample=test_test_test
    threads: 8
    resources: mem_mb=1000, mem_mib=954, disk_mb=1000, disk_mib=954, tmpdir=<TBD>

Submitted job 1 with external jobid 'Submitted batch job 5303136'.
[Wed Jun  5 12:15:11 2024]
Finished job 1.
1 of 2 steps (50%) done
Select jobs to execute...

[Wed Jun  5 12:15:11 2024]
localrule all:
    input: trimmed_FASTQ/rule1_output.test_test_test.fastq.gz
    jobid: 0
    reason: Input files updated by another job: trimmed_FASTQ/rule1_output.test_test_test.fastq.gz
    resources: mem_mb=1000, mem_mib=954, disk_mb=1000, disk_mib=954, tmpdir=/tmp

[Wed Jun  5 12:15:11 2024]
Finished job 0.
2 of 2 steps (100%) done
Complete log: ../.snakemake/log/2024-06-05T121459.762453.snakemake.log
