Config file /net/beegfs/scratch/kcarroll/Amsterdam_UMC_Klinische_Genetica_Internship/omnomnomics/run_configs/omnomnomics.run.2024-06-24.config.yaml is extended by additional config specified via the command line.
Building DAG of jobs...
Using shell: /usr/bin/bash
Provided cluster nodes: 1000
Job stats:
job                    count    min threads    max threads
-------------------  -------  -------------  -------------
all                        1              1              1
bam_stats                  2              1              1
call_peaks                 1            128            128
count_reads                1            128            128
create_homer_tagDir        2              1              1
create_wiggles             2              1              1
index_bam                  2              1              1
merge_bam                  2            128            128
merge_wiggles              1            128            128
run_star                   2            128            128
touchup_bam                2            128            128
total                     18              1            128

Select jobs to execute...

[Mon Jun 24 21:30:04 2024]
rule run_star:
    input: /net/beegfs/scratch/kcarroll/Amsterdam_UMC_Klinische_Genetica_Internship/omnomnomics/trimmed_FASTQ/mouse_F_ldlr_PlaqueMacrophages_RNA_2301_DMSO_poolA_RK_I20231020_L004_R1.trimmed.fastq.gz, /net/beegfs/scratch/kcarroll/Amsterdam_UMC_Klinische_Genetica_Internship/omnomnomics/trimmed_FASTQ/mouse_F_ldlr_PlaqueMacrophages_RNA_2301_DMSO_poolA_RK_I20231020_L004_R2.trimmed.fastq.gz
    output: /net/beegfs/scratch/kcarroll/Amsterdam_UMC_Klinische_Genetica_Internship/omnomnomics/BAM/mouse_F_ldlr_PlaqueMacrophages_RNA_2301_DMSO_poolA_RK_I20231020_L004.bam, /net/beegfs/scratch/kcarroll/Amsterdam_UMC_Klinische_Genetica_Internship/omnomnomics/BAM/mouse_F_ldlr_PlaqueMacrophages_RNA_2301_DMSO_poolA_RK_I20231020_L004.STAR_stats.txt, /net/beegfs/scratch/kcarroll/Amsterdam_UMC_Klinische_Genetica_Internship/omnomnomics/BAM/mouse_F_ldlr_PlaqueMacrophages_RNA_2301_DMSO_poolA_RK_I20231020_L004.extra_3.tmp
    jobid: 5
    benchmark: /net/beegfs/scratch/kcarroll/Amsterdam_UMC_Klinische_Genetica_Internship/omnomnomics/BAM/benchmarks/mouse_F_ldlr_PlaqueMacrophages_RNA_2301_DMSO_poolA_RK_I20231020_L004_star_benchmark.tsv
    reason: Forced execution
    wildcards: sample3=mouse_F_ldlr_PlaqueMacrophages_RNA_2301_DMSO_poolA_RK_I20231020_L004
    threads: 128
    resources: mem_mb=512000, mem_mib=488282, disk_mb=4678, disk_mib=4462, tmpdir=<TBD>, partition=defq

Submitted job 5 with external jobid 'Submitted batch job 5352702'.

[Mon Jun 24 21:30:04 2024]
rule call_peaks:
    output: /net/beegfs/scratch/kcarroll/Amsterdam_UMC_Klinische_Genetica_Internship/omnomnomics/peak_calling/extra_11.tmp
    jobid: 0
    benchmark: /net/beegfs/scratch/kcarroll/Amsterdam_UMC_Klinische_Genetica_Internship/omnomnomics/peak_calling/benchmarks/call_peaks_benchmark.tsv
    reason: Forced execution
    threads: 128
    resources: mem_mb=512000, mem_mib=488282, disk_mb=1000, disk_mib=954, tmpdir=<TBD>, partition=defq

Submitted job 0 with external jobid 'Submitted batch job 5352703'.

[Mon Jun 24 21:30:04 2024]
rule run_star:
    input: /net/beegfs/scratch/kcarroll/Amsterdam_UMC_Klinische_Genetica_Internship/omnomnomics/trimmed_FASTQ/mouse_F_ldlr_PlaqueMacrophages_RNA_2301_DMSO_poolB_RK_I20231020_L004_R1.trimmed.fastq.gz, /net/beegfs/scratch/kcarroll/Amsterdam_UMC_Klinische_Genetica_Internship/omnomnomics/trimmed_FASTQ/mouse_F_ldlr_PlaqueMacrophages_RNA_2301_DMSO_poolB_RK_I20231020_L004_R2.trimmed.fastq.gz
    output: /net/beegfs/scratch/kcarroll/Amsterdam_UMC_Klinische_Genetica_Internship/omnomnomics/BAM/mouse_F_ldlr_PlaqueMacrophages_RNA_2301_DMSO_poolB_RK_I20231020_L004.bam, /net/beegfs/scratch/kcarroll/Amsterdam_UMC_Klinische_Genetica_Internship/omnomnomics/BAM/mouse_F_ldlr_PlaqueMacrophages_RNA_2301_DMSO_poolB_RK_I20231020_L004.STAR_stats.txt, /net/beegfs/scratch/kcarroll/Amsterdam_UMC_Klinische_Genetica_Internship/omnomnomics/BAM/mouse_F_ldlr_PlaqueMacrophages_RNA_2301_DMSO_poolB_RK_I20231020_L004.extra_3.tmp
    jobid: 7
    benchmark: /net/beegfs/scratch/kcarroll/Amsterdam_UMC_Klinische_Genetica_Internship/omnomnomics/BAM/benchmarks/mouse_F_ldlr_PlaqueMacrophages_RNA_2301_DMSO_poolB_RK_I20231020_L004_star_benchmark.tsv
    reason: Forced execution
    wildcards: sample3=mouse_F_ldlr_PlaqueMacrophages_RNA_2301_DMSO_poolB_RK_I20231020_L004
    threads: 128
    resources: mem_mb=512000, mem_mib=488282, disk_mb=4993, disk_mib=4762, tmpdir=<TBD>, partition=defq

Submitted job 7 with external jobid 'Submitted batch job 5352704'.
[Mon Jun 24 21:30:14 2024]
Finished job 0.
1 of 18 steps (6%) done
[Mon Jun 24 21:36:44 2024]
Finished job 5.
2 of 18 steps (11%) done
[Mon Jun 24 21:37:34 2024]
Finished job 7.
3 of 18 steps (17%) done
Select jobs to execute...

[Mon Jun 24 21:37:34 2024]
rule merge_bam:
    input: /net/beegfs/scratch/kcarroll/Amsterdam_UMC_Klinische_Genetica_Internship/omnomnomics/BAM/mouse_F_ldlr_PlaqueMacrophages_RNA_2301_DMSO_poolA_RK_I20231020_L004.extra_3.tmp, /net/beegfs/scratch/kcarroll/Amsterdam_UMC_Klinische_Genetica_Internship/omnomnomics/BAM/mouse_F_ldlr_PlaqueMacrophages_RNA_2301_DMSO_poolB_RK_I20231020_L004.extra_3.tmp
    output: /net/beegfs/scratch/kcarroll/Amsterdam_UMC_Klinische_Genetica_Internship/omnomnomics/BAM/mouse_F_ldlr_PlaqueMacrophages_RNA_2301_DMSO_poolA_RK_I20231020.bam, /net/beegfs/scratch/kcarroll/Amsterdam_UMC_Klinische_Genetica_Internship/omnomnomics/BAM/mouse_F_ldlr_PlaqueMacrophages_RNA_2301_DMSO_poolA_RK_I20231020.extra_4.tmp
    jobid: 4
    benchmark: /net/beegfs/scratch/kcarroll/Amsterdam_UMC_Klinische_Genetica_Internship/omnomnomics/BAM/benchmarks/mouse_F_ldlr_PlaqueMacrophages_RNA_2301_DMSO_poolA_RK_I20231020_mergebam_benchmark.tsv
    reason: Missing output files: /net/beegfs/scratch/kcarroll/Amsterdam_UMC_Klinische_Genetica_Internship/omnomnomics/BAM/mouse_F_ldlr_PlaqueMacrophages_RNA_2301_DMSO_poolA_RK_I20231020.extra_4.tmp, /net/beegfs/scratch/kcarroll/Amsterdam_UMC_Klinische_Genetica_Internship/omnomnomics/BAM/mouse_F_ldlr_PlaqueMacrophages_RNA_2301_DMSO_poolA_RK_I20231020.bam; Input files updated by another job: /net/beegfs/scratch/kcarroll/Amsterdam_UMC_Klinische_Genetica_Internship/omnomnomics/BAM/mouse_F_ldlr_PlaqueMacrophages_RNA_2301_DMSO_poolB_RK_I20231020_L004.extra_3.tmp, /net/beegfs/scratch/kcarroll/Amsterdam_UMC_Klinische_Genetica_Internship/omnomnomics/BAM/mouse_F_ldlr_PlaqueMacrophages_RNA_2301_DMSO_poolA_RK_I20231020_L004.extra_3.tmp
    wildcards: sample4=mouse_F_ldlr_PlaqueMacrophages_RNA_2301_DMSO_poolA_RK_I20231020
    threads: 128
    resources: mem_mb=512000, mem_mib=488282, disk_mb=1000, disk_mib=954, tmpdir=<TBD>, partition=defq

Submitted job 4 with external jobid 'Submitted batch job 5352706'.

[Mon Jun 24 21:37:34 2024]
rule merge_bam:
    input: /net/beegfs/scratch/kcarroll/Amsterdam_UMC_Klinische_Genetica_Internship/omnomnomics/BAM/mouse_F_ldlr_PlaqueMacrophages_RNA_2301_DMSO_poolA_RK_I20231020_L004.extra_3.tmp, /net/beegfs/scratch/kcarroll/Amsterdam_UMC_Klinische_Genetica_Internship/omnomnomics/BAM/mouse_F_ldlr_PlaqueMacrophages_RNA_2301_DMSO_poolB_RK_I20231020_L004.extra_3.tmp
    output: /net/beegfs/scratch/kcarroll/Amsterdam_UMC_Klinische_Genetica_Internship/omnomnomics/BAM/mouse_F_ldlr_PlaqueMacrophages_RNA_2301_DMSO_poolB_RK_I20231020.bam, /net/beegfs/scratch/kcarroll/Amsterdam_UMC_Klinische_Genetica_Internship/omnomnomics/BAM/mouse_F_ldlr_PlaqueMacrophages_RNA_2301_DMSO_poolB_RK_I20231020.extra_4.tmp
    jobid: 12
    benchmark: /net/beegfs/scratch/kcarroll/Amsterdam_UMC_Klinische_Genetica_Internship/omnomnomics/BAM/benchmarks/mouse_F_ldlr_PlaqueMacrophages_RNA_2301_DMSO_poolB_RK_I20231020_mergebam_benchmark.tsv
    reason: Missing output files: /net/beegfs/scratch/kcarroll/Amsterdam_UMC_Klinische_Genetica_Internship/omnomnomics/BAM/mouse_F_ldlr_PlaqueMacrophages_RNA_2301_DMSO_poolB_RK_I20231020.bam, /net/beegfs/scratch/kcarroll/Amsterdam_UMC_Klinische_Genetica_Internship/omnomnomics/BAM/mouse_F_ldlr_PlaqueMacrophages_RNA_2301_DMSO_poolB_RK_I20231020.extra_4.tmp; Input files updated by another job: /net/beegfs/scratch/kcarroll/Amsterdam_UMC_Klinische_Genetica_Internship/omnomnomics/BAM/mouse_F_ldlr_PlaqueMacrophages_RNA_2301_DMSO_poolB_RK_I20231020_L004.extra_3.tmp, /net/beegfs/scratch/kcarroll/Amsterdam_UMC_Klinische_Genetica_Internship/omnomnomics/BAM/mouse_F_ldlr_PlaqueMacrophages_RNA_2301_DMSO_poolA_RK_I20231020_L004.extra_3.tmp
    wildcards: sample4=mouse_F_ldlr_PlaqueMacrophages_RNA_2301_DMSO_poolB_RK_I20231020
    threads: 128
    resources: mem_mb=512000, mem_mib=488282, disk_mb=1000, disk_mib=954, tmpdir=<TBD>, partition=defq

Submitted job 12 with external jobid 'Submitted batch job 5352707'.
[Mon Jun 24 21:37:44 2024]
Finished job 4.
4 of 18 steps (22%) done
Select jobs to execute...

[Mon Jun 24 21:37:44 2024]
rule touchup_bam:
    input: /net/beegfs/scratch/kcarroll/Amsterdam_UMC_Klinische_Genetica_Internship/omnomnomics/BAM/mouse_F_ldlr_PlaqueMacrophages_RNA_2301_DMSO_poolA_RK_I20231020.bam, /net/beegfs/scratch/kcarroll/Amsterdam_UMC_Klinische_Genetica_Internship/omnomnomics/BAM/mouse_F_ldlr_PlaqueMacrophages_RNA_2301_DMSO_poolA_RK_I20231020.extra_4.tmp
    output: /net/beegfs/scratch/kcarroll/Amsterdam_UMC_Klinische_Genetica_Internship/omnomnomics/filtered_BAM/mouse_F_ldlr_PlaqueMacrophages_RNA_2301_DMSO_poolA_RK_I20231020.sorted.dups_marked.filtered.bam, /net/beegfs/scratch/kcarroll/Amsterdam_UMC_Klinische_Genetica_Internship/omnomnomics/filtered_BAM/mouse_F_ldlr_PlaqueMacrophages_RNA_2301_DMSO_poolA_RK_I20231020.extra_5.tmp
    jobid: 3
    benchmark: /net/beegfs/scratch/kcarroll/Amsterdam_UMC_Klinische_Genetica_Internship/omnomnomics/filtered_BAM/benchmarks/mouse_F_ldlr_PlaqueMacrophages_RNA_2301_DMSO_poolA_RK_I20231020_touchupbam_benchmark.tsv
    reason: Missing output files: /net/beegfs/scratch/kcarroll/Amsterdam_UMC_Klinische_Genetica_Internship/omnomnomics/filtered_BAM/mouse_F_ldlr_PlaqueMacrophages_RNA_2301_DMSO_poolA_RK_I20231020.sorted.dups_marked.filtered.bam, /net/beegfs/scratch/kcarroll/Amsterdam_UMC_Klinische_Genetica_Internship/omnomnomics/filtered_BAM/mouse_F_ldlr_PlaqueMacrophages_RNA_2301_DMSO_poolA_RK_I20231020.extra_5.tmp; Input files updated by another job: /net/beegfs/scratch/kcarroll/Amsterdam_UMC_Klinische_Genetica_Internship/omnomnomics/BAM/mouse_F_ldlr_PlaqueMacrophages_RNA_2301_DMSO_poolA_RK_I20231020.extra_4.tmp, /net/beegfs/scratch/kcarroll/Amsterdam_UMC_Klinische_Genetica_Internship/omnomnomics/BAM/mouse_F_ldlr_PlaqueMacrophages_RNA_2301_DMSO_poolA_RK_I20231020.bam
    wildcards: sample5=mouse_F_ldlr_PlaqueMacrophages_RNA_2301_DMSO_poolA_RK_I20231020
    threads: 128
    resources: mem_mb=512000, mem_mib=488282, disk_mb=1620, disk_mib=1545, tmpdir=<TBD>, partition=defq

Submitted job 3 with external jobid 'Submitted batch job 5352708'.
[Mon Jun 24 21:37:44 2024]
Finished job 12.
5 of 18 steps (28%) done
Select jobs to execute...

[Mon Jun 24 21:37:44 2024]
rule touchup_bam:
    input: /net/beegfs/scratch/kcarroll/Amsterdam_UMC_Klinische_Genetica_Internship/omnomnomics/BAM/mouse_F_ldlr_PlaqueMacrophages_RNA_2301_DMSO_poolB_RK_I20231020.bam, /net/beegfs/scratch/kcarroll/Amsterdam_UMC_Klinische_Genetica_Internship/omnomnomics/BAM/mouse_F_ldlr_PlaqueMacrophages_RNA_2301_DMSO_poolB_RK_I20231020.extra_4.tmp
    output: /net/beegfs/scratch/kcarroll/Amsterdam_UMC_Klinische_Genetica_Internship/omnomnomics/filtered_BAM/mouse_F_ldlr_PlaqueMacrophages_RNA_2301_DMSO_poolB_RK_I20231020.sorted.dups_marked.filtered.bam, /net/beegfs/scratch/kcarroll/Amsterdam_UMC_Klinische_Genetica_Internship/omnomnomics/filtered_BAM/mouse_F_ldlr_PlaqueMacrophages_RNA_2301_DMSO_poolB_RK_I20231020.extra_5.tmp
    jobid: 11
    benchmark: /net/beegfs/scratch/kcarroll/Amsterdam_UMC_Klinische_Genetica_Internship/omnomnomics/filtered_BAM/benchmarks/mouse_F_ldlr_PlaqueMacrophages_RNA_2301_DMSO_poolB_RK_I20231020_touchupbam_benchmark.tsv
    reason: Missing output files: /net/beegfs/scratch/kcarroll/Amsterdam_UMC_Klinische_Genetica_Internship/omnomnomics/filtered_BAM/mouse_F_ldlr_PlaqueMacrophages_RNA_2301_DMSO_poolB_RK_I20231020.sorted.dups_marked.filtered.bam; Input files updated by another job: /net/beegfs/scratch/kcarroll/Amsterdam_UMC_Klinische_Genetica_Internship/omnomnomics/BAM/mouse_F_ldlr_PlaqueMacrophages_RNA_2301_DMSO_poolB_RK_I20231020.extra_4.tmp, /net/beegfs/scratch/kcarroll/Amsterdam_UMC_Klinische_Genetica_Internship/omnomnomics/BAM/mouse_F_ldlr_PlaqueMacrophages_RNA_2301_DMSO_poolB_RK_I20231020.bam
    wildcards: sample5=mouse_F_ldlr_PlaqueMacrophages_RNA_2301_DMSO_poolB_RK_I20231020
    threads: 128
    resources: mem_mb=512000, mem_mib=488282, disk_mb=1000, disk_mib=954, tmpdir=<TBD>, partition=defq

Submitted job 11 with external jobid 'Submitted batch job 5352709'.
[Mon Jun 24 21:38:04 2024]
Error in rule touchup_bam:
    jobid: 11
    input: /net/beegfs/scratch/kcarroll/Amsterdam_UMC_Klinische_Genetica_Internship/omnomnomics/BAM/mouse_F_ldlr_PlaqueMacrophages_RNA_2301_DMSO_poolB_RK_I20231020.bam, /net/beegfs/scratch/kcarroll/Amsterdam_UMC_Klinische_Genetica_Internship/omnomnomics/BAM/mouse_F_ldlr_PlaqueMacrophages_RNA_2301_DMSO_poolB_RK_I20231020.extra_4.tmp
    output: /net/beegfs/scratch/kcarroll/Amsterdam_UMC_Klinische_Genetica_Internship/omnomnomics/filtered_BAM/mouse_F_ldlr_PlaqueMacrophages_RNA_2301_DMSO_poolB_RK_I20231020.sorted.dups_marked.filtered.bam, /net/beegfs/scratch/kcarroll/Amsterdam_UMC_Klinische_Genetica_Internship/omnomnomics/filtered_BAM/mouse_F_ldlr_PlaqueMacrophages_RNA_2301_DMSO_poolB_RK_I20231020.extra_5.tmp
    cluster_jobid: Submitted batch job 5352709

Error executing rule touchup_bam on cluster (jobid: 11, external: Submitted batch job 5352709, jobscript: /net/beegfs/scratch/kcarroll/Amsterdam_UMC_Klinische_Genetica_Internship/omnomnomics/.snakemake/tmp.9eafgu06/snakejob.touchup_bam.11.sh). For error details see the cluster log and the log files of the involved rule(s).
[Mon Jun 24 21:39:04 2024]
Finished job 3.
6 of 18 steps (33%) done
Shutting down, this might take some time.
Exiting because a job execution failed. Look above for error message
Complete log: ../.snakemake/log/2024-06-24T213002.477220.snakemake.log
