Config file /net/beegfs/scratch/kcarroll/Amsterdam UMC Klinische Genetica Internship/omnomnomics/omnomnomics.run.2024-06-06.config.yaml is extended by additional config specified via the command line.
Building DAG of jobs...
Using shell: /usr/bin/bash
Provided cluster nodes: 1000
Job stats:
job                count    min threads    max threads
---------------  -------  -------------  -------------
all                    1              1              1
run_trimmomatic        1            128            128
total                  2              1            128

Select jobs to execute...

[Thu Jun  6 09:35:23 2024]
rule run_trimmomatic:
    input: FASTQ/mouse_F_ldlr_PlaqueMacrophages_RNA_2301_DMSO_poolA_RK_I20231020_L004_R1.fastq.gz, FASTQ/mouse_F_ldlr_PlaqueMacrophages_RNA_2301_DMSO_poolA_RK_I20231020_L004_R2.fastq.gz
    output: trimmed_FASTQ/mouse_F_ldlr_PlaqueMacrophages_RNA_2301_DMSO_poolA_RK_I20231020_L004_R1_Trimmomatic.trimmed.fastq.gz, trimmed_FASTQ/mouse_F_ldlr_PlaqueMacrophages_RNA_2301_DMSO_poolA_RK_I20231020_L004_R2_Trimmomatic.trimmed.fastq.gz
    jobid: 1
    reason: Missing output files: trimmed_FASTQ/mouse_F_ldlr_PlaqueMacrophages_RNA_2301_DMSO_poolA_RK_I20231020_L004_R1_Trimmomatic.trimmed.fastq.gz, trimmed_FASTQ/mouse_F_ldlr_PlaqueMacrophages_RNA_2301_DMSO_poolA_RK_I20231020_L004_R2_Trimmomatic.trimmed.fastq.gz
    wildcards: sample=mouse_F_ldlr_PlaqueMacrophages_RNA_2301_DMSO_poolA_RK_I20231020_L004
    threads: 128
    resources: mem_mb=512000, mem_mib=488282, disk_mb=5899, disk_mib=5626, tmpdir=<TBD>

Submitted job 1 with external jobid 'Submitted batch job 5305866'.
[Thu Jun  6 09:45:54 2024]
Finished job 1.
1 of 2 steps (50%) done
Select jobs to execute...

[Thu Jun  6 09:45:54 2024]
localrule all:
    input: trimmed_FASTQ/mouse_F_ldlr_PlaqueMacrophages_RNA_2301_DMSO_poolA_RK_I20231020_L004_R1_Trimmomatic.trimmed.fastq.gz, trimmed_FASTQ/mouse_F_ldlr_PlaqueMacrophages_RNA_2301_DMSO_poolA_RK_I20231020_L004_R2_Trimmomatic.trimmed.fastq.gz
    jobid: 0
    reason: Input files updated by another job: trimmed_FASTQ/mouse_F_ldlr_PlaqueMacrophages_RNA_2301_DMSO_poolA_RK_I20231020_L004_R1_Trimmomatic.trimmed.fastq.gz, trimmed_FASTQ/mouse_F_ldlr_PlaqueMacrophages_RNA_2301_DMSO_poolA_RK_I20231020_L004_R2_Trimmomatic.trimmed.fastq.gz
    resources: mem_mb=4678, mem_mib=4462, disk_mb=4678, disk_mib=4462, tmpdir=/tmp

[Thu Jun  6 09:45:54 2024]
Finished job 0.
2 of 2 steps (100%) done
Complete log: ../.snakemake/log/2024-06-06T093521.589574.snakemake.log
