Config file /net/beegfs/scratch/kcarroll/Amsterdam_UMC_Klinische_Genetica_Internship/omnomnomics/omnomnomics.run.2024-06-17.config.yaml is extended by additional config specified via the command line.
Building DAG of jobs...
Using shell: /usr/bin/bash
Provided cluster nodes: 1000
Job stats:
job                    count    min threads    max threads
-------------------  -------  -------------  -------------
all                        1              1              1
create_homer_tagDir        1              1              1
create_wiggles             1              1              1
merge_bam                  1            128            128
merge_wiggles              1            128            128
touchup_bam                1            128            128
total                      6              1            128

Select jobs to execute...

[Mon Jun 17 10:59:26 2024]
rule merge_bam:
    output: BAM/mouse_F_ldlr_PlaqueMacrophages_RNA_2301_DMSO_poolA_RK_I20231020.bam, BAM/mouse_F_ldlr_PlaqueMacrophages_RNA_2301_DMSO_poolA_RK_I20231020.extra.tmp
    jobid: 4
    reason: Forced execution
    wildcards: sample=mouse_F_ldlr_PlaqueMacrophages_RNA_2301_DMSO_poolA_RK_I20231020
    threads: 128
    resources: mem_mb=512000, mem_mib=488282, disk_mb=1000, disk_mib=954, tmpdir=<TBD>

Submitted job 4 with external jobid 'Submitted batch job 5332918'.

[Mon Jun 17 10:59:26 2024]
rule merge_wiggles:
    input: BigWigs/mouse_F_ldlr_PlaqueMacrophages_RNA_2301_DMSO_poolA_RK_I20231020.sorted.dups_marked.filtered.hub
    output: merged_hubs/extra.tmp
    jobid: 5
    reason: Forced execution
    threads: 128
    resources: mem_mb=128000, mem_mib=122071, disk_mb=1000, disk_mib=954, tmpdir=<TBD>

Submitted job 5 with external jobid 'Submitted batch job 5332919'.
[Mon Jun 17 10:59:36 2024]
Error in rule merge_bam:
    jobid: 4
    output: BAM/mouse_F_ldlr_PlaqueMacrophages_RNA_2301_DMSO_poolA_RK_I20231020.bam, BAM/mouse_F_ldlr_PlaqueMacrophages_RNA_2301_DMSO_poolA_RK_I20231020.extra.tmp
    cluster_jobid: Submitted batch job 5332918

Error executing rule merge_bam on cluster (jobid: 4, external: Submitted batch job 5332918, jobscript: /net/beegfs/scratch/kcarroll/Amsterdam_UMC_Klinische_Genetica_Internship/omnomnomics/.snakemake/tmp.k511xmod/snakejob.merge_bam.4.sh). For error details see the cluster log and the log files of the involved rule(s).
[Mon Jun 17 10:59:36 2024]
Finished job 5.
1 of 6 steps (17%) done
Shutting down, this might take some time.
Exiting because a job execution failed. Look above for error message
Complete log: ../.snakemake/log/2024-06-17T105924.744628.snakemake.log
