Config file /net/beegfs/scratch/kcarroll/Amsterdam UMC Klinische Genetica Internship/omnomnomics/omnomnomics.run.2024-06-04.config.yaml is extended by additional config specified via the command line.
Building DAG of jobs...
Using shell: /usr/bin/bash
Provided cluster nodes: 1000
Job stats:
job      count    min threads    max threads
-----  -------  -------------  -------------
all          1              1              1
rule1        1              1              1
total        2              1              1

Select jobs to execute...

[Tue Jun  4 16:45:06 2024]
rule rule1:
    input: FASTQ/test_test_test.fastq.gz
    output: trimmed_FASTQ/rule1_output.test_test_test.fastq.gz
    jobid: 1
    reason: Missing output files: trimmed_FASTQ/rule1_output.test_test_test.fastq.gz
    wildcards: sample=test_test_test
    resources: mem_mb=40000, mem_mib=38147, disk_mb=1000, disk_mib=954, tmpdir=<TBD>, threads=10

Submitted job 1 with external jobid 'Submitted batch job 5300945'.
[Tue Jun  4 16:45:16 2024]
Finished job 1.
1 of 2 steps (50%) done
Select jobs to execute...

[Tue Jun  4 16:45:16 2024]
localrule all:
    input: trimmed_FASTQ/rule1_output.test_test_test.fastq.gz
    jobid: 0
    reason: Input files updated by another job: trimmed_FASTQ/rule1_output.test_test_test.fastq.gz
    resources: mem_mb=1000, mem_mib=954, disk_mb=1000, disk_mib=954, tmpdir=/tmp

[Tue Jun  4 16:45:16 2024]
Finished job 0.
2 of 2 steps (100%) done
Complete log: ../.snakemake/log/2024-06-04T164504.655323.snakemake.log
