Config file /net/beegfs/scratch/kcarroll/Amsterdam_UMC_Klinische_Genetica_Internship/omnomnomics/omnomnomics.run.2024-06-18.config.yaml is extended by additional config specified via the command line.
Building DAG of jobs...
Using shell: /usr/bin/bash
Provided cluster nodes: 1000
Job stats:
job            count    min threads    max threads
-----------  -------  -------------  -------------
all                1              1              1
bam_stats          2              1              1
index_bam          2            128            128
merge_bam          2            128            128
run_fastqc         2            128            128
run_hisat2         2            128            128
run_skewer         2            128            128
touchup_bam        2            128            128
total             15              1            128

Select jobs to execute...

[Tue Jun 18 09:40:56 2024]
rule run_skewer:
    input: FASTQ/human_MDM_DNA_H3K27Me3_Ctr_DMSO_F_d285_RK_I20221209_L002_R1.fastq.gz, FASTQ/human_MDM_DNA_H3K27Me3_Ctr_DMSO_F_d285_RK_I20221209_L002_R2.fastq.gz
    output: trimmed_FASTQ/human_MDM_DNA_H3K27Me3_Ctr_DMSO_F_d285_RK_I20221209_L002_R1.trimmed.fastq.gz, trimmed_FASTQ/human_MDM_DNA_H3K27Me3_Ctr_DMSO_F_d285_RK_I20221209_L002_R2.trimmed.fastq.gz
    jobid: 2
    benchmark: trimmed_FASTQ/human_MDM_DNA_H3K27Me3_Ctr_DMSO_F_d285_RK_I20221209_L002_benchmark.tsv
    reason: Forced execution
    wildcards: sample=human_MDM_DNA_H3K27Me3_Ctr_DMSO_F_d285_RK_I20221209_L002
    threads: 128
    resources: mem_mb=512000, mem_mib=488282, disk_mb=10304, disk_mib=9827, tmpdir=<TBD>

Submitted job 2 with external jobid 'Submitted batch job 5338732'.

[Tue Jun 18 09:40:56 2024]
rule run_skewer:
    input: FASTQ/human_MDM_DNA_H3K27Me3_Ctr_DMSO_F_d284_RK_I20221209_L002_R1.fastq.gz, FASTQ/human_MDM_DNA_H3K27Me3_Ctr_DMSO_F_d284_RK_I20221209_L002_R2.fastq.gz
    output: trimmed_FASTQ/human_MDM_DNA_H3K27Me3_Ctr_DMSO_F_d284_RK_I20221209_L002_R1.trimmed.fastq.gz, trimmed_FASTQ/human_MDM_DNA_H3K27Me3_Ctr_DMSO_F_d284_RK_I20221209_L002_R2.trimmed.fastq.gz
    jobid: 1
    benchmark: trimmed_FASTQ/human_MDM_DNA_H3K27Me3_Ctr_DMSO_F_d284_RK_I20221209_L002_benchmark.tsv
    reason: Forced execution
    wildcards: sample=human_MDM_DNA_H3K27Me3_Ctr_DMSO_F_d284_RK_I20221209_L002
    threads: 128
    resources: mem_mb=512000, mem_mib=488282, disk_mb=9655, disk_mib=9208, tmpdir=<TBD>

Submitted job 1 with external jobid 'Submitted batch job 5338733'.

[Tue Jun 18 09:40:56 2024]
rule merge_bam:
    output: BAM/human_MDM_DNA_H3K27Me3_Ctr_DMSO_F_d285_RK_I20221209.bam, BAM/human_MDM_DNA_H3K27Me3_Ctr_DMSO_F_d285_RK_I20221209.extra.tmp
    jobid: 7
    benchmark: BAM/human_MDM_DNA_H3K27Me3_Ctr_DMSO_F_d285_RK_I20221209_benchmark.tsv
    reason: Forced execution
    wildcards: sample=human_MDM_DNA_H3K27Me3_Ctr_DMSO_F_d285_RK_I20221209
    threads: 128
    resources: mem_mb=512000, mem_mib=488282, disk_mb=1000, disk_mib=954, tmpdir=<TBD>

Submitted job 7 with external jobid 'Submitted batch job 5338734'.

[Tue Jun 18 09:40:56 2024]
rule merge_bam:
    output: BAM/human_MDM_DNA_H3K27Me3_Ctr_DMSO_F_d284_RK_I20221209.bam, BAM/human_MDM_DNA_H3K27Me3_Ctr_DMSO_F_d284_RK_I20221209.extra.tmp
    jobid: 8
    benchmark: BAM/human_MDM_DNA_H3K27Me3_Ctr_DMSO_F_d284_RK_I20221209_benchmark.tsv
    reason: Forced execution
    wildcards: sample=human_MDM_DNA_H3K27Me3_Ctr_DMSO_F_d284_RK_I20221209
    threads: 128
    resources: mem_mb=512000, mem_mib=488282, disk_mb=1000, disk_mib=954, tmpdir=<TBD>

Submitted job 8 with external jobid 'Submitted batch job 5338735'.
[Tue Jun 18 09:41:06 2024]
Error in rule merge_bam:
    jobid: 7
    output: BAM/human_MDM_DNA_H3K27Me3_Ctr_DMSO_F_d285_RK_I20221209.bam, BAM/human_MDM_DNA_H3K27Me3_Ctr_DMSO_F_d285_RK_I20221209.extra.tmp
    cluster_jobid: Submitted batch job 5338734

Error executing rule merge_bam on cluster (jobid: 7, external: Submitted batch job 5338734, jobscript: /net/beegfs/scratch/kcarroll/Amsterdam_UMC_Klinische_Genetica_Internship/omnomnomics/.snakemake/tmp.sh9oh1xl/snakejob.merge_bam.7.sh). For error details see the cluster log and the log files of the involved rule(s).
[Tue Jun 18 09:41:06 2024]
Error in rule merge_bam:
    jobid: 8
    output: BAM/human_MDM_DNA_H3K27Me3_Ctr_DMSO_F_d284_RK_I20221209.bam, BAM/human_MDM_DNA_H3K27Me3_Ctr_DMSO_F_d284_RK_I20221209.extra.tmp
    cluster_jobid: Submitted batch job 5338735

Error executing rule merge_bam on cluster (jobid: 8, external: Submitted batch job 5338735, jobscript: /net/beegfs/scratch/kcarroll/Amsterdam_UMC_Klinische_Genetica_Internship/omnomnomics/.snakemake/tmp.sh9oh1xl/snakejob.merge_bam.8.sh). For error details see the cluster log and the log files of the involved rule(s).
[Tue Jun 18 09:58:08 2024]
Finished job 1.
1 of 15 steps (7%) done
[Tue Jun 18 09:59:08 2024]
Finished job 2.
2 of 15 steps (13%) done
Shutting down, this might take some time.
Exiting because a job execution failed. Look above for error message
Complete log: ../.snakemake/log/2024-06-18T094054.808649.snakemake.log
