Config file /net/beegfs/scratch/kcarroll/Amsterdam_UMC_Klinische_Genetica_Internship/omnomnomics/omnomnomics.run.2024-06-17.config.yaml is extended by additional config specified via the command line.
Building DAG of jobs...
Using shell: /usr/bin/bash
Provided cluster nodes: 1000
Job stats:
job           count    min threads    max threads
----------  -------  -------------  -------------
all               1              1              1
run_fastqc        2            128            128
total             3              1            128

Select jobs to execute...

[Mon Jun 17 20:35:37 2024]
rule run_fastqc:
    input: trimmed_FASTQ/human_MDM_DNA_H3K27Me3_Ctr_DMSO_F_d284_RK_I20221209_L002_R1.trimmed.fastq.gz, trimmed_FASTQ/human_MDM_DNA_H3K27Me3_Ctr_DMSO_F_d284_RK_I20221209_L002_R2.trimmed.fastq.gz
    output: fastqc_reports/human_MDM_DNA_H3K27Me3_Ctr_DMSO_F_d284_RK_I20221209_L002_R1.trimmed_fastqc.html, fastqc_reports/human_MDM_DNA_H3K27Me3_Ctr_DMSO_F_d284_RK_I20221209_L002_R2.trimmed_fastqc.html, fastqc_reports/human_MDM_DNA_H3K27Me3_Ctr_DMSO_F_d284_RK_I20221209_L002_R1.trimmed_fastqc.zip, fastqc_reports/human_MDM_DNA_H3K27Me3_Ctr_DMSO_F_d284_RK_I20221209_L002_R2.trimmed_fastqc.zip
    jobid: 2
    reason: Forced execution
    wildcards: sample=human_MDM_DNA_H3K27Me3_Ctr_DMSO_F_d284_RK_I20221209_L002
    threads: 128
    resources: mem_mb=512000, mem_mib=488282, disk_mb=7817, disk_mib=7455, tmpdir=<TBD>

Submitted job 2 with external jobid 'Submitted batch job 5336505'.

[Mon Jun 17 20:35:37 2024]
rule run_fastqc:
    input: trimmed_FASTQ/mouse_F_ldlr_PlaqueMacrophages_RNA_2301_DMSO_poolA_RK_I20231020_L004_R1.trimmed.fastq.gz, trimmed_FASTQ/mouse_F_ldlr_PlaqueMacrophages_RNA_2301_DMSO_poolA_RK_I20231020_L004_R2.trimmed.fastq.gz
    output: fastqc_reports/mouse_F_ldlr_PlaqueMacrophages_RNA_2301_DMSO_poolA_RK_I20231020_L004_R1.trimmed_fastqc.html, fastqc_reports/mouse_F_ldlr_PlaqueMacrophages_RNA_2301_DMSO_poolA_RK_I20231020_L004_R2.trimmed_fastqc.html, fastqc_reports/mouse_F_ldlr_PlaqueMacrophages_RNA_2301_DMSO_poolA_RK_I20231020_L004_R1.trimmed_fastqc.zip, fastqc_reports/mouse_F_ldlr_PlaqueMacrophages_RNA_2301_DMSO_poolA_RK_I20231020_L004_R2.trimmed_fastqc.zip
    jobid: 1
    reason: Forced execution
    wildcards: sample=mouse_F_ldlr_PlaqueMacrophages_RNA_2301_DMSO_poolA_RK_I20231020_L004
    threads: 128
    resources: mem_mb=512000, mem_mib=488282, disk_mb=4815, disk_mib=4592, tmpdir=<TBD>

Submitted job 1 with external jobid 'Submitted batch job 5336506'.
[Mon Jun 17 20:35:47 2024]
Error in rule run_fastqc:
    jobid: 2
    input: trimmed_FASTQ/human_MDM_DNA_H3K27Me3_Ctr_DMSO_F_d284_RK_I20221209_L002_R1.trimmed.fastq.gz, trimmed_FASTQ/human_MDM_DNA_H3K27Me3_Ctr_DMSO_F_d284_RK_I20221209_L002_R2.trimmed.fastq.gz
    output: fastqc_reports/human_MDM_DNA_H3K27Me3_Ctr_DMSO_F_d284_RK_I20221209_L002_R1.trimmed_fastqc.html, fastqc_reports/human_MDM_DNA_H3K27Me3_Ctr_DMSO_F_d284_RK_I20221209_L002_R2.trimmed_fastqc.html, fastqc_reports/human_MDM_DNA_H3K27Me3_Ctr_DMSO_F_d284_RK_I20221209_L002_R1.trimmed_fastqc.zip, fastqc_reports/human_MDM_DNA_H3K27Me3_Ctr_DMSO_F_d284_RK_I20221209_L002_R2.trimmed_fastqc.zip
    cluster_jobid: Submitted batch job 5336505

Error executing rule run_fastqc on cluster (jobid: 2, external: Submitted batch job 5336505, jobscript: /net/beegfs/scratch/kcarroll/Amsterdam_UMC_Klinische_Genetica_Internship/omnomnomics/.snakemake/tmp.5zk67bv0/snakejob.run_fastqc.2.sh). For error details see the cluster log and the log files of the involved rule(s).
[Mon Jun 17 20:35:47 2024]
Error in rule run_fastqc:
    jobid: 1
    input: trimmed_FASTQ/mouse_F_ldlr_PlaqueMacrophages_RNA_2301_DMSO_poolA_RK_I20231020_L004_R1.trimmed.fastq.gz, trimmed_FASTQ/mouse_F_ldlr_PlaqueMacrophages_RNA_2301_DMSO_poolA_RK_I20231020_L004_R2.trimmed.fastq.gz
    output: fastqc_reports/mouse_F_ldlr_PlaqueMacrophages_RNA_2301_DMSO_poolA_RK_I20231020_L004_R1.trimmed_fastqc.html, fastqc_reports/mouse_F_ldlr_PlaqueMacrophages_RNA_2301_DMSO_poolA_RK_I20231020_L004_R2.trimmed_fastqc.html, fastqc_reports/mouse_F_ldlr_PlaqueMacrophages_RNA_2301_DMSO_poolA_RK_I20231020_L004_R1.trimmed_fastqc.zip, fastqc_reports/mouse_F_ldlr_PlaqueMacrophages_RNA_2301_DMSO_poolA_RK_I20231020_L004_R2.trimmed_fastqc.zip
    cluster_jobid: Submitted batch job 5336506

Error executing rule run_fastqc on cluster (jobid: 1, external: Submitted batch job 5336506, jobscript: /net/beegfs/scratch/kcarroll/Amsterdam_UMC_Klinische_Genetica_Internship/omnomnomics/.snakemake/tmp.5zk67bv0/snakejob.run_fastqc.1.sh). For error details see the cluster log and the log files of the involved rule(s).
Shutting down, this might take some time.
Exiting because a job execution failed. Look above for error message
Complete log: ../.snakemake/log/2024-06-17T203534.934170.snakemake.log
