Config file /net/beegfs/scratch/kcarroll/Amsterdam_UMC_Klinische_Genetica_Internship/omnomnomics/omnomnomics.run.2024-06-12.config.yaml is extended by additional config specified via the command line.
Building DAG of jobs...
Using shell: /usr/bin/bash
Provided cluster nodes: 1000
Job stats:
job            count    min threads    max threads
-----------  -------  -------------  -------------
all                1              1              1
merge_bam          1            128            128
touchup_bam        1            128            128
total              3              1            128

Resources before job selection: {'_cores': 9223372036854775807, '_nodes': 1000}
Ready jobs (1)
Select jobs to execute...
Selected jobs (1)
Resources after job selection: {'_cores': 9223372036854775679, '_nodes': 999}

[Wed Jun 12 19:26:50 2024]
rule merge_bam:
    output: BAM/mouse_F_ldlr_PlaqueMacrophages_RNA_2301_DMSO_poolA_RK_I20231020.bam, BAM/mouse_F_ldlr_PlaqueMacrophages_RNA_2301_DMSO_poolA_RK_I20231020.extra.tmp
    jobid: 2
    reason: Set of input files has changed since last execution
    wildcards: sample=mouse_F_ldlr_PlaqueMacrophages_RNA_2301_DMSO_poolA_RK_I20231020
    threads: 128
    resources: mem_mb=512000, mem_mib=488282, disk_mb=1000, disk_mib=954, tmpdir=<TBD>

Jobscript:
#!/bin/sh
# properties = {"type": "single", "rule": "merge_bam", "local": false, "input": [], "output": ["BAM/mouse_F_ldlr_PlaqueMacrophages_RNA_2301_DMSO_poolA_RK_I20231020.bam", "BAM/mouse_F_ldlr_PlaqueMacrophages_RNA_2301_DMSO_poolA_RK_I20231020.extra.tmp"], "wildcards": {"sample": "mouse_F_ldlr_PlaqueMacrophages_RNA_2301_DMSO_poolA_RK_I20231020"}, "params": {"inputfolder": "BAM", "outputfolder": "BAM"}, "log": [], "threads": 128, "resources": {"mem_mb": 512000, "mem_mib": 488282, "disk_mb": 1000, "disk_mib": 954, "tmpdir": "<TBD>"}, "jobid": 2, "cluster": {}}
cd '/net/beegfs/scratch/kcarroll/Amsterdam_UMC_Klinische_Genetica_Internship' && /trinity/shared/apps/snakemake/bin/export/python3.11 -m snakemake --snakefile '/net/beegfs/scratch/kcarroll/Amsterdam_UMC_Klinische_Genetica_Internship/omnomnomics/Snakefile.smk' --target-jobs 'merge_bam:sample=mouse_F_ldlr_PlaqueMacrophages_RNA_2301_DMSO_poolA_RK_I20231020' --allowed-rules 'merge_bam' --cores 'all' --attempt 1 --force-use-threads  --resources 'mem_mb=512000' 'mem_mib=488282' 'disk_mb=1000' 'disk_mib=954' --wait-for-files '/net/beegfs/scratch/kcarroll/Amsterdam_UMC_Klinische_Genetica_Internship/omnomnomics/.snakemake/tmp.0ogjcph5' --force --keep-target-files --keep-remote --max-inventory-time 0 --nocolor --notemp --no-hooks --nolock --ignore-incomplete --rerun-triggers 'params' 'mtime' 'input' 'software-env' 'code' --skip-script-cleanup  --conda-frontend 'mamba' --wrapper-prefix 'https://github.com/snakemake/snakemake-wrappers/raw/' --config 'config_file=/net/beegfs/scratch/kcarroll/Amsterdam_UMC_Klinische_Genetica_Internship/omnomnomics/omnomnomics.run.2024-06-12.config.yaml' --latency-wait 5 --scheduler 'greedy' --scheduler-solver-path '/trinity/shared/apps/snakemake/bin/export' --default-resources 'mem_mb=max(2*input.size_mb, 1000)' 'disk_mb=max(2*input.size_mb, 1000)' 'tmpdir=system_tmpdir' --mode 2 && touch '/net/beegfs/scratch/kcarroll/Amsterdam_UMC_Klinische_Genetica_Internship/omnomnomics/.snakemake/tmp.0ogjcph5/2.jobfinished' || (touch '/net/beegfs/scratch/kcarroll/Amsterdam_UMC_Klinische_Genetica_Internship/omnomnomics/.snakemake/tmp.0ogjcph5/2.jobfailed'; exit 1)

Submitted job 2 with external jobid 'Submitted batch job 5321983'.
[Wed Jun 12 19:27:00 2024]
Error in rule merge_bam:
    jobid: 2
    output: BAM/mouse_F_ldlr_PlaqueMacrophages_RNA_2301_DMSO_poolA_RK_I20231020.bam, BAM/mouse_F_ldlr_PlaqueMacrophages_RNA_2301_DMSO_poolA_RK_I20231020.extra.tmp
    cluster_jobid: Submitted batch job 5321983

Error executing rule merge_bam on cluster (jobid: 2, external: Submitted batch job 5321983, jobscript: /net/beegfs/scratch/kcarroll/Amsterdam_UMC_Klinische_Genetica_Internship/omnomnomics/.snakemake/tmp.0ogjcph5/snakejob.merge_bam.2.sh). For error details see the cluster log and the log files of the involved rule(s).
Cleanup job metadata.
Cleanup failed jobs output files.
Shutting down, this might take some time.
Exiting because a job execution failed. Look above for error message
Complete log: ../.snakemake/log/2024-06-12T192648.211297.snakemake.log
unlocking
removing lock
removing lock
removed all locks
