Config file /net/beegfs/scratch/kcarroll/Amsterdam_UMC_Klinische_Genetica_Internship/omnomnomics/omnomnomics.run.2024-06-19.config.yaml is extended by additional config specified via the command line.
Building DAG of jobs...
Using shell: /usr/bin/bash
Provided cluster nodes: 1000
Job stats:
job           count    min threads    max threads
----------  -------  -------------  -------------
all               1              1              1
run_fastqc        2             16             16
run_hisat2        2             32             32
total             5              1             32

Select jobs to execute...

[Wed Jun 19 14:37:25 2024]
rule run_fastqc:
    input: trimmed_FASTQ/human_MDM_DNA_H3K27Me3_Ctr_DMSO_F_d285_RK_I20221209_L002_R1.trimmed.fastq.gz, trimmed_FASTQ/human_MDM_DNA_H3K27Me3_Ctr_DMSO_F_d285_RK_I20221209_L002_R2.trimmed.fastq.gz
    output: fastqc_reports/human_MDM_DNA_H3K27Me3_Ctr_DMSO_F_d285_RK_I20221209_L002_R1.trimmed_fastqc.html, fastqc_reports/human_MDM_DNA_H3K27Me3_Ctr_DMSO_F_d285_RK_I20221209_L002_R2.trimmed_fastqc.html, fastqc_reports/human_MDM_DNA_H3K27Me3_Ctr_DMSO_F_d285_RK_I20221209_L002_R1.trimmed_fastqc.zip, fastqc_reports/human_MDM_DNA_H3K27Me3_Ctr_DMSO_F_d285_RK_I20221209_L002_R2.trimmed_fastqc.zip
    jobid: 1
    benchmark: fastqc_reports/human_MDM_DNA_H3K27Me3_Ctr_DMSO_F_d285_RK_I20221209_L002_fastqc_benchmark.tsv
    reason: Forced execution
    wildcards: sample=human_MDM_DNA_H3K27Me3_Ctr_DMSO_F_d285_RK_I20221209_L002
    threads: 16
    resources: mem_mb=64000, mem_mib=61036, disk_mb=8704, disk_mib=8301, tmpdir=<TBD>

Submitted job 1 with external jobid 'Submitted batch job 5341896'.

[Wed Jun 19 14:37:25 2024]
rule run_fastqc:
    input: trimmed_FASTQ/human_MDM_DNA_H3K27Me3_Ctr_DMSO_F_d284_RK_I20221209_L002_R1.trimmed.fastq.gz, trimmed_FASTQ/human_MDM_DNA_H3K27Me3_Ctr_DMSO_F_d284_RK_I20221209_L002_R2.trimmed.fastq.gz
    output: fastqc_reports/human_MDM_DNA_H3K27Me3_Ctr_DMSO_F_d284_RK_I20221209_L002_R1.trimmed_fastqc.html, fastqc_reports/human_MDM_DNA_H3K27Me3_Ctr_DMSO_F_d284_RK_I20221209_L002_R2.trimmed_fastqc.html, fastqc_reports/human_MDM_DNA_H3K27Me3_Ctr_DMSO_F_d284_RK_I20221209_L002_R1.trimmed_fastqc.zip, fastqc_reports/human_MDM_DNA_H3K27Me3_Ctr_DMSO_F_d284_RK_I20221209_L002_R2.trimmed_fastqc.zip
    jobid: 3
    benchmark: fastqc_reports/human_MDM_DNA_H3K27Me3_Ctr_DMSO_F_d284_RK_I20221209_L002_fastqc_benchmark.tsv
    reason: Forced execution
    wildcards: sample=human_MDM_DNA_H3K27Me3_Ctr_DMSO_F_d284_RK_I20221209_L002
    threads: 16
    resources: mem_mb=64000, mem_mib=61036, disk_mb=8138, disk_mib=7762, tmpdir=<TBD>

Submitted job 3 with external jobid 'Submitted batch job 5341897'.

[Wed Jun 19 14:37:25 2024]
rule run_hisat2:
    input: trimmed_FASTQ/human_MDM_DNA_H3K27Me3_Ctr_DMSO_F_d285_RK_I20221209_L002_R1.trimmed.fastq.gz, trimmed_FASTQ/human_MDM_DNA_H3K27Me3_Ctr_DMSO_F_d285_RK_I20221209_L002_R2.trimmed.fastq.gz
    output: BAM/human_MDM_DNA_H3K27Me3_Ctr_DMSO_F_d285_RK_I20221209_L002.bam, BAM/human_MDM_DNA_H3K27Me3_Ctr_DMSO_F_d285_RK_I20221209_L002.HISAT2_stats.txt, BAM/human_MDM_DNA_H3K27Me3_Ctr_DMSO_F_d285_RK_I20221209_L002.extra_3.tmp
    jobid: 5
    benchmark: BAM/human_MDM_DNA_H3K27Me3_Ctr_DMSO_F_d285_RK_I20221209_L002_hisat2_benchmark.tsv
    reason: Forced execution
    wildcards: sample1=human_MDM_DNA_H3K27Me3_Ctr_DMSO_F_d285_RK_I20221209_L002
    threads: 32
    resources: mem_mb=4000, mem_mib=3815, disk_mb=8704, disk_mib=8301, tmpdir=<TBD>

Submitted job 5 with external jobid 'Submitted batch job 5341898'.

[Wed Jun 19 14:37:25 2024]
rule run_hisat2:
    input: trimmed_FASTQ/human_MDM_DNA_H3K27Me3_Ctr_DMSO_F_d284_RK_I20221209_L002_R1.trimmed.fastq.gz, trimmed_FASTQ/human_MDM_DNA_H3K27Me3_Ctr_DMSO_F_d284_RK_I20221209_L002_R2.trimmed.fastq.gz
    output: BAM/human_MDM_DNA_H3K27Me3_Ctr_DMSO_F_d284_RK_I20221209_L002.bam, BAM/human_MDM_DNA_H3K27Me3_Ctr_DMSO_F_d284_RK_I20221209_L002.HISAT2_stats.txt, BAM/human_MDM_DNA_H3K27Me3_Ctr_DMSO_F_d284_RK_I20221209_L002.extra_3.tmp
    jobid: 6
    benchmark: BAM/human_MDM_DNA_H3K27Me3_Ctr_DMSO_F_d284_RK_I20221209_L002_hisat2_benchmark.tsv
    reason: Forced execution
    wildcards: sample1=human_MDM_DNA_H3K27Me3_Ctr_DMSO_F_d284_RK_I20221209_L002
    threads: 32
    resources: mem_mb=4000, mem_mib=3815, disk_mb=8138, disk_mib=7762, tmpdir=<TBD>

Submitted job 6 with external jobid 'Submitted batch job 5341899'.
[Wed Jun 19 14:37:35 2024]
Error in rule run_hisat2:
    jobid: 6
    input: trimmed_FASTQ/human_MDM_DNA_H3K27Me3_Ctr_DMSO_F_d284_RK_I20221209_L002_R1.trimmed.fastq.gz, trimmed_FASTQ/human_MDM_DNA_H3K27Me3_Ctr_DMSO_F_d284_RK_I20221209_L002_R2.trimmed.fastq.gz
    output: BAM/human_MDM_DNA_H3K27Me3_Ctr_DMSO_F_d284_RK_I20221209_L002.bam, BAM/human_MDM_DNA_H3K27Me3_Ctr_DMSO_F_d284_RK_I20221209_L002.HISAT2_stats.txt, BAM/human_MDM_DNA_H3K27Me3_Ctr_DMSO_F_d284_RK_I20221209_L002.extra_3.tmp
    cluster_jobid: Submitted batch job 5341899

Error executing rule run_hisat2 on cluster (jobid: 6, external: Submitted batch job 5341899, jobscript: /net/beegfs/scratch/kcarroll/Amsterdam_UMC_Klinische_Genetica_Internship/omnomnomics/.snakemake/tmp.8bo__zu8/snakejob.run_hisat2.6.sh). For error details see the cluster log and the log files of the involved rule(s).
[Wed Jun 19 14:37:45 2024]
Error in rule run_hisat2:
    jobid: 5
    input: trimmed_FASTQ/human_MDM_DNA_H3K27Me3_Ctr_DMSO_F_d285_RK_I20221209_L002_R1.trimmed.fastq.gz, trimmed_FASTQ/human_MDM_DNA_H3K27Me3_Ctr_DMSO_F_d285_RK_I20221209_L002_R2.trimmed.fastq.gz
    output: BAM/human_MDM_DNA_H3K27Me3_Ctr_DMSO_F_d285_RK_I20221209_L002.bam, BAM/human_MDM_DNA_H3K27Me3_Ctr_DMSO_F_d285_RK_I20221209_L002.HISAT2_stats.txt, BAM/human_MDM_DNA_H3K27Me3_Ctr_DMSO_F_d285_RK_I20221209_L002.extra_3.tmp
    cluster_jobid: Submitted batch job 5341898

Error executing rule run_hisat2 on cluster (jobid: 5, external: Submitted batch job 5341898, jobscript: /net/beegfs/scratch/kcarroll/Amsterdam_UMC_Klinische_Genetica_Internship/omnomnomics/.snakemake/tmp.8bo__zu8/snakejob.run_hisat2.5.sh). For error details see the cluster log and the log files of the involved rule(s).
[Wed Jun 19 14:41:16 2024]
Finished job 3.
1 of 5 steps (20%) done
[Wed Jun 19 14:41:36 2024]
Finished job 1.
2 of 5 steps (40%) done
Shutting down, this might take some time.
Exiting because a job execution failed. Look above for error message
Complete log: ../.snakemake/log/2024-06-19T143723.797656.snakemake.log
