Config file /net/beegfs/scratch/kcarroll/Amsterdam UMC Klinische Genetica Internship/omnomnomics/omnomnomics.run.2024-06-05.config.yaml is extended by additional config specified via the command line.
Building DAG of jobs...
Using shell: /usr/bin/bash
Provided cluster nodes: 1000
Job stats:
job      count    min threads    max threads
-----  -------  -------------  -------------
all          1              1              1
rule1        1            128            128
total        2              1            128

Select jobs to execute...

[Wed Jun  5 12:08:39 2024]
rule rule1:
    input: FASTQ/test_test_test.fastq.gz
    output: trimmed_FASTQ/rule1_output.test_test_test.fastq.gz
    jobid: 1
    reason: Missing output files: trimmed_FASTQ/rule1_output.test_test_test.fastq.gz
    wildcards: sample=test_test_test
    threads: 128
    resources: mem_mb=1000, mem_mib=954, disk_mb=1000, disk_mib=954, tmpdir=<TBD>

Submitted job 1 with external jobid 'Submitted batch job 5303132'.
[Wed Jun  5 12:08:49 2024]
Error in rule rule1:
    jobid: 1
    input: FASTQ/test_test_test.fastq.gz
    output: trimmed_FASTQ/rule1_output.test_test_test.fastq.gz
    cluster_jobid: Submitted batch job 5303132

Error executing rule rule1 on cluster (jobid: 1, external: Submitted batch job 5303132, jobscript: /net/beegfs/scratch/kcarroll/Amsterdam UMC Klinische Genetica Internship/omnomnomics/.snakemake/tmp.c5_29341/snakejob.rule1.1.sh). For error details see the cluster log and the log files of the involved rule(s).
Shutting down, this might take some time.
Exiting because a job execution failed. Look above for error message
Complete log: ../.snakemake/log/2024-06-05T120838.058835.snakemake.log
