Config file /net/beegfs/scratch/kcarroll/Amsterdam_UMC_Klinische_Genetica_Internship/omnomnomics/omnomnomics.run.2024-06-12.config.yaml is extended by additional config specified via the command line.
Building DAG of jobs...
Full Traceback (most recent call last):
  File "/trinity/shared/apps/snakemake/lib/python3.11/site-packages/snakemake/__init__.py", line 757, in snakemake
    success = workflow.execute(
              ^^^^^^^^^^^^^^^^^
  File "/trinity/shared/apps/snakemake/lib/python3.11/site-packages/snakemake/workflow.py", line 747, in execute
    dag.init()
  File "/trinity/shared/apps/snakemake/lib/python3.11/site-packages/snakemake/dag.py", line 207, in init
    job = self.update([job], progress=progress, create_inventory=True)
          ^^^^^^^^^^^^^^^^^^^^^^^^^^^^^^^^^^^^^^^^^^^^^^^^^^^^^^^^^^^^
  File "/trinity/shared/apps/snakemake/lib/python3.11/site-packages/snakemake/dag.py", line 877, in update
    self.update_(
  File "/trinity/shared/apps/snakemake/lib/python3.11/site-packages/snakemake/dag.py", line 992, in update_
    selected_job = self.update(
                   ^^^^^^^^^^^^
  File "/trinity/shared/apps/snakemake/lib/python3.11/site-packages/snakemake/dag.py", line 877, in update
    self.update_(
  File "/trinity/shared/apps/snakemake/lib/python3.11/site-packages/snakemake/dag.py", line 992, in update_
    selected_job = self.update(
                   ^^^^^^^^^^^^
  File "/trinity/shared/apps/snakemake/lib/python3.11/site-packages/snakemake/dag.py", line 932, in update
    raise AmbiguousRuleException(file, producer, ambiguities[0])
snakemake.exceptions.AmbiguousRuleException: Rules run_star_te and merge_bam are ambiguous for the file BAM/mouse_F_ldlr_PlaqueMacrophages_RNA_2301_DMSO_poolA_RK_I20231020_L004.bam.
Consider starting rule output with a unique prefix, constrain your wildcards, or use the ruleorder directive.
Wildcards:
	run_star_te: sample=mouse_F_ldlr_PlaqueMacrophages_RNA_2301_DMSO_poolA_RK_I20231020_L004
	merge_bam: sample=mouse_F_ldlr_PlaqueMacrophages_RNA_2301_DMSO_poolA_RK_I20231020_L004
Expected input files:
	run_star_te: trimmed_FASTQ/mouse_F_ldlr_PlaqueMacrophages_RNA_2301_DMSO_poolA_RK_I20231020_L004_R1.trimmed.fastq.gz trimmed_FASTQ/mouse_F_ldlr_PlaqueMacrophages_RNA_2301_DMSO_poolA_RK_I20231020_L004_R2.trimmed.fastq.gz
	merge_bam: 
Expected output files:
	run_star_te: BAM/mouse_F_ldlr_PlaqueMacrophages_RNA_2301_DMSO_poolA_RK_I20231020_L004.bam BAM/mouse_F_ldlr_PlaqueMacrophages_RNA_2301_DMSO_poolA_RK_I20231020_L004.STAR_TE_stats.txt
	merge_bam: BAM/mouse_F_ldlr_PlaqueMacrophages_RNA_2301_DMSO_poolA_RK_I20231020_L004.bam

AmbiguousRuleException:
Rules run_star_te and merge_bam are ambiguous for the file BAM/mouse_F_ldlr_PlaqueMacrophages_RNA_2301_DMSO_poolA_RK_I20231020_L004.bam.
Consider starting rule output with a unique prefix, constrain your wildcards, or use the ruleorder directive.
Wildcards:
	run_star_te: sample=mouse_F_ldlr_PlaqueMacrophages_RNA_2301_DMSO_poolA_RK_I20231020_L004
	merge_bam: sample=mouse_F_ldlr_PlaqueMacrophages_RNA_2301_DMSO_poolA_RK_I20231020_L004
Expected input files:
	run_star_te: trimmed_FASTQ/mouse_F_ldlr_PlaqueMacrophages_RNA_2301_DMSO_poolA_RK_I20231020_L004_R1.trimmed.fastq.gz trimmed_FASTQ/mouse_F_ldlr_PlaqueMacrophages_RNA_2301_DMSO_poolA_RK_I20231020_L004_R2.trimmed.fastq.gz
	merge_bam: 
Expected output files:
	run_star_te: BAM/mouse_F_ldlr_PlaqueMacrophages_RNA_2301_DMSO_poolA_RK_I20231020_L004.bam BAM/mouse_F_ldlr_PlaqueMacrophages_RNA_2301_DMSO_poolA_RK_I20231020_L004.STAR_TE_stats.txt
	merge_bam: BAM/mouse_F_ldlr_PlaqueMacrophages_RNA_2301_DMSO_poolA_RK_I20231020_L004.bam
unlocking
removed all locks
