Config file /net/beegfs/scratch/kcarroll/Amsterdam_UMC_Klinische_Genetica_Internship/omnomnomics/omnomnomics.run.2024-06-19.config.yaml is extended by additional config specified via the command line.
Building DAG of jobs...
Using shell: /usr/bin/bash
Provided cluster nodes: 1000
Job stats:
job           count    min threads    max threads
----------  -------  -------------  -------------
all               1              1              1
run_skewer        1             32             32
total             2              1             32

Select jobs to execute...

[Wed Jun 19 17:53:57 2024]
rule run_skewer:
    input: FASTQ/human_MDM_DNA_H3K27Me3_Ctr_DMSO_F_d284_RK_I20221209_L002_R1.fastq.gz
    output: trimmed_FASTQ/human_MDM_DNA_H3K27Me3_Ctr_DMSO_F_d284_RK_I20221209_L002.trimmed.fastq.gz
    jobid: 1
    benchmark: trimmed_FASTQ/human_MDM_DNA_H3K27Me3_Ctr_DMSO_F_d284_RK_I20221209_L002_skewer_benchmark.tsv
    reason: Forced execution
    wildcards: sample=human_MDM_DNA_H3K27Me3_Ctr_DMSO_F_d284_RK_I20221209_L002
    threads: 32
    resources: mem_mb=128000, mem_mib=122071, disk_mb=4741, disk_mib=4522, tmpdir=<TBD>

Submitted job 1 with external jobid 'Submitted batch job 5341983'.
[Wed Jun 19 18:10:42 2024]
Error in rule run_skewer:
    jobid: 1
    input: FASTQ/human_MDM_DNA_H3K27Me3_Ctr_DMSO_F_d284_RK_I20221209_L002_R1.fastq.gz
    output: trimmed_FASTQ/human_MDM_DNA_H3K27Me3_Ctr_DMSO_F_d284_RK_I20221209_L002.trimmed.fastq.gz
    cluster_jobid: Submitted batch job 5341983

Error executing rule run_skewer on cluster (jobid: 1, external: Submitted batch job 5341983, jobscript: /net/beegfs/scratch/kcarroll/Amsterdam_UMC_Klinische_Genetica_Internship/omnomnomics/.snakemake/tmp.ixim5xqf/snakejob.run_skewer.1.sh). For error details see the cluster log and the log files of the involved rule(s).
Shutting down, this might take some time.
Exiting because a job execution failed. Look above for error message
Complete log: ../.snakemake/log/2024-06-19T175355.517474.snakemake.log
