Config file /net/beegfs/scratch/kcarroll/Amsterdam_UMC_Klinische_Genetica_Internship/omnomnomics/omnomnomics.run.2024-06-19.config.yaml is extended by additional config specified via the command line.
Building DAG of jobs...
Using shell: /usr/bin/bash
Provided cluster nodes: 1000
Job stats:
job            count    min threads    max threads
-----------  -------  -------------  -------------
all                1              1              1
count_reads        1            128            128
total              2              1            128

Select jobs to execute...

[Wed Jun 19 10:50:32 2024]
rule count_reads:
    output: DE_calling/extra_12.tmp
    jobid: 0
    benchmark: DE_calling/counts_reads_benchmark.tsv
    reason: Forced execution
    threads: 128
    resources: mem_mb=512000, mem_mib=488282, disk_mb=1000, disk_mib=954, tmpdir=<TBD>

Submitted job 0 with external jobid 'Submitted batch job 5341770'.
[Wed Jun 19 10:50:42 2024]
Error in rule count_reads:
    jobid: 0
    output: DE_calling/extra_12.tmp
    cluster_jobid: Submitted batch job 5341770

Error executing rule count_reads on cluster (jobid: 0, external: Submitted batch job 5341770, jobscript: /net/beegfs/scratch/kcarroll/Amsterdam_UMC_Klinische_Genetica_Internship/omnomnomics/.snakemake/tmp.lb3xgbhy/snakejob.count_reads.0.sh). For error details see the cluster log and the log files of the involved rule(s).
Shutting down, this might take some time.
Exiting because a job execution failed. Look above for error message
Complete log: ../.snakemake/log/2024-06-19T105030.928951.snakemake.log
