Config file /net/beegfs/scratch/kcarroll/Amsterdam_UMC_Klinische_Genetica_Internship/omnomnomics/omnomnomics.run.2024-06-19.config.yaml is extended by additional config specified via the command line.
Building DAG of jobs...
Using shell: /usr/bin/bash
Provided cluster nodes: 1000
Job stats:
job            count    min threads    max threads
-----------  -------  -------------  -------------
all                1              1              1
count_reads        1            128            128
total              2              1            128

Select jobs to execute...

[Wed Jun 19 10:52:19 2024]
rule count_reads:
    output: DE_calling/extra_12.tmp
    jobid: 1
    benchmark: DE_calling/counts_reads_benchmark.tsv
    reason: Forced execution
    threads: 128
    resources: mem_mb=512000, mem_mib=488282, disk_mb=1000, disk_mib=954, tmpdir=<TBD>

Submitted job 1 with external jobid 'Submitted batch job 5341772'.
[Wed Jun 19 10:52:29 2024]
Finished job 1.
1 of 2 steps (50%) done
Select jobs to execute...

[Wed Jun 19 10:52:29 2024]
localrule all:
    input: DE_calling/extra_12.tmp
    jobid: 0
    reason: Input files updated by another job: DE_calling/extra_12.tmp
    resources: mem_mb=1000, mem_mib=954, disk_mb=1000, disk_mib=954, tmpdir=/tmp

[Wed Jun 19 10:52:29 2024]
Finished job 0.
2 of 2 steps (100%) done
Complete log: ../.snakemake/log/2024-06-19T105218.343129.snakemake.log
