Config file /net/beegfs/scratch/kcarroll/Amsterdam_UMC_Klinische_Genetica_Internship/omnomnomics/omnomnomics.run.2024-06-19.config.yaml is extended by additional config specified via the command line.
Building DAG of jobs...
Using shell: /usr/bin/bash
Provided cluster nodes: 1000
Job stats:
job           count    min threads    max threads
----------  -------  -------------  -------------
all               1              1              1
call_peaks        1            128            128
total             2              1            128

Select jobs to execute...

[Wed Jun 19 18:19:42 2024]
rule call_peaks:
    input: filtered_BAM/human_MDM_DNA_H3K27Me3_Ctr_DMSO_F_d284_RK_I20221209.sorted.dups_marked.filtered.bam
    output: peak_calling/extra_11.tmp
    jobid: 0
    benchmark: peak_calling/call_peaks_benchmark.tsv
    reason: Forced execution
    threads: 128
    resources: mem_mb=512000, mem_mib=488282, disk_mb=6954, disk_mib=6632, tmpdir=<TBD>

Submitted job 0 with external jobid 'Submitted batch job 5341989'.
[Wed Jun 19 18:22:22 2024]
Error in rule call_peaks:
    jobid: 0
    input: filtered_BAM/human_MDM_DNA_H3K27Me3_Ctr_DMSO_F_d284_RK_I20221209.sorted.dups_marked.filtered.bam
    output: peak_calling/extra_11.tmp
    cluster_jobid: Submitted batch job 5341989

Error executing rule call_peaks on cluster (jobid: 0, external: Submitted batch job 5341989, jobscript: /net/beegfs/scratch/kcarroll/Amsterdam_UMC_Klinische_Genetica_Internship/omnomnomics/.snakemake/tmp.4_uttr_u/snakejob.call_peaks.0.sh). For error details see the cluster log and the log files of the involved rule(s).
Shutting down, this might take some time.
Exiting because a job execution failed. Look above for error message
Complete log: ../.snakemake/log/2024-06-19T181940.155065.snakemake.log
