Config file /net/beegfs/scratch/kcarroll/Amsterdam UMC Klinische Genetica Internship/omnomnomics/omnomnomics.run.2024-06-03.config.yaml is extended by additional config specified via the command line.
Building DAG of jobs...
Using shell: /usr/bin/bash
Provided cluster nodes: 100
Job stats:
job      count    min threads    max threads
-----  -------  -------------  -------------
all          1              1              1
rule1        9              1              1
total       10              1              1

Select jobs to execute...

[Mon Jun  3 16:40:49 2024]
rule rule1:
    input: FASTQ/uno_uno_uno.fastq.gz
    output: trimmed_FASTQ/rule1_output.uno_uno_uno.fastq.gz
    jobid: 7
    reason: Missing output files: trimmed_FASTQ/rule1_output.uno_uno_uno.fastq.gz
    wildcards: sample=uno_uno_uno
    resources: mem_mb=4000, mem_mib=3815, disk_mb=1000, disk_mib=954, tmpdir=<TBD>

Submitted job 7 with external jobid 'Submitted batch job 5297430'.

[Mon Jun  3 16:40:49 2024]
rule rule1:
    input: FASTQ/really_almost_there.fastq.gz
    output: trimmed_FASTQ/rule1_output.really_almost_there.fastq.gz
    jobid: 5
    reason: Missing output files: trimmed_FASTQ/rule1_output.really_almost_there.fastq.gz
    wildcards: sample=really_almost_there
    resources: mem_mb=4000, mem_mib=3815, disk_mb=1000, disk_mib=954, tmpdir=<TBD>

Submitted job 5 with external jobid 'Submitted batch job 5297431'.

[Mon Jun  3 16:40:49 2024]
rule rule1:
    input: FASTQ/last_test_file.fastq.gz
    output: trimmed_FASTQ/rule1_output.last_test_file.fastq.gz
    jobid: 9
    reason: Missing output files: trimmed_FASTQ/rule1_output.last_test_file.fastq.gz
    wildcards: sample=last_test_file
    resources: mem_mb=4000, mem_mib=3815, disk_mb=1000, disk_mib=954, tmpdir=<TBD>

Submitted job 9 with external jobid 'Submitted batch job 5297432'.

[Mon Jun  3 16:40:49 2024]
rule rule1:
    input: FASTQ/testtttttttt_bla_bla.fastq.gz
    output: trimmed_FASTQ/rule1_output.testtttttttt_bla_bla.fastq.gz
    jobid: 1
    reason: Missing output files: trimmed_FASTQ/rule1_output.testtttttttt_bla_bla.fastq.gz
    wildcards: sample=testtttttttt_bla_bla
    resources: mem_mb=4000, mem_mib=3815, disk_mb=1000, disk_mib=954, tmpdir=<TBD>

Submitted job 1 with external jobid 'Submitted batch job 5297433'.

[Mon Jun  3 16:40:49 2024]
rule rule1:
    input: FASTQ/dos_dos_dos.fastq.gz
    output: trimmed_FASTQ/rule1_output.dos_dos_dos.fastq.gz
    jobid: 2
    reason: Missing output files: trimmed_FASTQ/rule1_output.dos_dos_dos.fastq.gz
    wildcards: sample=dos_dos_dos
    resources: mem_mb=4000, mem_mib=3815, disk_mb=1000, disk_mib=954, tmpdir=<TBD>

Submitted job 2 with external jobid 'Submitted batch job 5297434'.

[Mon Jun  3 16:40:49 2024]
rule rule1:
    input: FASTQ/test_bla_bla.fastq.gz
    output: trimmed_FASTQ/rule1_output.test_bla_bla.fastq.gz
    jobid: 4
    reason: Missing output files: trimmed_FASTQ/rule1_output.test_bla_bla.fastq.gz
    wildcards: sample=test_bla_bla
    resources: mem_mb=4000, mem_mib=3815, disk_mb=1000, disk_mib=954, tmpdir=<TBD>

Submitted job 4 with external jobid 'Submitted batch job 5297435'.

[Mon Jun  3 16:40:49 2024]
rule rule1:
    input: FASTQ/test_test_test.fastq.gz
    output: trimmed_FASTQ/rule1_output.test_test_test.fastq.gz
    jobid: 8
    reason: Missing output files: trimmed_FASTQ/rule1_output.test_test_test.fastq.gz
    wildcards: sample=test_test_test
    resources: mem_mb=4000, mem_mib=3815, disk_mb=1000, disk_mib=954, tmpdir=<TBD>

Submitted job 8 with external jobid 'Submitted batch job 5297436'.

[Mon Jun  3 16:40:49 2024]
rule rule1:
    input: FASTQ/almost_there_yay.fastq.gz
    output: trimmed_FASTQ/rule1_output.almost_there_yay.fastq.gz
    jobid: 6
    reason: Missing output files: trimmed_FASTQ/rule1_output.almost_there_yay.fastq.gz
    wildcards: sample=almost_there_yay
    resources: mem_mb=4000, mem_mib=3815, disk_mb=1000, disk_mib=954, tmpdir=<TBD>

Submitted job 6 with external jobid 'Submitted batch job 5297437'.

[Mon Jun  3 16:40:49 2024]
rule rule1:
    input: FASTQ/omnom_omnom_omnom.fastq.gz
    output: trimmed_FASTQ/rule1_output.omnom_omnom_omnom.fastq.gz
    jobid: 3
    reason: Missing output files: trimmed_FASTQ/rule1_output.omnom_omnom_omnom.fastq.gz
    wildcards: sample=omnom_omnom_omnom
    resources: mem_mb=4000, mem_mib=3815, disk_mb=1000, disk_mib=954, tmpdir=<TBD>

Submitted job 3 with external jobid 'Submitted batch job 5297438'.
[Mon Jun  3 16:40:59 2024]
Finished job 7.
1 of 10 steps (10%) done
[Mon Jun  3 16:40:59 2024]
Finished job 5.
2 of 10 steps (20%) done
[Mon Jun  3 16:40:59 2024]
Finished job 9.
3 of 10 steps (30%) done
[Mon Jun  3 16:40:59 2024]
Finished job 1.
4 of 10 steps (40%) done
[Mon Jun  3 16:40:59 2024]
Finished job 2.
5 of 10 steps (50%) done
[Mon Jun  3 16:40:59 2024]
Finished job 4.
6 of 10 steps (60%) done
[Mon Jun  3 16:40:59 2024]
Finished job 8.
7 of 10 steps (70%) done
[Mon Jun  3 16:40:59 2024]
Finished job 6.
8 of 10 steps (80%) done
[Mon Jun  3 16:40:59 2024]
Finished job 3.
9 of 10 steps (90%) done
Select jobs to execute...

[Mon Jun  3 16:40:59 2024]
localrule all:
    input: trimmed_FASTQ/rule1_output.testtttttttt_bla_bla.fastq.gz, trimmed_FASTQ/rule1_output.dos_dos_dos.fastq.gz, trimmed_FASTQ/rule1_output.omnom_omnom_omnom.fastq.gz, trimmed_FASTQ/rule1_output.test_bla_bla.fastq.gz, trimmed_FASTQ/rule1_output.really_almost_there.fastq.gz, trimmed_FASTQ/rule1_output.almost_there_yay.fastq.gz, trimmed_FASTQ/rule1_output.uno_uno_uno.fastq.gz, trimmed_FASTQ/rule1_output.test_test_test.fastq.gz, trimmed_FASTQ/rule1_output.last_test_file.fastq.gz
    jobid: 0
    reason: Input files updated by another job: trimmed_FASTQ/rule1_output.really_almost_there.fastq.gz, trimmed_FASTQ/rule1_output.almost_there_yay.fastq.gz, trimmed_FASTQ/rule1_output.dos_dos_dos.fastq.gz, trimmed_FASTQ/rule1_output.testtttttttt_bla_bla.fastq.gz, trimmed_FASTQ/rule1_output.uno_uno_uno.fastq.gz, trimmed_FASTQ/rule1_output.test_test_test.fastq.gz, trimmed_FASTQ/rule1_output.last_test_file.fastq.gz, trimmed_FASTQ/rule1_output.test_bla_bla.fastq.gz, trimmed_FASTQ/rule1_output.omnom_omnom_omnom.fastq.gz
    resources: mem_mb=1000, mem_mib=954, disk_mb=1000, disk_mib=954, tmpdir=/tmp

[Mon Jun  3 16:40:59 2024]
Finished job 0.
10 of 10 steps (100%) done
Complete log: ../.snakemake/log/2024-06-03T164047.909270.snakemake.log
