Config file /net/beegfs/scratch/kcarroll/Amsterdam_UMC_Klinische_Genetica_Internship/omnomnomics/run_configs/omnomnomics.run.2024-06-21.config.yaml is extended by additional config specified via the command line.
Building DAG of jobs...
Using shell: /usr/bin/bash
Provided cluster nodes: 1000
Job stats:
job                    count    min threads    max threads
-------------------  -------  -------------  -------------
all                        1              1              1
create_homer_tagDir        1              1              1
create_wiggles             1              1              1
index_bam                  1              1              1
merge_bam                  1            128            128
touchup_bam                1            128            128
total                      6              1            128

Select jobs to execute...

[Fri Jun 21 15:25:51 2024]
rule merge_bam:
    input: /net/beegfs/scratch/kcarroll/Amsterdam_UMC_Klinische_Genetica_Internship/omnomnomics/BAM/mouse_F_ldlr_PlaqueMacrophages_RNA_2301_DMSO_poolB_RK_I20231020_L004.bam
    output: /net/beegfs/scratch/kcarroll/Amsterdam_UMC_Klinische_Genetica_Internship/omnomnomics/BAM/mouse_F_ldlr_PlaqueMacrophages_RNA_2301_DMSO_poolB_RK_I20231020.bam, /net/beegfs/scratch/kcarroll/Amsterdam_UMC_Klinische_Genetica_Internship/omnomnomics/BAM/mouse_F_ldlr_PlaqueMacrophages_RNA_2301_DMSO_poolB_RK_I20231020.extra_4.tmp
    jobid: 4
    benchmark: /net/beegfs/scratch/kcarroll/Amsterdam_UMC_Klinische_Genetica_Internship/omnomnomics/BAM/benchmarks/mouse_F_ldlr_PlaqueMacrophages_RNA_2301_DMSO_poolB_RK_I20231020_mergebam_benchmark.tsv
    reason: Missing output files: /net/beegfs/scratch/kcarroll/Amsterdam_UMC_Klinische_Genetica_Internship/omnomnomics/BAM/mouse_F_ldlr_PlaqueMacrophages_RNA_2301_DMSO_poolB_RK_I20231020.bam; Updated input files: /net/beegfs/scratch/kcarroll/Amsterdam_UMC_Klinische_Genetica_Internship/omnomnomics/BAM/mouse_F_ldlr_PlaqueMacrophages_RNA_2301_DMSO_poolB_RK_I20231020_L004.bam
    wildcards: sample=mouse_F_ldlr_PlaqueMacrophages_RNA_2301_DMSO_poolB_RK_I20231020
    threads: 128
    resources: mem_mb=512000, mem_mib=488282, disk_mb=2798, disk_mib=2669, tmpdir=<TBD>, partition=defq

Submitted job 4 with external jobid 'Submitted batch job 5346773'.
[Fri Jun 21 15:26:01 2024]
Error in rule merge_bam:
    jobid: 4
    input: /net/beegfs/scratch/kcarroll/Amsterdam_UMC_Klinische_Genetica_Internship/omnomnomics/BAM/mouse_F_ldlr_PlaqueMacrophages_RNA_2301_DMSO_poolB_RK_I20231020_L004.bam
    output: /net/beegfs/scratch/kcarroll/Amsterdam_UMC_Klinische_Genetica_Internship/omnomnomics/BAM/mouse_F_ldlr_PlaqueMacrophages_RNA_2301_DMSO_poolB_RK_I20231020.bam, /net/beegfs/scratch/kcarroll/Amsterdam_UMC_Klinische_Genetica_Internship/omnomnomics/BAM/mouse_F_ldlr_PlaqueMacrophages_RNA_2301_DMSO_poolB_RK_I20231020.extra_4.tmp
    cluster_jobid: Submitted batch job 5346773

Error executing rule merge_bam on cluster (jobid: 4, external: Submitted batch job 5346773, jobscript: /net/beegfs/scratch/kcarroll/Amsterdam_UMC_Klinische_Genetica_Internship/omnomnomics/.snakemake/tmp.7islja_5/snakejob.merge_bam.4.sh). For error details see the cluster log and the log files of the involved rule(s).
Shutting down, this might take some time.
Exiting because a job execution failed. Look above for error message
Complete log: ../.snakemake/log/2024-06-21T152550.062529.snakemake.log
