Config file /net/beegfs/scratch/kcarroll/Amsterdam_UMC_Klinische_Genetica_Internship/omnomnomics/omnomnomics.run.2024-06-19.config.yaml is extended by additional config specified via the command line.
Building DAG of jobs...
Using shell: /usr/bin/bash
Provided cluster nodes: 1000
Job stats:
job                    count    min threads    max threads
-------------------  -------  -------------  -------------
all                        1              1              1
call_peaks                 1            128            128
create_homer_tagDir        1              1              1
total                      3              1            128

Select jobs to execute...

[Wed Jun 19 16:44:41 2024]
rule create_homer_tagDir:
    input: filtered_BAM/human_MDM_DNA_H3K27Me3_Ctr_DMSO_F_d284_RK_I20221209.filtered.bam, filtered_BAM/human_MDM_DNA_H3K27Me3_Ctr_DMSO_F_d284_RK_I20221209.filtered.bam.bai
    output: HOMER_tagDirs/human_MDM_DNA_H3K27Me3_Ctr_DMSO_F_d284_RK_I20221209.filtered.HOMER_tagDir.tar.gz, HOMER_tagDirs/human_MDM_DNA_H3K27Me3_Ctr_DMSO_F_d284_RK_I20221209.extra_8.tmp
    jobid: 4
    benchmark: HOMER_tagDirs/human_MDM_DNA_H3K27Me3_Ctr_DMSO_F_d284_RK_I20221209_make_homer_tagdirs_benchmark.tsv
    reason: Updated input files: filtered_BAM/human_MDM_DNA_H3K27Me3_Ctr_DMSO_F_d284_RK_I20221209.filtered.bam.bai, filtered_BAM/human_MDM_DNA_H3K27Me3_Ctr_DMSO_F_d284_RK_I20221209.filtered.bam
    wildcards: sample=human_MDM_DNA_H3K27Me3_Ctr_DMSO_F_d284_RK_I20221209
    resources: mem_mb=4000, mem_mib=3815, disk_mb=6959, disk_mib=6637, tmpdir=<TBD>

Submitted job 4 with external jobid 'Submitted batch job 5341924'.
[Wed Jun 19 16:51:43 2024]
Finished job 4.
1 of 3 steps (33%) done
Select jobs to execute...

[Wed Jun 19 16:51:43 2024]
rule call_peaks:
    input: filtered_BAM/human_MDM_DNA_H3K27Me3_Ctr_DMSO_F_d284_RK_I20221209.filtered.bam, HOMER_tagDirs/human_MDM_DNA_H3K27Me3_Ctr_DMSO_F_d284_RK_I20221209.filtered.HOMER_tagDir.tar.gz
    output: peak_calling/extra_11.tmp
    jobid: 1
    benchmark: peak_calling/call_peaks_benchmark.tsv
    reason: Missing output files: peak_calling/extra_11.tmp; Input files updated by another job: HOMER_tagDirs/human_MDM_DNA_H3K27Me3_Ctr_DMSO_F_d284_RK_I20221209.filtered.HOMER_tagDir.tar.gz
    threads: 128
    resources: mem_mb=512000, mem_mib=488282, disk_mb=7264, disk_mib=6928, tmpdir=<TBD>

Submitted job 1 with external jobid 'Submitted batch job 5341945'.
[Wed Jun 19 16:51:53 2024]
Error in rule call_peaks:
    jobid: 1
    input: filtered_BAM/human_MDM_DNA_H3K27Me3_Ctr_DMSO_F_d284_RK_I20221209.filtered.bam, HOMER_tagDirs/human_MDM_DNA_H3K27Me3_Ctr_DMSO_F_d284_RK_I20221209.filtered.HOMER_tagDir.tar.gz
    output: peak_calling/extra_11.tmp
    cluster_jobid: Submitted batch job 5341945

Error executing rule call_peaks on cluster (jobid: 1, external: Submitted batch job 5341945, jobscript: /net/beegfs/scratch/kcarroll/Amsterdam_UMC_Klinische_Genetica_Internship/omnomnomics/.snakemake/tmp.0s5kr9fi/snakejob.call_peaks.1.sh). For error details see the cluster log and the log files of the involved rule(s).
Shutting down, this might take some time.
Exiting because a job execution failed. Look above for error message
Complete log: ../.snakemake/log/2024-06-19T164438.707409.snakemake.log
