Config file /net/beegfs/scratch/kcarroll/Amsterdam_UMC_Klinische_Genetica_Internship/omnomnomics/omnomnomics.run.2024-06-17.config.yaml is extended by additional config specified via the command line.
Building DAG of jobs...
Using shell: /usr/bin/bash
Provided cluster nodes: 1000
Job stats:
job               count    min threads    max threads
--------------  -------  -------------  -------------
all                   1              1              1
create_wiggles        1              1              1
merge_wiggles         1            128            128
total                 3              1            128

Select jobs to execute...

[Mon Jun 17 11:00:03 2024]
rule create_wiggles:
    input: HOMER_tagDirs/mouse_F_ldlr_PlaqueMacrophages_RNA_2301_DMSO_poolA_RK_I20231020.sorted.dups_marked.filtered.HOMER_tagDir.tar.gz
    output: BigWigs/mouse_F_ldlr_PlaqueMacrophages_RNA_2301_DMSO_poolA_RK_I20231020.extra.tmp
    jobid: 1
    reason: Forced execution
    wildcards: sample=mouse_F_ldlr_PlaqueMacrophages_RNA_2301_DMSO_poolA_RK_I20231020
    resources: mem_mb=4000, mem_mib=3815, disk_mb=1000, disk_mib=954, tmpdir=<TBD>

Submitted job 1 with external jobid 'Submitted batch job 5332920'.

[Mon Jun 17 11:00:03 2024]
rule merge_wiggles:
    input: BigWigs/mouse_F_ldlr_PlaqueMacrophages_RNA_2301_DMSO_poolA_RK_I20231020.sorted.dups_marked.filtered.hub
    output: merged_hubs/extra.tmp
    jobid: 5
    reason: Forced execution
    threads: 128
    resources: mem_mb=128000, mem_mib=122071, disk_mb=1000, disk_mib=954, tmpdir=<TBD>

Submitted job 5 with external jobid 'Submitted batch job 5332921'.
[Mon Jun 17 11:00:13 2024]
Finished job 1.
1 of 3 steps (33%) done
[Mon Jun 17 11:00:13 2024]
Finished job 5.
2 of 3 steps (67%) done
Select jobs to execute...

[Mon Jun 17 11:00:13 2024]
localrule all:
    input: BigWigs/mouse_F_ldlr_PlaqueMacrophages_RNA_2301_DMSO_poolA_RK_I20231020.extra.tmp, merged_hubs/extra.tmp
    jobid: 0
    reason: Input files updated by another job: BigWigs/mouse_F_ldlr_PlaqueMacrophages_RNA_2301_DMSO_poolA_RK_I20231020.extra.tmp, merged_hubs/extra.tmp
    resources: mem_mb=1000, mem_mib=954, disk_mb=1000, disk_mib=954, tmpdir=/tmp

[Mon Jun 17 11:00:13 2024]
Finished job 0.
3 of 3 steps (100%) done
Complete log: ../.snakemake/log/2024-06-17T110002.216184.snakemake.log
