Config file /net/beegfs/scratch/kcarroll/Amsterdam_UMC_Klinische_Genetica_Internship/omnomnomics/omnomnomics.run.2024-06-13.config.yaml is extended by additional config specified via the command line.
Building DAG of jobs...
Using shell: /usr/bin/bash
Provided cluster nodes: 1000
Job stats:
job            count    min threads    max threads
-----------  -------  -------------  -------------
all                1              1              1
touchup_bam        1            128            128
total              2              1            128

Select jobs to execute...

[Thu Jun 13 10:56:54 2024]
rule touchup_bam:
    input: BAM/mouse_F_ldlr_PlaqueMacrophages_RNA_2301_DMSO_poolA_RK_I20231020.bam
    output: filtered_BAM/mouse_F_ldlr_PlaqueMacrophages_RNA_2301_DMSO_poolA_RK_I20231020.sorted.dups_marked.filtered.bam
    jobid: 1
    reason: Forced execution
    wildcards: sample2=mouse_F_ldlr_PlaqueMacrophages_RNA_2301_DMSO_poolA_RK_I20231020
    threads: 128
    resources: mem_mb=512000, mem_mib=488282, disk_mb=1594, disk_mib=1521, tmpdir=<TBD>

Submitted job 1 with external jobid 'Submitted batch job 5327590'.
[Thu Jun 13 10:58:14 2024]
Finished job 1.
1 of 2 steps (50%) done
Select jobs to execute...

[Thu Jun 13 10:58:14 2024]
localrule all:
    input: filtered_BAM/mouse_F_ldlr_PlaqueMacrophages_RNA_2301_DMSO_poolA_RK_I20231020.sorted.dups_marked.filtered.bam
    jobid: 0
    reason: Input files updated by another job: filtered_BAM/mouse_F_ldlr_PlaqueMacrophages_RNA_2301_DMSO_poolA_RK_I20231020.sorted.dups_marked.filtered.bam
    resources: mem_mb=1000, mem_mib=954, disk_mb=1000, disk_mib=954, tmpdir=/tmp

[Thu Jun 13 10:58:14 2024]
Finished job 0.
2 of 2 steps (100%) done
Complete log: ../.snakemake/log/2024-06-13T105652.255588.snakemake.log
