Config file /net/beegfs/scratch/kcarroll/Amsterdam_UMC_Klinische_Genetica_Internship/omnomnomics/omnomnomics.run.2024-06-18.config.yaml is extended by additional config specified via the command line.
Building DAG of jobs...
Using shell: /usr/bin/bash
Provided cluster nodes: 1000
Job stats:
job               count    min threads    max threads
--------------  -------  -------------  -------------
all                   1              1              1
create_wiggles        1              1              1
total                 2              1              1

Select jobs to execute...

[Tue Jun 18 18:06:35 2024]
rule create_wiggles:
    input: HOMER_tagDirs/human_MDM_DNA_H3K27Me3_Ctr_DMSO_F_d284_RK_I20221209.filtered.HOMER_tagDir.tar.gz
    output: BigWigs/human_MDM_DNA_H3K27Me3_Ctr_DMSO_F_d284_RK_I20221209.extra_9.tmp
    jobid: 1
    benchmark: BigWigs/human_MDM_DNA_H3K27Me3_Ctr_DMSO_F_d284_RK_I20221209_create_wiggles_benchmark.tsv
    reason: Forced execution
    wildcards: sample=human_MDM_DNA_H3K27Me3_Ctr_DMSO_F_d284_RK_I20221209
    resources: mem_mb=4000, mem_mib=3815, disk_mb=1000, disk_mib=954, tmpdir=<TBD>

Submitted job 1 with external jobid 'Submitted batch job 5339736'.
[Tue Jun 18 18:08:25 2024]
Finished job 1.
1 of 2 steps (50%) done
Select jobs to execute...

[Tue Jun 18 18:08:25 2024]
localrule all:
    input: BigWigs/human_MDM_DNA_H3K27Me3_Ctr_DMSO_F_d284_RK_I20221209.extra_9.tmp
    jobid: 0
    reason: Input files updated by another job: BigWigs/human_MDM_DNA_H3K27Me3_Ctr_DMSO_F_d284_RK_I20221209.extra_9.tmp
    resources: mem_mb=1000, mem_mib=954, disk_mb=1000, disk_mib=954, tmpdir=/tmp

[Tue Jun 18 18:08:25 2024]
Finished job 0.
2 of 2 steps (100%) done
Complete log: ../.snakemake/log/2024-06-18T180623.001691.snakemake.log
