Config file /net/beegfs/scratch/kcarroll/Amsterdam_UMC_Klinische_Genetica_Internship/omnomnomics/run_configs/omnomnomics.run.2024-06-25.config.yaml is extended by additional config specified via the command line.
Building DAG of jobs...
Using shell: /usr/bin/bash
Provided cluster nodes: 1000
Job stats:
job                count    min threads    max threads
---------------  -------  -------------  -------------
all                    1              1              1
run_trimmomatic        2            128            128
total                  3              1            128

Select jobs to execute...

[Tue Jun 25 10:28:17 2024]
rule run_trimmomatic:
    input: /net/beegfs/scratch/kcarroll/Amsterdam_UMC_Klinische_Genetica_Internship/omnomnomics/FASTQ/human_MDM_DNA_H3K27Me3_Ctr_DMSO_F_d285_RK_I20221209_L002_R1.fastq.gz, /net/beegfs/scratch/kcarroll/Amsterdam_UMC_Klinische_Genetica_Internship/omnomnomics/FASTQ/human_MDM_DNA_H3K27Me3_Ctr_DMSO_F_d285_RK_I20221209_L002_R2.fastq.gz
    output: /net/beegfs/scratch/kcarroll/Amsterdam_UMC_Klinische_Genetica_Internship/omnomnomics/trimmed_FASTQ/human_MDM_DNA_H3K27Me3_Ctr_DMSO_F_d285_RK_I20221209_L002_R1.trimmed.fastq.gz, /net/beegfs/scratch/kcarroll/Amsterdam_UMC_Klinische_Genetica_Internship/omnomnomics/trimmed_FASTQ/human_MDM_DNA_H3K27Me3_Ctr_DMSO_F_d285_RK_I20221209_L002_R2.trimmed.fastq.gz
    jobid: 1
    benchmark: /net/beegfs/scratch/kcarroll/Amsterdam_UMC_Klinische_Genetica_Internship/omnomnomics/trimmed_FASTQ/benchmarks/human_MDM_DNA_H3K27Me3_Ctr_DMSO_F_d285_RK_I20221209_L002_trimmomatic_benchmark.tsv
    reason: Forced execution
    wildcards: sample=human_MDM_DNA_H3K27Me3_Ctr_DMSO_F_d285_RK_I20221209_L002
    threads: 128
    resources: mem_mb=512000, mem_mib=488282, disk_mb=10304, disk_mib=9827, tmpdir=<TBD>, partition=defq

Submitted job 1 with external jobid 'Submitted batch job 5355000'.

[Tue Jun 25 10:28:17 2024]
rule run_trimmomatic:
    input: /net/beegfs/scratch/kcarroll/Amsterdam_UMC_Klinische_Genetica_Internship/omnomnomics/FASTQ/human_MDM_DNA_H3K27Me3_Ctr_DMSO_F_d284_RK_I20221209_L002_R1.fastq.gz, /net/beegfs/scratch/kcarroll/Amsterdam_UMC_Klinische_Genetica_Internship/omnomnomics/FASTQ/human_MDM_DNA_H3K27Me3_Ctr_DMSO_F_d284_RK_I20221209_L002_R2.fastq.gz
    output: /net/beegfs/scratch/kcarroll/Amsterdam_UMC_Klinische_Genetica_Internship/omnomnomics/trimmed_FASTQ/human_MDM_DNA_H3K27Me3_Ctr_DMSO_F_d284_RK_I20221209_L002_R1.trimmed.fastq.gz, /net/beegfs/scratch/kcarroll/Amsterdam_UMC_Klinische_Genetica_Internship/omnomnomics/trimmed_FASTQ/human_MDM_DNA_H3K27Me3_Ctr_DMSO_F_d284_RK_I20221209_L002_R2.trimmed.fastq.gz
    jobid: 2
    benchmark: /net/beegfs/scratch/kcarroll/Amsterdam_UMC_Klinische_Genetica_Internship/omnomnomics/trimmed_FASTQ/benchmarks/human_MDM_DNA_H3K27Me3_Ctr_DMSO_F_d284_RK_I20221209_L002_trimmomatic_benchmark.tsv
    reason: Forced execution
    wildcards: sample=human_MDM_DNA_H3K27Me3_Ctr_DMSO_F_d284_RK_I20221209_L002
    threads: 128
    resources: mem_mb=512000, mem_mib=488282, disk_mb=9655, disk_mib=9208, tmpdir=<TBD>, partition=defq

Submitted job 2 with external jobid 'Submitted batch job 5355001'.
[Tue Jun 25 10:46:08 2024]
Finished job 2.
1 of 3 steps (33%) done
[Tue Jun 25 10:47:28 2024]
Finished job 1.
2 of 3 steps (67%) done
Select jobs to execute...

[Tue Jun 25 10:47:29 2024]
localrule all:
    input: /net/beegfs/scratch/kcarroll/Amsterdam_UMC_Klinische_Genetica_Internship/omnomnomics/trimmed_FASTQ/human_MDM_DNA_H3K27Me3_Ctr_DMSO_F_d285_RK_I20221209_L002_R1.trimmed.fastq.gz, /net/beegfs/scratch/kcarroll/Amsterdam_UMC_Klinische_Genetica_Internship/omnomnomics/trimmed_FASTQ/human_MDM_DNA_H3K27Me3_Ctr_DMSO_F_d284_RK_I20221209_L002_R1.trimmed.fastq.gz, /net/beegfs/scratch/kcarroll/Amsterdam_UMC_Klinische_Genetica_Internship/omnomnomics/trimmed_FASTQ/human_MDM_DNA_H3K27Me3_Ctr_DMSO_F_d285_RK_I20221209_L002_R2.trimmed.fastq.gz, /net/beegfs/scratch/kcarroll/Amsterdam_UMC_Klinische_Genetica_Internship/omnomnomics/trimmed_FASTQ/human_MDM_DNA_H3K27Me3_Ctr_DMSO_F_d284_RK_I20221209_L002_R2.trimmed.fastq.gz
    jobid: 0
    reason: Input files updated by another job: /net/beegfs/scratch/kcarroll/Amsterdam_UMC_Klinische_Genetica_Internship/omnomnomics/trimmed_FASTQ/human_MDM_DNA_H3K27Me3_Ctr_DMSO_F_d285_RK_I20221209_L002_R2.trimmed.fastq.gz, /net/beegfs/scratch/kcarroll/Amsterdam_UMC_Klinische_Genetica_Internship/omnomnomics/trimmed_FASTQ/human_MDM_DNA_H3K27Me3_Ctr_DMSO_F_d285_RK_I20221209_L002_R1.trimmed.fastq.gz, /net/beegfs/scratch/kcarroll/Amsterdam_UMC_Klinische_Genetica_Internship/omnomnomics/trimmed_FASTQ/human_MDM_DNA_H3K27Me3_Ctr_DMSO_F_d284_RK_I20221209_L002_R2.trimmed.fastq.gz, /net/beegfs/scratch/kcarroll/Amsterdam_UMC_Klinische_Genetica_Internship/omnomnomics/trimmed_FASTQ/human_MDM_DNA_H3K27Me3_Ctr_DMSO_F_d284_RK_I20221209_L002_R1.trimmed.fastq.gz
    resources: mem_mb=16206, mem_mib=15456, disk_mb=16206, disk_mib=15456, tmpdir=/tmp, partition=defq

[Tue Jun 25 10:47:29 2024]
Finished job 0.
3 of 3 steps (100%) done
Complete log: ../.snakemake/log/2024-06-25T102814.848864.snakemake.log
