Config file /net/beegfs/scratch/kcarroll/Amsterdam_UMC_Klinische_Genetica_Internship/omnomnomics/omnomnomics.run.2024-06-19.config.yaml is extended by additional config specified via the command line.
Building DAG of jobs...
Using shell: /usr/bin/bash
Provided cluster nodes: 1000
Job stats:
job            count    min threads    max threads
-----------  -------  -------------  -------------
all                1              1              1
count_reads        1            128            128
total              2              1            128

Select jobs to execute...

[Wed Jun 19 10:46:11 2024]
rule count_reads:
    output: DE_calling/omnomnomics.raw_read_quant.table.txt
    jobid: 1
    benchmark: DE_calling/counts_reads_benchmark.tsv
    reason: Forced execution
    threads: 128
    resources: mem_mb=512000, mem_mib=488282, disk_mb=1000, disk_mib=954, tmpdir=<TBD>

Submitted job 1 with external jobid 'Submitted batch job 5341769'.
[Wed Jun 19 10:46:31 2024]
Error in rule count_reads:
    jobid: 1
    output: DE_calling/omnomnomics.raw_read_quant.table.txt
    cluster_jobid: Submitted batch job 5341769

Error executing rule count_reads on cluster (jobid: 1, external: Submitted batch job 5341769, jobscript: /net/beegfs/scratch/kcarroll/Amsterdam_UMC_Klinische_Genetica_Internship/omnomnomics/.snakemake/tmp.ak0mvwe0/snakejob.count_reads.1.sh). For error details see the cluster log and the log files of the involved rule(s).
Shutting down, this might take some time.
Exiting because a job execution failed. Look above for error message
Complete log: ../.snakemake/log/2024-06-19T104609.421228.snakemake.log
