Config file /net/beegfs/scratch/kcarroll/Amsterdam_UMC_Klinische_Genetica_Internship/omnomnomics/omnomnomics.run.2024-06-17.config.yaml is extended by additional config specified via the command line.
Building DAG of jobs...
Using shell: /usr/bin/bash
Provided cluster nodes: 1000
Job stats:
job           count    min threads    max threads
----------  -------  -------------  -------------
all               1              1              1
run_fastqc        2            128            128
total             3              1            128

Select jobs to execute...

[Mon Jun 17 21:02:47 2024]
rule run_fastqc:
    input: trimmed_FASTQ/human_MDM_DNA_H3K27Me3_Ctr_DMSO_F_d284_RK_I20221209_L002_R1.trimmed.fastq.gz, trimmed_FASTQ/human_MDM_DNA_H3K27Me3_Ctr_DMSO_F_d284_RK_I20221209_L002_R2.trimmed.fastq.gz
    output: fastqc_reports/human_MDM_DNA_H3K27Me3_Ctr_DMSO_F_d284_RK_I20221209_L002_R1.trimmed_fastqc.html, fastqc_reports/human_MDM_DNA_H3K27Me3_Ctr_DMSO_F_d284_RK_I20221209_L002_R2.trimmed_fastqc.html, fastqc_reports/human_MDM_DNA_H3K27Me3_Ctr_DMSO_F_d284_RK_I20221209_L002_R1.trimmed_fastqc.zip, fastqc_reports/human_MDM_DNA_H3K27Me3_Ctr_DMSO_F_d284_RK_I20221209_L002_R2.trimmed_fastqc.zip
    jobid: 1
    benchmark: fastqc_reports/human_MDM_DNA_H3K27Me3_Ctr_DMSO_F_d284_RK_I20221209_L002_benchmark.tsv
    reason: Forced execution
    wildcards: sample=human_MDM_DNA_H3K27Me3_Ctr_DMSO_F_d284_RK_I20221209_L002
    threads: 128
    resources: mem_mb=512000, mem_mib=488282, disk_mb=7817, disk_mib=7455, tmpdir=<TBD>

Submitted job 1 with external jobid 'Submitted batch job 5336513'.

[Mon Jun 17 21:02:47 2024]
rule run_fastqc:
    input: trimmed_FASTQ/mouse_F_ldlr_PlaqueMacrophages_RNA_2301_DMSO_poolA_RK_I20231020_L004_R1.trimmed.fastq.gz, trimmed_FASTQ/mouse_F_ldlr_PlaqueMacrophages_RNA_2301_DMSO_poolA_RK_I20231020_L004_R2.trimmed.fastq.gz
    output: fastqc_reports/mouse_F_ldlr_PlaqueMacrophages_RNA_2301_DMSO_poolA_RK_I20231020_L004_R1.trimmed_fastqc.html, fastqc_reports/mouse_F_ldlr_PlaqueMacrophages_RNA_2301_DMSO_poolA_RK_I20231020_L004_R2.trimmed_fastqc.html, fastqc_reports/mouse_F_ldlr_PlaqueMacrophages_RNA_2301_DMSO_poolA_RK_I20231020_L004_R1.trimmed_fastqc.zip, fastqc_reports/mouse_F_ldlr_PlaqueMacrophages_RNA_2301_DMSO_poolA_RK_I20231020_L004_R2.trimmed_fastqc.zip
    jobid: 3
    benchmark: fastqc_reports/mouse_F_ldlr_PlaqueMacrophages_RNA_2301_DMSO_poolA_RK_I20231020_L004_benchmark.tsv
    reason: Forced execution
    wildcards: sample=mouse_F_ldlr_PlaqueMacrophages_RNA_2301_DMSO_poolA_RK_I20231020_L004
    threads: 128
    resources: mem_mb=512000, mem_mib=488282, disk_mb=4815, disk_mib=4592, tmpdir=<TBD>

Submitted job 3 with external jobid 'Submitted batch job 5336514'.
[Mon Jun 17 21:05:28 2024]
Finished job 3.
1 of 3 steps (33%) done
[Mon Jun 17 21:07:18 2024]
Finished job 1.
2 of 3 steps (67%) done
Select jobs to execute...

[Mon Jun 17 21:07:18 2024]
localrule all:
    input: fastqc_reports/human_MDM_DNA_H3K27Me3_Ctr_DMSO_F_d284_RK_I20221209_L002_R1.trimmed_fastqc.html, fastqc_reports/mouse_F_ldlr_PlaqueMacrophages_RNA_2301_DMSO_poolA_RK_I20231020_L004_R1.trimmed_fastqc.html, fastqc_reports/human_MDM_DNA_H3K27Me3_Ctr_DMSO_F_d284_RK_I20221209_L002_R2.trimmed_fastqc.html, fastqc_reports/mouse_F_ldlr_PlaqueMacrophages_RNA_2301_DMSO_poolA_RK_I20231020_L004_R2.trimmed_fastqc.html, fastqc_reports/human_MDM_DNA_H3K27Me3_Ctr_DMSO_F_d284_RK_I20221209_L002_R1.trimmed_fastqc.zip, fastqc_reports/mouse_F_ldlr_PlaqueMacrophages_RNA_2301_DMSO_poolA_RK_I20231020_L004_R1.trimmed_fastqc.zip, fastqc_reports/human_MDM_DNA_H3K27Me3_Ctr_DMSO_F_d284_RK_I20221209_L002_R2.trimmed_fastqc.zip, fastqc_reports/mouse_F_ldlr_PlaqueMacrophages_RNA_2301_DMSO_poolA_RK_I20231020_L004_R2.trimmed_fastqc.zip
    jobid: 0
    reason: Input files updated by another job: fastqc_reports/human_MDM_DNA_H3K27Me3_Ctr_DMSO_F_d284_RK_I20221209_L002_R1.trimmed_fastqc.html, fastqc_reports/mouse_F_ldlr_PlaqueMacrophages_RNA_2301_DMSO_poolA_RK_I20231020_L004_R1.trimmed_fastqc.zip, fastqc_reports/mouse_F_ldlr_PlaqueMacrophages_RNA_2301_DMSO_poolA_RK_I20231020_L004_R2.trimmed_fastqc.zip, fastqc_reports/human_MDM_DNA_H3K27Me3_Ctr_DMSO_F_d284_RK_I20221209_L002_R2.trimmed_fastqc.html, fastqc_reports/mouse_F_ldlr_PlaqueMacrophages_RNA_2301_DMSO_poolA_RK_I20231020_L004_R2.trimmed_fastqc.html, fastqc_reports/human_MDM_DNA_H3K27Me3_Ctr_DMSO_F_d284_RK_I20221209_L002_R1.trimmed_fastqc.zip, fastqc_reports/human_MDM_DNA_H3K27Me3_Ctr_DMSO_F_d284_RK_I20221209_L002_R2.trimmed_fastqc.zip, fastqc_reports/mouse_F_ldlr_PlaqueMacrophages_RNA_2301_DMSO_poolA_RK_I20231020_L004_R1.trimmed_fastqc.html
    resources: mem_mb=1000, mem_mib=954, disk_mb=1000, disk_mib=954, tmpdir=/tmp

[Mon Jun 17 21:07:18 2024]
Finished job 0.
3 of 3 steps (100%) done
Complete log: ../.snakemake/log/2024-06-17T210243.098991.snakemake.log
