Config file /net/beegfs/scratch/kcarroll/Amsterdam_UMC_Klinische_Genetica_Internship/omnomnomics/omnomnomics.run.2024-06-18.config.yaml is extended by additional config specified via the command line.
Building DAG of jobs...
Using shell: /usr/bin/bash
Provided cluster nodes: 1000
Job stats:
job            count    min threads    max threads
-----------  -------  -------------  -------------
all                1              1              1
touchup_bam        1             16             16
total              2              1             16

Select jobs to execute...

[Tue Jun 18 14:59:57 2024]
rule touchup_bam:
    input: BAM/human_MDM_DNA_H3K27Me3_Ctr_DMSO_F_d284_RK_I20221209.bam
    output: filtered_BAM/human_MDM_DNA_H3K27Me3_Ctr_DMSO_F_d284_RK_I20221209.filtered.bam, filtered_BAM/human_MDM_DNA_H3K27Me3_Ctr_DMSO_F_d284_RK_I20221209.extra_5.tmp
    jobid: 1
    benchmark: filtered_BAM/human_MDM_DNA_H3K27Me3_Ctr_DMSO_F_d284_RK_I20221209_touchupbam_benchmark.tsv
    reason: Forced execution
    wildcards: sample2=human_MDM_DNA_H3K27Me3_Ctr_DMSO_F_d284_RK_I20221209
    threads: 16
    resources: mem_mb=64000, mem_mib=61036, disk_mb=10102, disk_mib=9635, tmpdir=<TBD>

Submitted job 1 with external jobid 'Submitted batch job 5339692'.
[Tue Jun 18 15:21:57 2024]
Finished job 1.
1 of 2 steps (50%) done
Select jobs to execute...

[Tue Jun 18 15:21:57 2024]
localrule all:
    input: filtered_BAM/human_MDM_DNA_H3K27Me3_Ctr_DMSO_F_d284_RK_I20221209.filtered.bam, filtered_BAM/human_MDM_DNA_H3K27Me3_Ctr_DMSO_F_d284_RK_I20221209.extra_5.tmp
    jobid: 0
    reason: Input files updated by another job: filtered_BAM/human_MDM_DNA_H3K27Me3_Ctr_DMSO_F_d284_RK_I20221209.extra_5.tmp, filtered_BAM/human_MDM_DNA_H3K27Me3_Ctr_DMSO_F_d284_RK_I20221209.filtered.bam
    resources: mem_mb=6200, mem_mib=5913, disk_mb=6200, disk_mib=5913, tmpdir=/tmp

[Tue Jun 18 15:21:57 2024]
Finished job 0.
2 of 2 steps (100%) done
Complete log: ../.snakemake/log/2024-06-18T145945.442869.snakemake.log
