Config file /net/beegfs/scratch/kcarroll/Amsterdam_UMC_Klinische_Genetica_Internship/omnomnomics/omnomnomics.run.2024-06-14.config.yaml is extended by additional config specified via the command line.
Building DAG of jobs...
Using shell: /usr/bin/bash
Provided cluster nodes: 1000
Job stats:
job              count    min threads    max threads
-------------  -------  -------------  -------------
all                  1              1              1
merge_wiggles        1            128            128
total                2              1            128

Select jobs to execute...

[Fri Jun 14 15:54:08 2024]
rule merge_wiggles:
    output: merged_hubs/extra.tmp
    jobid: 1
    reason: Forced execution
    threads: 128
    resources: mem_mb=128000, mem_mib=122071, disk_mb=1000, disk_mib=954, tmpdir=<TBD>

Submitted job 1 with external jobid 'Submitted batch job 5330155'.
[Fri Jun 14 15:54:18 2024]
Error in rule merge_wiggles:
    jobid: 1
    output: merged_hubs/extra.tmp
    cluster_jobid: Submitted batch job 5330155

Error executing rule merge_wiggles on cluster (jobid: 1, external: Submitted batch job 5330155, jobscript: /net/beegfs/scratch/kcarroll/Amsterdam_UMC_Klinische_Genetica_Internship/omnomnomics/.snakemake/tmp.s79rv2_9/snakejob.merge_wiggles.1.sh). For error details see the cluster log and the log files of the involved rule(s).
Shutting down, this might take some time.
Exiting because a job execution failed. Look above for error message
Complete log: ../.snakemake/log/2024-06-14T155402.798723.snakemake.log
