Config file /net/beegfs/scratch/kcarroll/Amsterdam_UMC_Klinische_Genetica_Internship/omnomnomics/omnomnomics.run.2024-06-18.config.yaml is extended by additional config specified via the command line.
Building DAG of jobs...
Using shell: /usr/bin/bash
Provided cluster nodes: 1000
Job stats:
job          count    min threads    max threads
---------  -------  -------------  -------------
all              1              1              1
merge_bam        2            128            128
total            3              1            128

Select jobs to execute...

[Tue Jun 18 12:00:48 2024]
rule merge_bam:
    input: BAM/human_MDM_DNA_H3K27Me3_Ctr_DMSO_F_d285_RK_I20221209_L002.bam, BAM/human_MDM_DNA_H3K27Me3_Ctr_DMSO_F_d284_RK_I20221209_L002.extra_3.tmp, BAM/human_MDM_DNA_H3K27Me3_Ctr_DMSO_F_d285_RK_I20221209_L002.extra_3.tmp
    output: BAM/human_MDM_DNA_H3K27Me3_Ctr_DMSO_F_d285_RK_I20221209.bam, BAM/human_MDM_DNA_H3K27Me3_Ctr_DMSO_F_d285_RK_I20221209.extra_4.tmp
    jobid: 1
    benchmark: BAM/human_MDM_DNA_H3K27Me3_Ctr_DMSO_F_d285_RK_I20221209_benchmark.tsv
    reason: Forced execution
    wildcards: sample=human_MDM_DNA_H3K27Me3_Ctr_DMSO_F_d285_RK_I20221209
    threads: 128
    resources: mem_mb=512000, mem_mib=488282, disk_mb=10680, disk_mib=10186, tmpdir=<TBD>

Submitted job 1 with external jobid 'Submitted batch job 5339491'.

[Tue Jun 18 12:00:49 2024]
rule merge_bam:
    input: BAM/human_MDM_DNA_H3K27Me3_Ctr_DMSO_F_d284_RK_I20221209_L002.bam, BAM/human_MDM_DNA_H3K27Me3_Ctr_DMSO_F_d284_RK_I20221209_L002.extra_3.tmp, BAM/human_MDM_DNA_H3K27Me3_Ctr_DMSO_F_d285_RK_I20221209_L002.extra_3.tmp
    output: BAM/human_MDM_DNA_H3K27Me3_Ctr_DMSO_F_d284_RK_I20221209.bam, BAM/human_MDM_DNA_H3K27Me3_Ctr_DMSO_F_d284_RK_I20221209.extra_4.tmp
    jobid: 6
    benchmark: BAM/human_MDM_DNA_H3K27Me3_Ctr_DMSO_F_d284_RK_I20221209_benchmark.tsv
    reason: Forced execution
    wildcards: sample=human_MDM_DNA_H3K27Me3_Ctr_DMSO_F_d284_RK_I20221209
    threads: 128
    resources: mem_mb=512000, mem_mib=488282, disk_mb=10101, disk_mib=9634, tmpdir=<TBD>

Submitted job 6 with external jobid 'Submitted batch job 5339492'.
[Tue Jun 18 12:00:58 2024]
Error in rule merge_bam:
    jobid: 6
    input: BAM/human_MDM_DNA_H3K27Me3_Ctr_DMSO_F_d284_RK_I20221209_L002.bam, BAM/human_MDM_DNA_H3K27Me3_Ctr_DMSO_F_d284_RK_I20221209_L002.extra_3.tmp, BAM/human_MDM_DNA_H3K27Me3_Ctr_DMSO_F_d285_RK_I20221209_L002.extra_3.tmp
    output: BAM/human_MDM_DNA_H3K27Me3_Ctr_DMSO_F_d284_RK_I20221209.bam, BAM/human_MDM_DNA_H3K27Me3_Ctr_DMSO_F_d284_RK_I20221209.extra_4.tmp
    cluster_jobid: Submitted batch job 5339492

Error executing rule merge_bam on cluster (jobid: 6, external: Submitted batch job 5339492, jobscript: /net/beegfs/scratch/kcarroll/Amsterdam_UMC_Klinische_Genetica_Internship/omnomnomics/.snakemake/tmp.7z5ylxbw/snakejob.merge_bam.6.sh). For error details see the cluster log and the log files of the involved rule(s).
[Tue Jun 18 12:00:59 2024]
Finished job 1.
1 of 3 steps (33%) done
Shutting down, this might take some time.
Exiting because a job execution failed. Look above for error message
Complete log: ../.snakemake/log/2024-06-18T120029.720219.snakemake.log
