Config file /net/beegfs/scratch/kcarroll/Amsterdam_UMC_Klinische_Genetica_Internship/omnomnomics/omnomnomics.run.2024-06-19.config.yaml is extended by additional config specified via the command line.
Building DAG of jobs...
Using shell: /usr/bin/bash
Provided cluster nodes: 1000
Job stats:
job           count    min threads    max threads
----------  -------  -------------  -------------
all               1              1              1
call_peaks        1            128            128
total             2              1            128

Select jobs to execute...

[Wed Jun 19 10:32:13 2024]
rule call_peaks:
    input: filtered_BAM/human_MDM_DNA_H3K27Me3_Ctr_DMSO_F_d284_RK_I20221209.filtered.bam, HOMER_tagDirs/human_MDM_DNA_H3K27Me3_Ctr_DMSO_F_d284_RK_I20221209.filtered.HOMER_tagDir.tar.gz
    output: peak_calling/extra_11.tmp
    jobid: 0
    benchmark: peak_calling/call_peaks_benchmark.tsv
    reason: Forced execution
    threads: 128
    resources: mem_mb=512000, mem_mib=488282, disk_mb=6486, disk_mib=6186, tmpdir=<TBD>

Submitted job 0 with external jobid 'Submitted batch job 5341764'.
[Wed Jun 19 10:36:23 2024]
Finished job 0.
1 of 2 steps (50%) done
Select jobs to execute...

[Wed Jun 19 10:36:34 2024]
localrule all:
    input: peak_calling/extra_11.tmp
    jobid: 5
    reason: Input files updated by another job: peak_calling/extra_11.tmp
    resources: mem_mb=1000, mem_mib=954, disk_mb=1000, disk_mib=954, tmpdir=/tmp

[Wed Jun 19 10:36:34 2024]
Finished job 5.
2 of 2 steps (100%) done
Complete log: ../.snakemake/log/2024-06-19T103211.483378.snakemake.log
