Config file /net/beegfs/scratch/kcarroll/Amsterdam_UMC_Klinische_Genetica_Internship/omnomnomics/omnomnomics.run.2024-06-21.config.yaml is extended by additional config specified via the command line.
Building DAG of jobs...
Using shell: /usr/bin/bash
Provided cluster nodes: 1000
Job stats:
job                    count    min threads    max threads
-------------------  -------  -------------  -------------
all                        1              1              1
bam_stats                  2              1              1
call_peaks                 1            128            128
create_homer_tagDir        2              1              1
create_wiggles             2              1              1
index_bam                  2              1              1
merge_bam                  2            128            128
merge_wiggles              1            128            128
run_fastqc                 2            128            128
run_hisat2                 2            128            128
run_skewer                 2            128            128
touchup_bam                2            128            128
total                     21              1            128

Select jobs to execute...

[Fri Jun 21 10:50:09 2024]
rule run_skewer:
    input: /net/beegfs/scratch/kcarroll/Amsterdam_UMC_Klinische_Genetica_Internship/omnomnomics/FASTQ/mouse_F_ldlr_PlaqueMacrophages_RNA_2301_DMSO_poolA_RK_I20231020_L004_R1.fastq.gz
    output: /net/beegfs/scratch/kcarroll/Amsterdam_UMC_Klinische_Genetica_Internship/omnomnomics/trimmed_FASTQ/mouse_F_ldlr_PlaqueMacrophages_RNA_2301_DMSO_poolA_RK_I20231020_L004.trimmed.fastq.gz
    jobid: 2
    benchmark: /net/beegfs/scratch/kcarroll/Amsterdam_UMC_Klinische_Genetica_Internship/omnomnomics/trimmed_FASTQ/benchmarks/mouse_F_ldlr_PlaqueMacrophages_RNA_2301_DMSO_poolA_RK_I20231020_L004_skewer_benchmark.tsv
    reason: Forced execution
    wildcards: sample=mouse_F_ldlr_PlaqueMacrophages_RNA_2301_DMSO_poolA_RK_I20231020_L004
    threads: 128
    resources: mem_mb=512000, mem_mib=488282, disk_mb=2907, disk_mib=2773, tmpdir=<TBD>, partition=defq

Submitted job 2 with external jobid 'Submitted batch job 5346595'.

[Fri Jun 21 10:50:09 2024]
rule run_skewer:
    input: /net/beegfs/scratch/kcarroll/Amsterdam_UMC_Klinische_Genetica_Internship/omnomnomics/FASTQ/mouse_F_ldlr_PlaqueMacrophages_RNA_2301_DMSO_poolB_RK_I20231020_L004_R1.fastq.gz
    output: /net/beegfs/scratch/kcarroll/Amsterdam_UMC_Klinische_Genetica_Internship/omnomnomics/trimmed_FASTQ/mouse_F_ldlr_PlaqueMacrophages_RNA_2301_DMSO_poolB_RK_I20231020_L004.trimmed.fastq.gz
    jobid: 1
    benchmark: /net/beegfs/scratch/kcarroll/Amsterdam_UMC_Klinische_Genetica_Internship/omnomnomics/trimmed_FASTQ/benchmarks/mouse_F_ldlr_PlaqueMacrophages_RNA_2301_DMSO_poolB_RK_I20231020_L004_skewer_benchmark.tsv
    reason: Forced execution
    wildcards: sample=mouse_F_ldlr_PlaqueMacrophages_RNA_2301_DMSO_poolB_RK_I20231020_L004
    threads: 128
    resources: mem_mb=512000, mem_mib=488282, disk_mb=3099, disk_mib=2956, tmpdir=<TBD>, partition=defq

Submitted job 1 with external jobid 'Submitted batch job 5346596'.

[Fri Jun 21 10:50:09 2024]
rule call_peaks:
    output: /net/beegfs/scratch/kcarroll/Amsterdam_UMC_Klinische_Genetica_Internship/omnomnomics/peak_calling/extra_11.tmp
    jobid: 20
    benchmark: /net/beegfs/scratch/kcarroll/Amsterdam_UMC_Klinische_Genetica_Internship/omnomnomics/peak_calling/benchmarks/call_peaks_benchmark.tsv
    reason: Forced execution
    threads: 128
    resources: mem_mb=512000, mem_mib=488282, disk_mb=1000, disk_mib=954, tmpdir=<TBD>, partition=defq

Submitted job 20 with external jobid 'Submitted batch job 5346597'.
[Fri Jun 21 10:50:20 2024]
Error in rule run_skewer:
    jobid: 2
    input: /net/beegfs/scratch/kcarroll/Amsterdam_UMC_Klinische_Genetica_Internship/omnomnomics/FASTQ/mouse_F_ldlr_PlaqueMacrophages_RNA_2301_DMSO_poolA_RK_I20231020_L004_R1.fastq.gz
    output: /net/beegfs/scratch/kcarroll/Amsterdam_UMC_Klinische_Genetica_Internship/omnomnomics/trimmed_FASTQ/mouse_F_ldlr_PlaqueMacrophages_RNA_2301_DMSO_poolA_RK_I20231020_L004.trimmed.fastq.gz
    cluster_jobid: Submitted batch job 5346595

Error executing rule run_skewer on cluster (jobid: 2, external: Submitted batch job 5346595, jobscript: /net/beegfs/scratch/kcarroll/Amsterdam_UMC_Klinische_Genetica_Internship/omnomnomics/.snakemake/tmp.jio5pq24/snakejob.run_skewer.2.sh). For error details see the cluster log and the log files of the involved rule(s).
[Fri Jun 21 10:50:20 2024]
Error in rule run_skewer:
    jobid: 1
    input: /net/beegfs/scratch/kcarroll/Amsterdam_UMC_Klinische_Genetica_Internship/omnomnomics/FASTQ/mouse_F_ldlr_PlaqueMacrophages_RNA_2301_DMSO_poolB_RK_I20231020_L004_R1.fastq.gz
    output: /net/beegfs/scratch/kcarroll/Amsterdam_UMC_Klinische_Genetica_Internship/omnomnomics/trimmed_FASTQ/mouse_F_ldlr_PlaqueMacrophages_RNA_2301_DMSO_poolB_RK_I20231020_L004.trimmed.fastq.gz
    cluster_jobid: Submitted batch job 5346596

Error executing rule run_skewer on cluster (jobid: 1, external: Submitted batch job 5346596, jobscript: /net/beegfs/scratch/kcarroll/Amsterdam_UMC_Klinische_Genetica_Internship/omnomnomics/.snakemake/tmp.jio5pq24/snakejob.run_skewer.1.sh). For error details see the cluster log and the log files of the involved rule(s).
[Fri Jun 21 10:50:20 2024]
Finished job 20.
1 of 21 steps (5%) done
Shutting down, this might take some time.
Exiting because a job execution failed. Look above for error message
Complete log: ../.snakemake/log/2024-06-21T105007.883774.snakemake.log
