Config file /net/beegfs/scratch/kcarroll/Amsterdam_UMC_Klinische_Genetica_Internship/omnomnomics/omnomnomics.run.2024-06-18.config.yaml is extended by additional config specified via the command line.
Building DAG of jobs...
Using shell: /usr/bin/bash
Provided cluster nodes: 1000
Job stats:
job           count    min threads    max threads
----------  -------  -------------  -------------
all               1              1              1
run_fastqc        2             16             16
total             3              1             16

Select jobs to execute...

[Tue Jun 18 10:22:55 2024]
rule run_fastqc:
    input: trimmed_FASTQ/human_MDM_DNA_H3K27Me3_Ctr_DMSO_F_d285_RK_I20221209_L002_R1.trimmed.fastq.gz, trimmed_FASTQ/human_MDM_DNA_H3K27Me3_Ctr_DMSO_F_d285_RK_I20221209_L002_R2.trimmed.fastq.gz
    output: fastqc_reports/human_MDM_DNA_H3K27Me3_Ctr_DMSO_F_d285_RK_I20221209_L002_R1.trimmed_fastqc.html, fastqc_reports/human_MDM_DNA_H3K27Me3_Ctr_DMSO_F_d285_RK_I20221209_L002_R2.trimmed_fastqc.html, fastqc_reports/human_MDM_DNA_H3K27Me3_Ctr_DMSO_F_d285_RK_I20221209_L002_R1.trimmed_fastqc.zip, fastqc_reports/human_MDM_DNA_H3K27Me3_Ctr_DMSO_F_d285_RK_I20221209_L002_R2.trimmed_fastqc.zip
    jobid: 1
    benchmark: fastqc_reports/human_MDM_DNA_H3K27Me3_Ctr_DMSO_F_d285_RK_I20221209_L002_benchmark.tsv
    reason: Forced execution
    wildcards: sample=human_MDM_DNA_H3K27Me3_Ctr_DMSO_F_d285_RK_I20221209_L002
    threads: 16
    resources: mem_mb=64000, mem_mib=61036, disk_mb=8403, disk_mib=8014, tmpdir=<TBD>

Submitted job 1 with external jobid 'Submitted batch job 5338901'.

[Tue Jun 18 10:22:55 2024]
rule run_fastqc:
    input: trimmed_FASTQ/human_MDM_DNA_H3K27Me3_Ctr_DMSO_F_d284_RK_I20221209_L002_R1.trimmed.fastq.gz, trimmed_FASTQ/human_MDM_DNA_H3K27Me3_Ctr_DMSO_F_d284_RK_I20221209_L002_R2.trimmed.fastq.gz
    output: fastqc_reports/human_MDM_DNA_H3K27Me3_Ctr_DMSO_F_d284_RK_I20221209_L002_R1.trimmed_fastqc.html, fastqc_reports/human_MDM_DNA_H3K27Me3_Ctr_DMSO_F_d284_RK_I20221209_L002_R2.trimmed_fastqc.html, fastqc_reports/human_MDM_DNA_H3K27Me3_Ctr_DMSO_F_d284_RK_I20221209_L002_R1.trimmed_fastqc.zip, fastqc_reports/human_MDM_DNA_H3K27Me3_Ctr_DMSO_F_d284_RK_I20221209_L002_R2.trimmed_fastqc.zip
    jobid: 3
    benchmark: fastqc_reports/human_MDM_DNA_H3K27Me3_Ctr_DMSO_F_d284_RK_I20221209_L002_benchmark.tsv
    reason: Forced execution
    wildcards: sample=human_MDM_DNA_H3K27Me3_Ctr_DMSO_F_d284_RK_I20221209_L002
    threads: 16
    resources: mem_mb=64000, mem_mib=61036, disk_mb=7999, disk_mib=7629, tmpdir=<TBD>

Submitted job 3 with external jobid 'Submitted batch job 5338902'.
[Tue Jun 18 10:26:16 2024]
Finished job 3.
1 of 3 steps (33%) done
[Tue Jun 18 10:26:46 2024]
Finished job 1.
2 of 3 steps (67%) done
Select jobs to execute...

[Tue Jun 18 10:26:46 2024]
localrule all:
    input: fastqc_reports/human_MDM_DNA_H3K27Me3_Ctr_DMSO_F_d285_RK_I20221209_L002_R1.trimmed_fastqc.html, fastqc_reports/human_MDM_DNA_H3K27Me3_Ctr_DMSO_F_d284_RK_I20221209_L002_R1.trimmed_fastqc.html, fastqc_reports/human_MDM_DNA_H3K27Me3_Ctr_DMSO_F_d285_RK_I20221209_L002_R2.trimmed_fastqc.html, fastqc_reports/human_MDM_DNA_H3K27Me3_Ctr_DMSO_F_d284_RK_I20221209_L002_R2.trimmed_fastqc.html, fastqc_reports/human_MDM_DNA_H3K27Me3_Ctr_DMSO_F_d285_RK_I20221209_L002_R1.trimmed_fastqc.zip, fastqc_reports/human_MDM_DNA_H3K27Me3_Ctr_DMSO_F_d284_RK_I20221209_L002_R1.trimmed_fastqc.zip, fastqc_reports/human_MDM_DNA_H3K27Me3_Ctr_DMSO_F_d285_RK_I20221209_L002_R2.trimmed_fastqc.zip, fastqc_reports/human_MDM_DNA_H3K27Me3_Ctr_DMSO_F_d284_RK_I20221209_L002_R2.trimmed_fastqc.zip
    jobid: 0
    reason: Input files updated by another job: fastqc_reports/human_MDM_DNA_H3K27Me3_Ctr_DMSO_F_d284_RK_I20221209_L002_R1.trimmed_fastqc.zip, fastqc_reports/human_MDM_DNA_H3K27Me3_Ctr_DMSO_F_d285_RK_I20221209_L002_R2.trimmed_fastqc.html, fastqc_reports/human_MDM_DNA_H3K27Me3_Ctr_DMSO_F_d284_RK_I20221209_L002_R2.trimmed_fastqc.zip, fastqc_reports/human_MDM_DNA_H3K27Me3_Ctr_DMSO_F_d285_RK_I20221209_L002_R1.trimmed_fastqc.zip, fastqc_reports/human_MDM_DNA_H3K27Me3_Ctr_DMSO_F_d284_RK_I20221209_L002_R2.trimmed_fastqc.html, fastqc_reports/human_MDM_DNA_H3K27Me3_Ctr_DMSO_F_d284_RK_I20221209_L002_R1.trimmed_fastqc.html, fastqc_reports/human_MDM_DNA_H3K27Me3_Ctr_DMSO_F_d285_RK_I20221209_L002_R1.trimmed_fastqc.html, fastqc_reports/human_MDM_DNA_H3K27Me3_Ctr_DMSO_F_d285_RK_I20221209_L002_R2.trimmed_fastqc.zip
    resources: mem_mb=1000, mem_mib=954, disk_mb=1000, disk_mib=954, tmpdir=/tmp

[Tue Jun 18 10:26:46 2024]
Finished job 0.
3 of 3 steps (100%) done
Complete log: ../.snakemake/log/2024-06-18T102254.564825.snakemake.log
