Config file /net/beegfs/scratch/kcarroll/Amsterdam_UMC_Klinische_Genetica_Internship/omnomnomics/omnomnomics.run.2024-06-17.config.yaml is extended by additional config specified via the command line.
Building DAG of jobs...
Using shell: /usr/bin/bash
Provided cluster nodes: 1000
Job stats:
job            count    min threads    max threads
-----------  -------  -------------  -------------
all                1              1              1
touchup_bam        2            128            128
total              3              1            128

Select jobs to execute...

[Mon Jun 17 22:01:17 2024]
rule touchup_bam:
    input: BAM/mouse_F_ldlr_PlaqueMacrophages_RNA_2301_DMSO_poolA_RK_I20231020.bam
    output: filtered_BAM/mouse_F_ldlr_PlaqueMacrophages_RNA_2301_DMSO_poolA_RK_I20231020.filtered.bam
    jobid: 3
    benchmark: filtered_BAM/mouse_F_ldlr_PlaqueMacrophages_RNA_2301_DMSO_poolA_RK_I20231020_benchmark.tsv
    reason: Forced execution
    wildcards: sample2=mouse_F_ldlr_PlaqueMacrophages_RNA_2301_DMSO_poolA_RK_I20231020
    threads: 128
    resources: mem_mb=512000, mem_mib=488282, disk_mb=5694, disk_mib=5431, tmpdir=<TBD>

Submitted job 3 with external jobid 'Submitted batch job 5336556'.

[Mon Jun 17 22:01:17 2024]
rule touchup_bam:
    input: BAM/human_MDM_DNA_H3K27Me3_Ctr_DMSO_F_d284_RK_I20221209.bam
    output: filtered_BAM/human_MDM_DNA_H3K27Me3_Ctr_DMSO_F_d284_RK_I20221209.filtered.bam
    jobid: 1
    benchmark: filtered_BAM/human_MDM_DNA_H3K27Me3_Ctr_DMSO_F_d284_RK_I20221209_benchmark.tsv
    reason: Forced execution
    wildcards: sample2=human_MDM_DNA_H3K27Me3_Ctr_DMSO_F_d284_RK_I20221209
    threads: 128
    resources: mem_mb=512000, mem_mib=488282, disk_mb=10280, disk_mib=9804, tmpdir=<TBD>

Submitted job 1 with external jobid 'Submitted batch job 5336557'.
[Mon Jun 17 22:03:27 2024]
Finished job 3.
1 of 3 steps (33%) done
[Mon Jun 17 22:05:37 2024]
Finished job 1.
2 of 3 steps (67%) done
Select jobs to execute...

[Mon Jun 17 22:05:37 2024]
localrule all:
    input: filtered_BAM/human_MDM_DNA_H3K27Me3_Ctr_DMSO_F_d284_RK_I20221209.filtered.bam, filtered_BAM/mouse_F_ldlr_PlaqueMacrophages_RNA_2301_DMSO_poolA_RK_I20231020.filtered.bam
    jobid: 0
    reason: Input files updated by another job: filtered_BAM/mouse_F_ldlr_PlaqueMacrophages_RNA_2301_DMSO_poolA_RK_I20231020.filtered.bam, filtered_BAM/human_MDM_DNA_H3K27Me3_Ctr_DMSO_F_d284_RK_I20221209.filtered.bam
    resources: mem_mb=6178, mem_mib=5892, disk_mb=6178, disk_mib=5892, tmpdir=/tmp

[Mon Jun 17 22:05:37 2024]
Finished job 0.
3 of 3 steps (100%) done
Complete log: ../.snakemake/log/2024-06-17T220113.564292.snakemake.log
