Config file /net/beegfs/scratch/kcarroll/Amsterdam_UMC_Klinische_Genetica_Internship/omnomnomics/run_configs/omnomnomics.run.2024-06-26.config.yaml is extended by additional config specified via the command line.
Building DAG of jobs...
Using shell: /usr/bin/bash
Provided cluster nodes: 1000
Job stats:
job              count    min threads    max threads
-------------  -------  -------------  -------------
all                  1              1              1
merge_wiggles        1            128            128
total                2              1            128

Select jobs to execute...

[Wed Jun 26 21:26:59 2024]
rule merge_wiggles:
    output: /net/beegfs/scratch/kcarroll/Amsterdam_UMC_Klinische_Genetica_Internship/omnomnomics/merged_hubs/extra_10.tmp
    jobid: 1
    benchmark: /net/beegfs/scratch/kcarroll/Amsterdam_UMC_Klinische_Genetica_Internship/omnomnomics/merged_hubs/benchmarks/merge_wiggles_benchmark.tsv
    reason: Forced execution
    threads: 128
    resources: mem_mb=512000, mem_mib=488282, disk_mb=1000, disk_mib=954, tmpdir=<TBD>, partition=defq

Submitted job 1 with external jobid 'Submitted batch job 5358021'.
[Wed Jun 26 21:27:09 2024]
Finished job 1.
1 of 2 steps (50%) done
Select jobs to execute...

[Wed Jun 26 21:27:09 2024]
localrule all:
    input: /net/beegfs/scratch/kcarroll/Amsterdam_UMC_Klinische_Genetica_Internship/omnomnomics/merged_hubs/extra_10.tmp
    jobid: 0
    reason: Input files updated by another job: /net/beegfs/scratch/kcarroll/Amsterdam_UMC_Klinische_Genetica_Internship/omnomnomics/merged_hubs/extra_10.tmp
    resources: mem_mb=1000, mem_mib=954, disk_mb=1000, disk_mib=954, tmpdir=/tmp, partition=defq

[Wed Jun 26 21:27:09 2024]
Finished job 0.
2 of 2 steps (100%) done
Complete log: ../.snakemake/log/2024-06-26T212658.845198.snakemake.log
KeyboardInterrupt in file /net/beegfs/scratch/kcarroll/Amsterdam_UMC_Klinische_Genetica_Internship/Snakefile.smk, line 576.
  File "/net/beegfs/scratch/kcarroll/Amsterdam_UMC_Klinische_Genetica_Internship/Snakefile.smk", line 576, in __onsuccess
  File "/trinity/shared/apps/snakemake/lib/python3.11/subprocess.py", line 1262, in wait
  File "/trinity/shared/apps/snakemake/lib/python3.11/subprocess.py", line 2013, in _wait
  File "/trinity/shared/apps/snakemake/lib/python3.11/subprocess.py", line 1971, in _try_wait
