Config file /net/beegfs/scratch/kcarroll/Amsterdam_UMC_Klinische_Genetica_Internship/omnomnomics/omnomnomics.run.2024-06-17.config.yaml is extended by additional config specified via the command line.
Building DAG of jobs...
Using shell: /usr/bin/bash
Provided cluster nodes: 1000
Job stats:
job                count    min threads    max threads
---------------  -------  -------------  -------------
all                    1              1              1
run_trimmomatic        1            128            128
total                  2              1            128

Select jobs to execute...

[Mon Jun 17 20:04:35 2024]
rule run_trimmomatic:
    input: FASTQ/human_MDM_DNA_H3K27Me3_Ctr_DMSO_F_d284_RK_I20221209_L002_R1.fastq.gz, FASTQ/human_MDM_DNA_H3K27Me3_Ctr_DMSO_F_d284_RK_I20221209_L002_R2.fastq.gz
    output: trimmed_FASTQ/human_MDM_DNA_H3K27Me3_Ctr_DMSO_F_d284_RK_I20221209_L002_R1.trimmed.fastq.gz, trimmed_FASTQ/human_MDM_DNA_H3K27Me3_Ctr_DMSO_F_d284_RK_I20221209_L002_R2.trimmed.fastq.gz
    jobid: 1
    reason: Forced execution
    wildcards: sample=human_MDM_DNA_H3K27Me3_Ctr_DMSO_F_d284_RK_I20221209_L002
    threads: 128
    resources: mem_mb=512000, mem_mib=488282, disk_mb=9655, disk_mib=9208, tmpdir=<TBD>

Submitted job 1 with external jobid 'Submitted batch job 5336468'.
[Mon Jun 17 20:22:26 2024]
Finished job 1.
1 of 2 steps (50%) done
Select jobs to execute...

[Mon Jun 17 20:22:26 2024]
localrule all:
    input: trimmed_FASTQ/human_MDM_DNA_H3K27Me3_Ctr_DMSO_F_d284_RK_I20221209_L002_R1.trimmed.fastq.gz, trimmed_FASTQ/human_MDM_DNA_H3K27Me3_Ctr_DMSO_F_d284_RK_I20221209_L002_R2.trimmed.fastq.gz
    jobid: 0
    reason: Input files updated by another job: trimmed_FASTQ/human_MDM_DNA_H3K27Me3_Ctr_DMSO_F_d284_RK_I20221209_L002_R1.trimmed.fastq.gz, trimmed_FASTQ/human_MDM_DNA_H3K27Me3_Ctr_DMSO_F_d284_RK_I20221209_L002_R2.trimmed.fastq.gz
    resources: mem_mb=7817, mem_mib=7455, disk_mb=7817, disk_mib=7455, tmpdir=/tmp

[Mon Jun 17 20:22:26 2024]
Finished job 0.
2 of 2 steps (100%) done
Complete log: ../.snakemake/log/2024-06-17T200432.733991.snakemake.log
