Config file /net/beegfs/scratch/kcarroll/Amsterdam_UMC_Klinische_Genetica_Internship/omnomnomics/omnomnomics.run.2024-06-19.config.yaml is extended by additional config specified via the command line.
Building DAG of jobs...
Using shell: /usr/bin/bash
Provided cluster nodes: 1000
Job stats:
job               count    min threads    max threads
--------------  -------  -------------  -------------
all                   1              1              1
create_wiggles        1              1              1
merge_wiggles         1            128            128
total                 3              1            128

Select jobs to execute...

[Wed Jun 19 18:08:54 2024]
rule create_wiggles:
    input: HOMER_tagDirs/human_MDM_DNA_H3K27Me3_Ctr_DMSO_F_d284_RK_I20221209.sorted.dups_marked.filtered.HOMER_tagDir.tar.gz
    output: BigWigs/human_MDM_DNA_H3K27Me3_Ctr_DMSO_F_d284_RK_I20221209.extra_9.tmp
    jobid: 1
    benchmark: BigWigs/human_MDM_DNA_H3K27Me3_Ctr_DMSO_F_d284_RK_I20221209_create_wiggles_benchmark.tsv
    reason: Forced execution
    wildcards: sample=human_MDM_DNA_H3K27Me3_Ctr_DMSO_F_d284_RK_I20221209
    resources: mem_mb=4000, mem_mib=3815, disk_mb=1000, disk_mib=954, tmpdir=<TBD>

Submitted job 1 with external jobid 'Submitted batch job 5341985'.
[Wed Jun 19 18:10:34 2024]
Finished job 1.
1 of 3 steps (33%) done
Select jobs to execute...

[Wed Jun 19 18:10:40 2024]
rule merge_wiggles:
    input: BigWigs/human_MDM_DNA_H3K27Me3_Ctr_DMSO_F_d284_RK_I20221209.extra_9.tmp
    output: merged_hubs/extra_10.tmp
    jobid: 4
    benchmark: merged_hubs/merge_wiggles_benchmark.tsv
    reason: Missing output files: merged_hubs/extra_10.tmp; Input files updated by another job: BigWigs/human_MDM_DNA_H3K27Me3_Ctr_DMSO_F_d284_RK_I20221209.extra_9.tmp
    threads: 128
    resources: mem_mb=512000, mem_mib=488282, disk_mb=1000, disk_mib=954, tmpdir=<TBD>

Submitted job 4 with external jobid 'Submitted batch job 5341986'.
[Wed Jun 19 18:10:45 2024]
Finished job 4.
2 of 3 steps (67%) done
Select jobs to execute...

[Wed Jun 19 18:10:45 2024]
localrule all:
    input: BigWigs/human_MDM_DNA_H3K27Me3_Ctr_DMSO_F_d284_RK_I20221209.extra_9.tmp, merged_hubs/extra_10.tmp
    jobid: 0
    reason: Input files updated by another job: BigWigs/human_MDM_DNA_H3K27Me3_Ctr_DMSO_F_d284_RK_I20221209.extra_9.tmp, merged_hubs/extra_10.tmp
    resources: mem_mb=1000, mem_mib=954, disk_mb=1000, disk_mib=954, tmpdir=/tmp

[Wed Jun 19 18:10:45 2024]
Finished job 0.
3 of 3 steps (100%) done
Complete log: ../.snakemake/log/2024-06-19T180852.697541.snakemake.log
