Config file /net/beegfs/scratch/kcarroll/Amsterdam_UMC_Klinische_Genetica_Internship/omnomnomics/omnomnomics.run.2024-06-12.config.yaml is extended by additional config specified via the command line.
Building DAG of jobs...
Using shell: /usr/bin/bash
Provided cluster nodes: 1000
Job stats:
job          count    min threads    max threads
---------  -------  -------------  -------------
all              1              1              1
merge_bam        1            128            128
total            2              1            128

Resources before job selection: {'_cores': 9223372036854775807, '_nodes': 1000}
Ready jobs (1)
Select jobs to execute...
Selected jobs (1)
Resources after job selection: {'_cores': 9223372036854775679, '_nodes': 999}

[Wed Jun 12 18:33:44 2024]
rule merge_bam:
    input: BAM/mouse_F_ldlr_PlaqueMacrophages_RNA_2301_DMSO_poolA_RK_I20231020_L004.bam
    output: BAM/mouse_F_ldlr_PlaqueMacrophages_RNA_2301_DMSO_poolA_RK_I20231020.bam, BAM/mouse_F_ldlr_PlaqueMacrophages_RNA_2301_DMSO_poolA_RK_I20231020.extra.tmp
    jobid: 1
    reason: Forced execution
    wildcards: sample=mouse_F_ldlr_PlaqueMacrophages_RNA_2301_DMSO_poolA_RK_I20231020
    threads: 128
    resources: mem_mb=512000, mem_mib=488282, disk_mb=1594, disk_mib=1521, tmpdir=<TBD>

Jobscript:
#!/bin/sh
# properties = {"type": "single", "rule": "merge_bam", "local": false, "input": ["BAM/mouse_F_ldlr_PlaqueMacrophages_RNA_2301_DMSO_poolA_RK_I20231020_L004.bam"], "output": ["BAM/mouse_F_ldlr_PlaqueMacrophages_RNA_2301_DMSO_poolA_RK_I20231020.bam", "BAM/mouse_F_ldlr_PlaqueMacrophages_RNA_2301_DMSO_poolA_RK_I20231020.extra.tmp"], "wildcards": {"sample": "mouse_F_ldlr_PlaqueMacrophages_RNA_2301_DMSO_poolA_RK_I20231020"}, "params": {"inputfolder": "BAM", "outputfolder": "BAM"}, "log": [], "threads": 128, "resources": {"mem_mb": 512000, "mem_mib": 488282, "disk_mb": 1594, "disk_mib": 1521, "tmpdir": "<TBD>"}, "jobid": 1, "cluster": {}}
cd '/net/beegfs/scratch/kcarroll/Amsterdam_UMC_Klinische_Genetica_Internship' && /trinity/shared/apps/snakemake/bin/export/python3.11 -m snakemake --snakefile '/net/beegfs/scratch/kcarroll/Amsterdam_UMC_Klinische_Genetica_Internship/omnomnomics/Snakefile.smk' --target-jobs 'merge_bam:sample=mouse_F_ldlr_PlaqueMacrophages_RNA_2301_DMSO_poolA_RK_I20231020' --allowed-rules 'merge_bam' --cores 'all' --attempt 1 --force-use-threads  --resources 'mem_mb=512000' 'mem_mib=488282' 'disk_mb=1594' 'disk_mib=1521' --wait-for-files '/net/beegfs/scratch/kcarroll/Amsterdam_UMC_Klinische_Genetica_Internship/omnomnomics/.snakemake/tmp.t40csm6a' 'BAM/mouse_F_ldlr_PlaqueMacrophages_RNA_2301_DMSO_poolA_RK_I20231020_L004.bam' --force --keep-target-files --keep-remote --max-inventory-time 0 --nocolor --notemp --no-hooks --nolock --ignore-incomplete --rerun-triggers 'code' 'mtime' 'software-env' 'input' 'params' --skip-script-cleanup  --conda-frontend 'mamba' --wrapper-prefix 'https://github.com/snakemake/snakemake-wrappers/raw/' --config 'config_file=/net/beegfs/scratch/kcarroll/Amsterdam_UMC_Klinische_Genetica_Internship/omnomnomics/omnomnomics.run.2024-06-12.config.yaml' --latency-wait 5 --scheduler 'greedy' --scheduler-solver-path '/trinity/shared/apps/snakemake/bin/export' --default-resources 'mem_mb=max(2*input.size_mb, 1000)' 'disk_mb=max(2*input.size_mb, 1000)' 'tmpdir=system_tmpdir' --mode 2 && touch '/net/beegfs/scratch/kcarroll/Amsterdam_UMC_Klinische_Genetica_Internship/omnomnomics/.snakemake/tmp.t40csm6a/1.jobfinished' || (touch '/net/beegfs/scratch/kcarroll/Amsterdam_UMC_Klinische_Genetica_Internship/omnomnomics/.snakemake/tmp.t40csm6a/1.jobfailed'; exit 1)

Submitted job 1 with external jobid 'Submitted batch job 5321960'.
[Wed Jun 12 18:33:54 2024]
Finished job 1.
1 of 2 steps (50%) done
Resources before job selection: {'_cores': 9223372036854775807, '_nodes': 1000}
Ready jobs (1)
Select jobs to execute...
Selected jobs (1)
Resources after job selection: {'_cores': 9223372036854775806, '_nodes': 999}

[Wed Jun 12 18:33:54 2024]
localrule all:
    input: BAM/mouse_F_ldlr_PlaqueMacrophages_RNA_2301_DMSO_poolA_RK_I20231020.bam, BAM/mouse_F_ldlr_PlaqueMacrophages_RNA_2301_DMSO_poolA_RK_I20231020.extra.tmp
    jobid: 0
    reason: Input files updated by another job: BAM/mouse_F_ldlr_PlaqueMacrophages_RNA_2301_DMSO_poolA_RK_I20231020.bam, BAM/mouse_F_ldlr_PlaqueMacrophages_RNA_2301_DMSO_poolA_RK_I20231020.extra.tmp
    resources: mem_mb=1594, mem_mib=1521, disk_mb=1594, disk_mib=1521, tmpdir=/tmp

[Wed Jun 12 18:33:54 2024]
Finished job 0.
2 of 2 steps (100%) done
Complete log: ../.snakemake/log/2024-06-12T183343.382106.snakemake.log
unlocking
removing lock
removing lock
removed all locks
