Config file /net/beegfs/scratch/kcarroll/Amsterdam_UMC_Klinische_Genetica_Internship/omnomnomics/omnomnomics.run.2024-06-17.config.yaml is extended by additional config specified via the command line.
Building DAG of jobs...
Using shell: /usr/bin/bash
Provided cluster nodes: 1000
Job stats:
job              count    min threads    max threads
-------------  -------  -------------  -------------
all                  1              1              1
merge_wiggles        1            128            128
total                2              1            128

Select jobs to execute...

[Mon Jun 17 16:10:33 2024]
rule merge_wiggles:
    input: BigWigs/mouse_F_ldlr_PlaqueMacrophages_RNA_2301_DMSO_poolA_RK_I20231020.sorted.dups_marked.filtered.hub, BigWigs/mouse_F_ldlr_PlaqueMacrophages_RNA_2301_DMSO_poolA_RK_I20231020.extra.tmp
    output: merged_hubs/extra.tmp
    jobid: 0
    reason: Forced execution
    threads: 128
    resources: mem_mb=128000, mem_mib=122071, disk_mb=1000, disk_mib=954, tmpdir=<TBD>

Submitted job 0 with external jobid 'Submitted batch job 5336215'.
[Mon Jun 17 16:13:33 2024]
Finished job 0.
1 of 2 steps (50%) done
Select jobs to execute...

[Mon Jun 17 16:13:33 2024]
localrule all:
    input: merged_hubs/extra.tmp
    jobid: 5
    reason: Input files updated by another job: merged_hubs/extra.tmp
    resources: mem_mb=1000, mem_mib=954, disk_mb=1000, disk_mib=954, tmpdir=/tmp

[Mon Jun 17 16:13:33 2024]
Finished job 5.
2 of 2 steps (100%) done
Complete log: ../.snakemake/log/2024-06-17T161030.738777.snakemake.log
