Config file /net/beegfs/scratch/kcarroll/Amsterdam_UMC_Klinische_Genetica_Internship/omnomnomics/omnomnomics.run.2024-06-12.config.yaml is extended by additional config specified via the command line.
Building DAG of jobs...
Using shell: /usr/bin/bash
Provided cluster nodes: 1000
Job stats:
job            count    min threads    max threads
-----------  -------  -------------  -------------
all                1              1              1
touchup_bam        1            128            128
total              2              1            128

Resources before job selection: {'_cores': 9223372036854775807, '_nodes': 1000}
Ready jobs (1)
Select jobs to execute...
Selected jobs (1)
Resources after job selection: {'_cores': 9223372036854775679, '_nodes': 999}

[Wed Jun 12 19:21:56 2024]
rule touchup_bam:
    input: BAM/mouse_F_ldlr_PlaqueMacrophages_RNA_2301_DMSO_poolA_RK_I20231020.bam
    output: filtered_BAM/mouse_F_ldlr_PlaqueMacrophages_RNA_2301_DMSO_poolA_RK_I20231020.sorted.dups_marked.filtered.bam
    jobid: 1
    reason: Forced execution
    wildcards: sample2=mouse_F_ldlr_PlaqueMacrophages_RNA_2301_DMSO_poolA_RK_I20231020
    threads: 128
    resources: mem_mb=512000, mem_mib=488282, disk_mb=1594, disk_mib=1521, tmpdir=<TBD>

Jobscript:
#!/bin/sh
# properties = {"type": "single", "rule": "touchup_bam", "local": false, "input": ["BAM/mouse_F_ldlr_PlaqueMacrophages_RNA_2301_DMSO_poolA_RK_I20231020.bam"], "output": ["filtered_BAM/mouse_F_ldlr_PlaqueMacrophages_RNA_2301_DMSO_poolA_RK_I20231020.sorted.dups_marked.filtered.bam"], "wildcards": {"sample2": "mouse_F_ldlr_PlaqueMacrophages_RNA_2301_DMSO_poolA_RK_I20231020"}, "params": {"thetype": "RNA", "inputfolder": "BAM", "outputfolder": "filtered_BAM"}, "log": [], "threads": 128, "resources": {"mem_mb": 512000, "mem_mib": 488282, "disk_mb": 1594, "disk_mib": 1521, "tmpdir": "<TBD>"}, "jobid": 1, "cluster": {}}
cd '/net/beegfs/scratch/kcarroll/Amsterdam_UMC_Klinische_Genetica_Internship' && /trinity/shared/apps/snakemake/bin/export/python3.11 -m snakemake --snakefile '/net/beegfs/scratch/kcarroll/Amsterdam_UMC_Klinische_Genetica_Internship/omnomnomics/Snakefile.smk' --target-jobs 'touchup_bam:sample2=mouse_F_ldlr_PlaqueMacrophages_RNA_2301_DMSO_poolA_RK_I20231020' --allowed-rules 'touchup_bam' --cores 'all' --attempt 1 --force-use-threads  --resources 'mem_mb=512000' 'mem_mib=488282' 'disk_mb=1594' 'disk_mib=1521' --wait-for-files '/net/beegfs/scratch/kcarroll/Amsterdam_UMC_Klinische_Genetica_Internship/omnomnomics/.snakemake/tmp.og84e250' 'BAM/mouse_F_ldlr_PlaqueMacrophages_RNA_2301_DMSO_poolA_RK_I20231020.bam' --force --keep-target-files --keep-remote --max-inventory-time 0 --nocolor --notemp --no-hooks --nolock --ignore-incomplete --rerun-triggers 'input' 'software-env' 'mtime' 'code' 'params' --skip-script-cleanup  --conda-frontend 'mamba' --wrapper-prefix 'https://github.com/snakemake/snakemake-wrappers/raw/' --config 'config_file=/net/beegfs/scratch/kcarroll/Amsterdam_UMC_Klinische_Genetica_Internship/omnomnomics/omnomnomics.run.2024-06-12.config.yaml' --latency-wait 5 --scheduler 'greedy' --scheduler-solver-path '/trinity/shared/apps/snakemake/bin/export' --default-resources 'mem_mb=max(2*input.size_mb, 1000)' 'disk_mb=max(2*input.size_mb, 1000)' 'tmpdir=system_tmpdir' --mode 2 && touch '/net/beegfs/scratch/kcarroll/Amsterdam_UMC_Klinische_Genetica_Internship/omnomnomics/.snakemake/tmp.og84e250/1.jobfinished' || (touch '/net/beegfs/scratch/kcarroll/Amsterdam_UMC_Klinische_Genetica_Internship/omnomnomics/.snakemake/tmp.og84e250/1.jobfailed'; exit 1)

Submitted job 1 with external jobid 'Submitted batch job 5321981'.
[Wed Jun 12 19:22:06 2024]
Error in rule touchup_bam:
    jobid: 1
    input: BAM/mouse_F_ldlr_PlaqueMacrophages_RNA_2301_DMSO_poolA_RK_I20231020.bam
    output: filtered_BAM/mouse_F_ldlr_PlaqueMacrophages_RNA_2301_DMSO_poolA_RK_I20231020.sorted.dups_marked.filtered.bam
    cluster_jobid: Submitted batch job 5321981

Error executing rule touchup_bam on cluster (jobid: 1, external: Submitted batch job 5321981, jobscript: /net/beegfs/scratch/kcarroll/Amsterdam_UMC_Klinische_Genetica_Internship/omnomnomics/.snakemake/tmp.og84e250/snakejob.touchup_bam.1.sh). For error details see the cluster log and the log files of the involved rule(s).
Cleanup job metadata.
Cleanup failed jobs output files.
Shutting down, this might take some time.
Exiting because a job execution failed. Look above for error message
Complete log: ../.snakemake/log/2024-06-12T192154.410259.snakemake.log
unlocking
removing lock
removing lock
removed all locks
