Config file /net/beegfs/scratch/kcarroll/Amsterdam_UMC_Klinische_Genetica_Internship/omnomnomics/omnomnomics.run.2024-06-19.config.yaml is extended by additional config specified via the command line.
Building DAG of jobs...
Using shell: /usr/bin/bash
Provided cluster nodes: 1000
Job stats:
job           count    min threads    max threads
----------  -------  -------------  -------------
all               1              1              1
run_fastqc        1             16             16
total             2              1             16

Select jobs to execute...

[Wed Jun 19 18:16:54 2024]
rule run_fastqc:
    input: trimmed_FASTQ/human_MDM_DNA_H3K27Me3_Ctr_DMSO_F_d284_RK_I20221209_L002.trimmed.fastq.gz
    output: fastqc_reports/human_MDM_DNA_H3K27Me3_Ctr_DMSO_F_d284_RK_I20221209_L002.trimmed_fastqc.html, fastqc_reports/human_MDM_DNA_H3K27Me3_Ctr_DMSO_F_d284_RK_I20221209_L002.trimmed_fastqc.zip
    jobid: 1
    benchmark: fastqc_reports/human_MDM_DNA_H3K27Me3_Ctr_DMSO_F_d284_RK_I20221209_L002_fastqc_benchmark.tsv
    reason: Forced execution
    wildcards: sample=human_MDM_DNA_H3K27Me3_Ctr_DMSO_F_d284_RK_I20221209_L002
    threads: 16
    resources: mem_mb=64000, mem_mib=61036, disk_mb=3848, disk_mib=3670, tmpdir=<TBD>

Submitted job 1 with external jobid 'Submitted batch job 5341988'.
[Wed Jun 19 18:20:15 2024]
Finished job 1.
1 of 2 steps (50%) done
Select jobs to execute...

[Wed Jun 19 18:20:15 2024]
localrule all:
    input: fastqc_reports/human_MDM_DNA_H3K27Me3_Ctr_DMSO_F_d284_RK_I20221209_L002.trimmed_fastqc.html, fastqc_reports/human_MDM_DNA_H3K27Me3_Ctr_DMSO_F_d284_RK_I20221209_L002.trimmed_fastqc.zip
    jobid: 0
    reason: Input files updated by another job: fastqc_reports/human_MDM_DNA_H3K27Me3_Ctr_DMSO_F_d284_RK_I20221209_L002.trimmed_fastqc.zip, fastqc_reports/human_MDM_DNA_H3K27Me3_Ctr_DMSO_F_d284_RK_I20221209_L002.trimmed_fastqc.html
    resources: mem_mb=1000, mem_mib=954, disk_mb=1000, disk_mib=954, tmpdir=/tmp

[Wed Jun 19 18:20:15 2024]
Finished job 0.
2 of 2 steps (100%) done
Complete log: ../.snakemake/log/2024-06-19T181652.834670.snakemake.log
