Config file /net/beegfs/scratch/kcarroll/Amsterdam_UMC_Klinische_Genetica_Internship/omnomnomics/omnomnomics.run.2024-06-17.config.yaml is extended by additional config specified via the command line.
Building DAG of jobs...
Using shell: /usr/bin/bash
Provided cluster nodes: 1000
Job stats:
job            count    min threads    max threads
-----------  -------  -------------  -------------
all                1              1              1
count_reads        1            128            128
total              2              1            128

Select jobs to execute...

[Mon Jun 17 10:31:18 2024]
rule count_reads:
    input: HOMER_tagDirs/mouse_F_ldlr_PlaqueMacrophages_RNA_2301_DMSO_poolA_RK_I20231020.sorted.dups_marked.filtered.HOMER_tagDir.tar.gz
    output: DE_calling/omnomnomics.raw_read_quant.table.txt
    jobid: 0
    reason: Forced execution
    threads: 128
    resources: mem_mb=512000, mem_mib=488282, disk_mb=1000, disk_mib=954, tmpdir=<TBD>

Submitted job 0 with external jobid 'Submitted batch job 5332822'.
[Mon Jun 17 10:31:58 2024]
Finished job 0.
1 of 2 steps (50%) done
Select jobs to execute...

[Mon Jun 17 10:31:58 2024]
localrule all:
    input: DE_calling/omnomnomics.raw_read_quant.table.txt
    jobid: 4
    reason: Input files updated by another job: DE_calling/omnomnomics.raw_read_quant.table.txt
    resources: mem_mb=1000, mem_mib=954, disk_mb=1000, disk_mib=954, tmpdir=/tmp

[Mon Jun 17 10:31:58 2024]
Finished job 4.
2 of 2 steps (100%) done
Complete log: ../.snakemake/log/2024-06-17T103116.513961.snakemake.log
