Config file /net/beegfs/scratch/kcarroll/Amsterdam_UMC_Klinische_Genetica_Internship/omnomnomics/omnomnomics.run.2024-06-12.config.yaml is extended by additional config specified via the command line.
Building DAG of jobs...
Using shell: /usr/bin/bash
Provided cluster nodes: 1000
Job stats:
job          count    min threads    max threads
---------  -------  -------------  -------------
all              1              1              1
merge_bam        1            128            128
total            2              1            128

Select jobs to execute...

[Wed Jun 12 15:06:05 2024]
rule merge_bam:
    input: BAM/mouse_F_ldlr_PlaqueMacrophages_RNA_2301_DMSO_poolA_RK_I20231020_L004.bam
    output: BAM/mouse_F_ldlr_PlaqueMacrophages_RNA_2301_DMSO_poolA_RK_I20231020_merged.bam
    jobid: 1
    reason: Forced execution
    wildcards: sample=mouse_F_ldlr_PlaqueMacrophages_RNA_2301_DMSO_poolA_RK_I20231020
    threads: 128
    resources: mem_mb=512000, mem_mib=488282, disk_mb=1594, disk_mib=1521, tmpdir=<TBD>

Submitted job 1 with external jobid 'Submitted batch job 5321482'.
[Wed Jun 12 15:06:15 2024]
Finished job 1.
1 of 2 steps (50%) done
Select jobs to execute...

[Wed Jun 12 15:06:15 2024]
localrule all:
    input: BAM/mouse_F_ldlr_PlaqueMacrophages_RNA_2301_DMSO_poolA_RK_I20231020_merged.bam
    jobid: 0
    reason: Input files updated by another job: BAM/mouse_F_ldlr_PlaqueMacrophages_RNA_2301_DMSO_poolA_RK_I20231020_merged.bam
    resources: mem_mb=1594, mem_mib=1521, disk_mb=1594, disk_mib=1521, tmpdir=/tmp

[Wed Jun 12 15:06:15 2024]
Finished job 0.
2 of 2 steps (100%) done
Complete log: ../.snakemake/log/2024-06-12T150603.669322.snakemake.log
