Config file /net/beegfs/scratch/kcarroll/Amsterdam_UMC_Klinische_Genetica_Internship/omnomnomics/omnomnomics.run.2024-06-17.config.yaml is extended by additional config specified via the command line.
Building DAG of jobs...
Using shell: /usr/bin/bash
Provided cluster nodes: 1000
Job stats:
job               count    min threads    max threads
--------------  -------  -------------  -------------
all                   1              1              1
create_wiggles        1              1              1
merge_wiggles         1            128            128
total                 3              1            128

Select jobs to execute...

[Mon Jun 17 11:58:57 2024]
rule create_wiggles:
    input: HOMER_tagDirs/mouse_F_ldlr_PlaqueMacrophages_RNA_2301_DMSO_poolA_RK_I20231020.sorted.dups_marked.filtered.HOMER_tagDir.tar.gz
    output: BigWigs/mouse_F_ldlr_PlaqueMacrophages_RNA_2301_DMSO_poolA_RK_I20231020.extra.tmp
    jobid: 2
    reason: Forced execution
    wildcards: sample=mouse_F_ldlr_PlaqueMacrophages_RNA_2301_DMSO_poolA_RK_I20231020
    resources: mem_mb=4000, mem_mib=3815, disk_mb=1000, disk_mib=954, tmpdir=<TBD>

Submitted job 2 with external jobid 'Submitted batch job 5334264'.

[Mon Jun 17 11:59:02 2024]
rule merge_wiggles:
    output: merged_hubs/extra.tmp
    jobid: 0
    reason: Forced execution
    threads: 128
    resources: mem_mb=128000, mem_mib=122071, disk_mb=1000, disk_mib=954, tmpdir=<TBD>

Submitted job 0 with external jobid 'Submitted batch job 5334265'.
[Mon Jun 17 11:59:07 2024]
Error in rule create_wiggles:
    jobid: 2
    input: HOMER_tagDirs/mouse_F_ldlr_PlaqueMacrophages_RNA_2301_DMSO_poolA_RK_I20231020.sorted.dups_marked.filtered.HOMER_tagDir.tar.gz
    output: BigWigs/mouse_F_ldlr_PlaqueMacrophages_RNA_2301_DMSO_poolA_RK_I20231020.extra.tmp
    cluster_jobid: Submitted batch job 5334264

Error executing rule create_wiggles on cluster (jobid: 2, external: Submitted batch job 5334264, jobscript: /net/beegfs/scratch/kcarroll/Amsterdam_UMC_Klinische_Genetica_Internship/omnomnomics/.snakemake/tmp.ut_i0hru/snakejob.create_wiggles.2.sh). For error details see the cluster log and the log files of the involved rule(s).
[Mon Jun 17 11:59:07 2024]
Error in rule merge_wiggles:
    jobid: 0
    output: merged_hubs/extra.tmp
    cluster_jobid: Submitted batch job 5334265

Error executing rule merge_wiggles on cluster (jobid: 0, external: Submitted batch job 5334265, jobscript: /net/beegfs/scratch/kcarroll/Amsterdam_UMC_Klinische_Genetica_Internship/omnomnomics/.snakemake/tmp.ut_i0hru/snakejob.merge_wiggles.0.sh). For error details see the cluster log and the log files of the involved rule(s).
Shutting down, this might take some time.
Exiting because a job execution failed. Look above for error message
Complete log: ../.snakemake/log/2024-06-17T115855.349779.snakemake.log
