Config file /net/beegfs/scratch/kcarroll/Amsterdam UMC Klinische Genetica Internship/omnomnomics/omnomnomics.run.2024-06-05.config.yaml is extended by additional config specified via the command line.
Building DAG of jobs...
Using shell: /usr/bin/bash
Provided cluster nodes: 1000
Job stats:
job      count    min threads    max threads
-----  -------  -------------  -------------
all          1              1              1
rule1        1             10             10
total        2              1             10

Select jobs to execute...

[Wed Jun  5 09:56:09 2024]
rule rule1:
    input: FASTQ/test_test_test.fastq.gz
    output: trimmed_FASTQ/rule1_output.test_test_test.fastq.gz
    jobid: 1
    reason: Missing output files: trimmed_FASTQ/rule1_output.test_test_test.fastq.gz; Code has changed since last execution
    wildcards: sample=test_test_test
    threads: 10
    resources: mem_mb=32000, mem_mib=30518, disk_mb=1000, disk_mib=954, tmpdir=<TBD>

Submitted job 1 with external jobid 'Submitted batch job 5303073'.
[Wed Jun  5 09:56:19 2024]
Finished job 1.
1 of 2 steps (50%) done
Select jobs to execute...

[Wed Jun  5 09:56:19 2024]
localrule all:
    input: trimmed_FASTQ/rule1_output.test_test_test.fastq.gz
    jobid: 0
    reason: Input files updated by another job: trimmed_FASTQ/rule1_output.test_test_test.fastq.gz
    resources: mem_mb=1000, mem_mib=954, disk_mb=1000, disk_mib=954, tmpdir=/tmp

[Wed Jun  5 09:56:19 2024]
Finished job 0.
2 of 2 steps (100%) done
Complete log: ../.snakemake/log/2024-06-05T095608.572563.snakemake.log
