Config file /net/beegfs/scratch/kcarroll/Amsterdam_UMC_Klinische_Genetica_Internship/omnomnomics/omnomnomics.run.2024-06-11.config.yaml is extended by additional config specified via the command line.
Building DAG of jobs...
Using shell: /usr/bin/bash
Provided cores: 128
Rules claiming more threads will be scaled down.
Provided resources: mem_mb=128000, mem_mib=122071, disk_mb=4815, disk_mib=4592
Select jobs to execute...

[Tue Jun 11 16:53:32 2024]
rule run_star:
    input: trimmed_FASTQ/mouse_F_ldlr_PlaqueMacrophages_RNA_2301_DMSO_poolA_RK_I20231020_L004_R1_Skewer.trimmed.fastq.gz, trimmed_FASTQ/mouse_F_ldlr_PlaqueMacrophages_RNA_2301_DMSO_poolA_RK_I20231020_L004_R2_Skewer.trimmed.fastq.gz
    output: BAM/mouse_F_ldlr_PlaqueMacrophages_RNA_2301_DMSO_poolA_RK_I20231020_L004_STAR.bam, BAM/mouse_F_ldlr_PlaqueMacrophages_RNA_2301_DMSO_poolA_RK_I20231020_L004.STAR_stats.txt
    jobid: 0
    reason: Missing output files: BAM/mouse_F_ldlr_PlaqueMacrophages_RNA_2301_DMSO_poolA_RK_I20231020_L004.STAR_stats.txt, BAM/mouse_F_ldlr_PlaqueMacrophages_RNA_2301_DMSO_poolA_RK_I20231020_L004_STAR.bam
    wildcards: sample=mouse_F_ldlr_PlaqueMacrophages_RNA_2301_DMSO_poolA_RK_I20231020_L004
    threads: 128
    resources: mem_mb=128000, mem_mib=122071, disk_mb=4815, disk_mib=4592, tmpdir=/tmp/kcarroll.5320117

	STAR --runThreadN 128 --genomeDir /net/beegfs/scratch/kcarroll/Amsterdam_UMC_Klinische_Genetica_Internship/omnomnomics/genomes/STAR/hg38 --readFilesIn trimmed_FASTQ/mouse_F_ldlr_PlaqueMacrophages_RNA_2301_DMSO_poolA_RK_I20231020_L004_R1_Skewer.trimmed.fastq.gz trimmed_FASTQ/mouse_F_ldlr_PlaqueMacrophages_RNA_2301_DMSO_poolA_RK_I20231020_L004_R2_Skewer.trimmed.fastq.gz --readFilesCommand zcat --outFileNamePrefix BAM/mouse_F_ldlr_PlaqueMacrophages_RNA_2301_DMSO_poolA_RK_I20231020_L004. --outSAMtype BAM Unsorted --outBAMcompression -1 --genomeLoad NoSharedMemory --twopassMode Basic
	STAR version: 2.7.10b   compiled: 2023-04-25T11:10:35+02:00 controller1:/trinity/shared/apps/easybuild/build/STAR/2.7.10b/GCC-11.3.0/STAR-2.7.10b/source
Jun 11 16:53:33 ..... started STAR run
Jun 11 16:53:33 ..... loading genome
Jun 11 16:53:57 ..... started 1st pass mapping
Jun 11 16:56:27 ..... finished 1st pass mapping
Jun 11 16:56:28 ..... inserting junctions into the genome indices
Jun 11 16:57:48 ..... started mapping
Jun 11 17:00:28 ..... finished mapping
Jun 11 17:00:31 ..... finished successfully
[Tue Jun 11 17:00:36 2024]
Finished job 0.
1 of 1 steps (100%) done
2024-06-11 16:53:32: JOB DISPATCHED!
2024-06-11 16:53:32: MAMBA_EXE: /net/beegfs/cfg/projects/dewintherlab/bin/micromamba
2024-06-11 16:53:32: Initializing shell...
2024-06-11 16:53:32: Sanity check completed
2024-06-11 16:53:32: Changed directory to experiment dir: /net/beegfs/scratch/kcarroll/Amsterdam_UMC_Klinische_Genetica_Internship/omnomnomics
Changed directory to experiment dir: /net/beegfs/scratch/kcarroll/Amsterdam_UMC_Klinische_Genetica_Internship/omnomnomics
Updated logfile path: omnomnomics.run.2024-06-11.log
2024-06-11 16:53:32: Job Start time: 1718117612.234347
2024-06-11 16:53:32: Experiment dir: /net/beegfs/scratch/kcarroll/Amsterdam_UMC_Klinische_Genetica_Internship/omnomnomics
2024-06-11 16:53:32: Run date: 2024-06-11
2024-06-11 16:53:32: Log file: omnomnomics.run.2024-06-11.log
2024-06-11 16:53:32: Files: 2
2024-06-11 16:53:32: Pairs: 1
2024-06-11 16:53:32: Paired run: True
2024-06-11 16:53:32: Type: RNA
2024-06-11 16:53:32: Genome: hg38
2024-06-11 16:53:32: Mode: 3
2024-06-11 16:53:32: Mode min: 3
2024-06-11 16:53:32: Mode max: 3
2024-06-11 16:53:32: Trim tool: skewer
2024-06-11 16:53:32: Map tool: star
2024-06-11 16:53:32: Design formula: 1
2024-06-11 16:53:32: Metadata file: NA
2024-06-11 16:53:32: Input file (MACS3): NA
2024-06-11 16:53:32: Input file (HOMER): NA.HOMER_tagDir
2024-06-11 16:53:32: Broad peaks: NA
2024-06-11 16:53:32: Peak style: factor
2024-06-11 16:53:32: HOMER peaksize: 500
2024-06-11 16:53:32: HOMER minDist: 2000
2024-06-11 16:53:32: 250000M HEAP init
2024-06-11 16:53:32: 500000M memory per sample
2024-06-11 16:53:32: Hub type field: 1
2024-06-11 16:53:32: Hub name field: 1-3
2024-06-11 16:53:32: Hub col field: 2
2024-06-11 16:53:32: Hub separator: _
2024-06-11 16:53:32: Hub appendix: hub
2024-06-11 16:53:32: Hub overlay: transparentOverlay
2024-06-11 16:53:32: Hub coldata folder: ${OMNOM_HOME}/bin/color_data_for_hubs
2024-06-11 16:53:32: Hub color table: ${OMNOM_HOME}/bin/color_data_for_hubs/gray.tint.color.table
2024-06-11 16:53:32: Hub mail: m.dewinther@amsterdamumc.nl
trimmed_FASTQ
.trimmed.fastq.gz
trimmed_FASTQ/*.trimmed.fastq.gz
['trimmed_FASTQ/mouse_F_ldlr_PlaqueMacrophages_RNA_2301_DMSO_poolA_RK_I20231020_L004_R2_Skewer.trimmed.fastq.gz', 'trimmed_FASTQ/mouse_F_ldlr_PlaqueMacrophages_RNA_2301_DMSO_poolA_RK_I20231020_L004_R1_Skewer.trimmed.fastq.gz']
['mouse_F_ldlr_PlaqueMacrophages_RNA_2301_DMSO_poolA_RK_I20231020_L004', 'mouse_F_ldlr_PlaqueMacrophages_RNA_2301_DMSO_poolA_RK_I20231020_L004']
['mouse_F_ldlr_PlaqueMacrophages_RNA_2301_DMSO_poolA_RK_I20231020_L004']
{'1': 128, '2': 128, '3': 128, '4': 128, '5': 128, '6': 128, '7': 1, '8': 1, '9': 1, '10': 128, '11': 128, '12': 128, '13': 128}
2024-06-11 16:53:32: Checking snake rule functions...
2024-06-11 16:53:32: Workflow Snake rules Good!
[3]
BAM
.bam
['BAM/mouse_F_ldlr_PlaqueMacrophages_RNA_2301_DMSO_poolA_RK_I20231020_L004_STAR.bam', 'BAM/mouse_F_ldlr_PlaqueMacrophages_RNA_2301_DMSO_poolA_RK_I20231020_L004.STAR_stats.txt']
2024-06-11 16:53:32: Mapping reads...
2024-06-11 16:53:32: Input folder: BAM
2024-06-11 16:53:32: Output folder: BAM
2024-06-11 16:53:33: 
2.7.10b

2.7.10b

2024-06-11 16:53:33: Sanity check completed
2024-06-11 16:53:33: Running STAR in Paired End mode
2024-06-11 16:53:33: Launching: mouse_F_ldlr_PlaqueMacrophages_RNA_2301_DMSO_poolA_RK_I20231020_L004_Skewer.trimmed.fastq.gz...
['mouse_F_ldlr_PlaqueMacrophages_RNA_2301_DMSO_poolA_RK_I20231020_L004.Aligned.out.bam']
mouse_F_ldlr_PlaqueMacrophages_RNA_2301_DMSO_poolA_RK_I20231020_L004.Aligned.out.bam
BAM/mouse_F_ldlr_PlaqueMacrophages_RNA_2301_DMSO_poolA_RK_I20231020_L004.Aligned.out.bam
BAM/mouse_F_ldlr_PlaqueMacrophages_RNA_2301_DMSO_poolA_RK_I20231020_L004.Aligned.out.bam.tmp
BAM/mouse_F_ldlr_PlaqueMacrophages_RNA_2301_DMSO_poolA_RK_I20231020_L004.Aligned.out.bam
BAM/mouse_F_ldlr_PlaqueMacrophages_RNA_2301_DMSO_poolA_RK_I20231020_L004_STAR.bam
