Config file /net/beegfs/scratch/kcarroll/Amsterdam_UMC_Klinische_Genetica_Internship/omnomnomics/omnomnomics.run.2024-06-19.config.yaml is extended by additional config specified via the command line.
Building DAG of jobs...
Using shell: /usr/bin/bash
Provided cores: 2
Rules claiming more threads will be scaled down.
Provided resources: mem_mb=4000, mem_mib=3815, disk_mb=6959, disk_mib=6637
Select jobs to execute...

[Wed Jun 19 17:54:04 2024]
rule create_homer_tagDir:
    input: filtered_BAM/human_MDM_DNA_H3K27Me3_Ctr_DMSO_F_d284_RK_I20221209.sorted.dups_marked.filtered.bam, filtered_BAM/human_MDM_DNA_H3K27Me3_Ctr_DMSO_F_d284_RK_I20221209.sorted.dups_marked.filtered.bam.bai
    output: HOMER_tagDirs/human_MDM_DNA_H3K27Me3_Ctr_DMSO_F_d284_RK_I20221209.sorted.dups_marked.filtered.HOMER_tagDir.tar.gz, HOMER_tagDirs/human_MDM_DNA_H3K27Me3_Ctr_DMSO_F_d284_RK_I20221209.extra_8.tmp
    jobid: 0
    benchmark: HOMER_tagDirs/human_MDM_DNA_H3K27Me3_Ctr_DMSO_F_d284_RK_I20221209_make_homer_tagdirs_benchmark.tsv
    reason: Missing output files: HOMER_tagDirs/human_MDM_DNA_H3K27Me3_Ctr_DMSO_F_d284_RK_I20221209.extra_8.tmp, HOMER_tagDirs/human_MDM_DNA_H3K27Me3_Ctr_DMSO_F_d284_RK_I20221209.sorted.dups_marked.filtered.HOMER_tagDir.tar.gz
    wildcards: sample=human_MDM_DNA_H3K27Me3_Ctr_DMSO_F_d284_RK_I20221209
    resources: mem_mb=4000, mem_mib=3815, disk_mb=6959, disk_mib=6637, tmpdir=/tmp/kcarroll.5341984

	Will parse file: filtered_BAM/human_MDM_DNA_H3K27Me3_Ctr_DMSO_F_d284_RK_I20221209.sorted.dups_marked.filtered.bam

	Creating directory: HOMER_tagDirs/human_MDM_DNA_H3K27Me3_Ctr_DMSO_F_d284_RK_I20221209.sorted.dups_marked.filtered.HOMER_tagDir and removing existing *.tags.tsv

	Treating filtered_BAM/human_MDM_DNA_H3K27Me3_Ctr_DMSO_F_d284_RK_I20221209.sorted.dups_marked.filtered.bam as a bam file
	Reading alignment file filtered_BAM/human_MDM_DNA_H3K27Me3_Ctr_DMSO_F_d284_RK_I20221209.sorted.dups_marked.filtered.bam

	Optimizing tag files...
	Optimizing single genome.tags.tsv file...
	Estimated genome size = 3197532107
	Total Tags = 23232551.0
	Total Positions = 41877097
	Average tag length = 149.7
	Median tags per position = 0 (ideal: 1)
	Average tags per position = 0.100
	Fragment Length Estimate: 342
	Peak Width Estimate: 369
	Autocorrelation quality control metrics:
		Same strand fold enrichment: 1.1
		Diff strand fold enrichment: 1.2
		Same / Diff fold enrichment: 1.0

		Guessing sample is ChIP-Seq - may have low enrichment with lots of background

[Wed Jun 19 18:06:19 2024]
Finished job 0.
1 of 1 steps (100%) done
2024-06-19 17:54:03: JOB DISPATCHED!
2024-06-19 17:54:03: Moved color table to experiment dir: gray.tint.color.table
2024-06-19 17:54:03: Changed directory to experiment dir: /net/beegfs/scratch/kcarroll/Amsterdam_UMC_Klinische_Genetica_Internship/omnomnomics
Changed directory to experiment dir: /net/beegfs/scratch/kcarroll/Amsterdam_UMC_Klinische_Genetica_Internship/omnomnomics
Updated logfile path: omnomnomics.run.2024-06-19.log
2024-06-19 17:54:03: Experiment dir: /net/beegfs/scratch/kcarroll/Amsterdam_UMC_Klinische_Genetica_Internship/omnomnomics
2024-06-19 17:54:03: Run date: 2024-06-19
2024-06-19 17:54:03: Log file: omnomnomics.run.2024-06-19.log
2024-06-19 17:54:03: Files: 1
2024-06-19 17:54:03: Pairs: 1
2024-06-19 17:54:03: Paired run: False
2024-06-19 17:54:03: Type: ATAC
2024-06-19 17:54:03: Genome: hg38
2024-06-19 17:54:03: Mode: 8
2024-06-19 17:54:03: Mode min: 8
2024-06-19 17:54:03: Mode max: 8
2024-06-19 17:54:03: Trim tool: skewer
2024-06-19 17:54:03: Map tool: hisat2
2024-06-19 17:54:03: Design formula: 1
2024-06-19 17:54:03: Metadata file: NA
2024-06-19 17:54:03: Input file (MACS3): NA
2024-06-19 17:54:03: Input file (HOMER): NA
2024-06-19 17:54:03: Broad peaks: NA
2024-06-19 17:54:03: Peak style: factor
2024-06-19 17:54:03: HOMER peaksize: 500
2024-06-19 17:54:03: HOMER minDist: 2000
2024-06-19 17:54:03: 250000M HEAP init
2024-06-19 17:54:03: 500000M memory per sample
2024-06-19 17:54:03: Hub type field: 1
2024-06-19 17:54:03: Hub name field: 1,2,8
2024-06-19 17:54:03: Hub col field: 2
2024-06-19 17:54:03: Hub separator: _
2024-06-19 17:54:03: Hub appendix: hub
2024-06-19 17:54:03: Hub overlay: transparentOverlay
2024-06-19 17:54:03: Hub coldata folder: /net/beegfs/scratch/kcarroll/Amsterdam_UMC_Klinische_Genetica_Internship/bin/color_data_for_hubs
2024-06-19 17:54:03: Hub color table: /net/beegfs/scratch/kcarroll/Amsterdam_UMC_Klinische_Genetica_Internship/bin/color_data_for_hubs/gray.tint.color.table
2024-06-19 17:54:03: Hub mail: m.dewinther@amsterdamumc.nl
filtered_BAM
.filtered.bam
filtered_BAM/*.filtered.bam
['filtered_BAM/human_MDM_DNA_H3K27Me3_Ctr_DMSO_F_d284_RK_I20221209.sorted.dups_marked.filtered.bam']
['human_MDM_DNA_H3K27Me3_Ctr_DMSO_F_d284_RK_I20221209']
['human_MDM_DNA_H3K27Me3_Ctr_DMSO_F_d284_RK_I20221209']
NUMBER OF SAMPLES = 1
{'1': 32, '2': 16, '3': 32, '4': 128, '5': 16, '6': 1, '7': 1, '8': 1, '9': 1, '10': 128, '11': 128, '12': 128, '13': 128}
2024-06-19 17:54:03: Checking snake rule functions...
2024-06-19 17:54:03: Workflow Snake rules Good!
[8]
HOMER_tagDirs
.HOMER_tagDir
['HOMER_tagDirs/human_MDM_DNA_H3K27Me3_Ctr_DMSO_F_d284_RK_I20221209.sorted.dups_marked.filtered.HOMER_tagDir.tar.gz', 'HOMER_tagDirs/human_MDM_DNA_H3K27Me3_Ctr_DMSO_F_d284_RK_I20221209.extra_8.tmp']
2024-06-19 17:54:04: Creating HOMER tag directories...
2024-06-19 17:54:04: Input folder: filtered_BAM
2024-06-19 17:54:04: Output folder: HOMER_tagDirs
2024-06-19 17:54:04: 
samtools 1.17
Using htslib 1.17

2024-06-19 17:54:04: Sanity check completed
2024-06-19 17:54:04: Running makeTagDirectory on filtered_BAM/human_MDM_DNA_H3K27Me3_Ctr_DMSO_F_d284_RK_I20221209.sorted.dups_marked.filtered.bam
2024-06-19 18:05:57: Compressing HOMER_tagDirs/human_MDM_DNA_H3K27Me3_Ctr_DMSO_F_d284_RK_I20221209.sorted.dups_marked.filtered.HOMER_tagDir into HOMER_tagDirs/human_MDM_DNA_H3K27Me3_Ctr_DMSO_F_d284_RK_I20221209.sorted.dups_marked.filtered.HOMER_tagDir.tar.gz
2024-06-19 18:06:19: Removing uncompressed tag directory HOMER_tagDirs/human_MDM_DNA_H3K27Me3_Ctr_DMSO_F_d284_RK_I20221209.sorted.dups_marked.filtered.HOMER_tagDir
