Config file /net/beegfs/scratch/kcarroll/Amsterdam_UMC_Klinische_Genetica_Internship/omnomnomics/omnomnomics.run.2024-06-19.config.yaml is extended by additional config specified via the command line.
Building DAG of jobs...
Using shell: /usr/bin/bash
Provided cores: 128
Rules claiming more threads will be scaled down.
Provided resources: mem_mb=512000, mem_mib=488282, disk_mb=3099, disk_mib=2956
Select jobs to execute...

[Wed Jun 19 22:57:59 2024]
rule run_trimmomatic:
    input: FASTQ/mouse_F_ldlr_PlaqueMacrophages_RNA_2301_DMSO_poolB_RK_I20231020_L004_R1.fastq.gz
    output: trimmed_FASTQ/mouse_F_ldlr_PlaqueMacrophages_RNA_2301_DMSO_poolB_RK_I20231020_L004.trimmed.fastq.gz
    jobid: 0
    benchmark: trimmed_FASTQ/mouse_F_ldlr_PlaqueMacrophages_RNA_2301_DMSO_poolB_RK_I20231020_L004_trimmomatic_benchmark.tsv
    reason: Missing output files: trimmed_FASTQ/mouse_F_ldlr_PlaqueMacrophages_RNA_2301_DMSO_poolB_RK_I20231020_L004.trimmed.fastq.gz, trimmed_FASTQ/mouse_F_ldlr_PlaqueMacrophages_RNA_2301_DMSO_poolB_RK_I20231020_L004_trimmomatic_benchmark.tsv
    wildcards: sample=mouse_F_ldlr_PlaqueMacrophages_RNA_2301_DMSO_poolB_RK_I20231020_L004
    threads: 128
    resources: mem_mb=512000, mem_mib=488282, disk_mb=3099, disk_mib=2956, tmpdir=/tmp/kcarroll.5342027

TrimmomaticSE: Started with arguments:
 -threads 128 FASTQ/mouse_F_ldlr_PlaqueMacrophages_RNA_2301_DMSO_poolB_RK_I20231020_L004_R1.fastq.gz trimmed_FASTQ/mouse_F_ldlr_PlaqueMacrophages_RNA_2301_DMSO_poolB_RK_I20231020_L004.trimmed.fastq.gz ILLUMINACLIP:/net/beegfs/cfg/projects/dewintherlab/bin/Trimmomatic-0.39/adapters/TruSeq3-SE.fa:2:30:10 LEADING:3 TRAILING:3 SLIDINGWINDOW:4:15 MINLEN:36
Using Long Clipping Sequence: 'AGATCGGAAGAGCGTCGTGTAGGGAAAGAGTGTA'
Using Long Clipping Sequence: 'AGATCGGAAGAGCACACGTCTGAACTCCAGTCAC'
ILLUMINACLIP: Using 0 prefix pairs, 2 forward/reverse sequences, 0 forward only sequences, 0 reverse only sequences
Quality encoding detected as phred33
Input Reads: 20331737 Surviving: 19530411 (96.06%) Dropped: 801326 (3.94%)
TrimmomaticSE: Completed successfully
[Wed Jun 19 23:07:35 2024]
Finished job 0.
1 of 1 steps (100%) done
2024-06-19 22:57:58: JOB DISPATCHED!
2024-06-19 22:57:58: Moved color table to experiment dir: gray.tint.color.table
2024-06-19 22:57:58: Changed directory to experiment dir: /net/beegfs/scratch/kcarroll/Amsterdam_UMC_Klinische_Genetica_Internship/omnomnomics
Changed directory to experiment dir: /net/beegfs/scratch/kcarroll/Amsterdam_UMC_Klinische_Genetica_Internship/omnomnomics
Updated logfile path: omnomnomics.run.2024-06-19.log
2024-06-19 22:57:58: Experiment dir: /net/beegfs/scratch/kcarroll/Amsterdam_UMC_Klinische_Genetica_Internship/omnomnomics
2024-06-19 22:57:58: Run date: 2024-06-19
2024-06-19 22:57:58: Log file: omnomnomics.run.2024-06-19.log
2024-06-19 22:57:58: Files: 2
2024-06-19 22:57:58: Pairs: 2
2024-06-19 22:57:58: Paired run: False
2024-06-19 22:57:58: Type: RNA
2024-06-19 22:57:58: Genome: hg38
2024-06-19 22:57:58: Mode: 1 2 3
2024-06-19 22:57:58: Mode min: 1
2024-06-19 22:57:58: Mode max: 3
2024-06-19 22:57:58: Trim tool: trimmomatic
2024-06-19 22:57:58: Map tool: star
2024-06-19 22:57:58: Design formula: 1
2024-06-19 22:57:58: Metadata file: NA
2024-06-19 22:57:58: Input file (MACS3): NA
2024-06-19 22:57:58: Input file (HOMER): NA
2024-06-19 22:57:58: Broad peaks: NA
2024-06-19 22:57:58: Peak style: factor
2024-06-19 22:57:58: HOMER peaksize: 500
2024-06-19 22:57:58: HOMER minDist: 2000
2024-06-19 22:57:58: 125000M HEAP init
2024-06-19 22:57:58: 250000M memory per sample
2024-06-19 22:57:58: Hub type field: 1
2024-06-19 22:57:58: Hub name field: 1,2,8
2024-06-19 22:57:58: Hub col field: 2
2024-06-19 22:57:58: Hub separator: _
2024-06-19 22:57:58: Hub appendix: hub
2024-06-19 22:57:58: Hub overlay: transparentOverlay
2024-06-19 22:57:58: Hub coldata folder: /net/beegfs/scratch/kcarroll/Amsterdam_UMC_Klinische_Genetica_Internship/bin/color_data_for_hubs
2024-06-19 22:57:58: Hub color table: /net/beegfs/scratch/kcarroll/Amsterdam_UMC_Klinische_Genetica_Internship/bin/color_data_for_hubs/gray.tint.color.table
2024-06-19 22:57:58: Hub mail: m.dewinther@amsterdamumc.nl
FASTQ
.fastq.gz
FASTQ/*.fastq.gz
['FASTQ/mouse_F_ldlr_PlaqueMacrophages_RNA_2301_DMSO_poolB_RK_I20231020_L004_R1.fastq.gz', 'FASTQ/mouse_F_ldlr_PlaqueMacrophages_RNA_2301_DMSO_poolA_RK_I20231020_L004_R1.fastq.gz']
['mouse_F_ldlr_PlaqueMacrophages_RNA_2301_DMSO_poolB_RK_I20231020_L004', 'mouse_F_ldlr_PlaqueMacrophages_RNA_2301_DMSO_poolA_RK_I20231020_L004']
['mouse_F_ldlr_PlaqueMacrophages_RNA_2301_DMSO_poolB_RK_I20231020_L004', 'mouse_F_ldlr_PlaqueMacrophages_RNA_2301_DMSO_poolA_RK_I20231020_L004']
NUMBER OF SAMPLES = 2
{'1': 128, '2': 128, '3': 128, '4': 128, '5': 128, '6': 1, '7': 1, '8': 1, '9': 1, '10': 128, '11': 128, '12': 128, '13': 128}
2024-06-19 22:57:58: Checking snake rule functions...
2024-06-19 22:57:58: Workflow Snake rules Good!
[1, 2, 3]
trimmed_FASTQ
.trimmed.fastq.gz
['trimmed_FASTQ/mouse_F_ldlr_PlaqueMacrophages_RNA_2301_DMSO_poolB_RK_I20231020_L004.trimmed.fastq.gz', 'trimmed_FASTQ/mouse_F_ldlr_PlaqueMacrophages_RNA_2301_DMSO_poolA_RK_I20231020_L004.trimmed.fastq.gz']
fastqc_reports
['.trimmed_fastqc.html', '.trimmed_fastqc.zip']
['trimmed_FASTQ/mouse_F_ldlr_PlaqueMacrophages_RNA_2301_DMSO_poolB_RK_I20231020_L004.trimmed.fastq.gz', 'trimmed_FASTQ/mouse_F_ldlr_PlaqueMacrophages_RNA_2301_DMSO_poolA_RK_I20231020_L004.trimmed.fastq.gz', 'fastqc_reports/mouse_F_ldlr_PlaqueMacrophages_RNA_2301_DMSO_poolB_RK_I20231020_L004.trimmed_fastqc.html', 'fastqc_reports/mouse_F_ldlr_PlaqueMacrophages_RNA_2301_DMSO_poolA_RK_I20231020_L004.trimmed_fastqc.html', 'fastqc_reports/mouse_F_ldlr_PlaqueMacrophages_RNA_2301_DMSO_poolB_RK_I20231020_L004.trimmed_fastqc.zip', 'fastqc_reports/mouse_F_ldlr_PlaqueMacrophages_RNA_2301_DMSO_poolA_RK_I20231020_L004.trimmed_fastqc.zip']
BAM
.bam
['trimmed_FASTQ/mouse_F_ldlr_PlaqueMacrophages_RNA_2301_DMSO_poolB_RK_I20231020_L004.trimmed.fastq.gz', 'trimmed_FASTQ/mouse_F_ldlr_PlaqueMacrophages_RNA_2301_DMSO_poolA_RK_I20231020_L004.trimmed.fastq.gz', 'fastqc_reports/mouse_F_ldlr_PlaqueMacrophages_RNA_2301_DMSO_poolB_RK_I20231020_L004.trimmed_fastqc.html', 'fastqc_reports/mouse_F_ldlr_PlaqueMacrophages_RNA_2301_DMSO_poolA_RK_I20231020_L004.trimmed_fastqc.html', 'fastqc_reports/mouse_F_ldlr_PlaqueMacrophages_RNA_2301_DMSO_poolB_RK_I20231020_L004.trimmed_fastqc.zip', 'fastqc_reports/mouse_F_ldlr_PlaqueMacrophages_RNA_2301_DMSO_poolA_RK_I20231020_L004.trimmed_fastqc.zip', 'BAM/mouse_F_ldlr_PlaqueMacrophages_RNA_2301_DMSO_poolB_RK_I20231020_L004.bam', 'BAM/mouse_F_ldlr_PlaqueMacrophages_RNA_2301_DMSO_poolA_RK_I20231020_L004.bam', 'BAM/mouse_F_ldlr_PlaqueMacrophages_RNA_2301_DMSO_poolB_RK_I20231020_L004.extra_3.tmp', 'BAM/mouse_F_ldlr_PlaqueMacrophages_RNA_2301_DMSO_poolA_RK_I20231020_L004.extra_3.tmp', 'BAM/mouse_F_ldlr_PlaqueMacrophages_RNA_2301_DMSO_poolB_RK_I20231020_L004.STAR_stats.txt', 'BAM/mouse_F_ldlr_PlaqueMacrophages_RNA_2301_DMSO_poolA_RK_I20231020_L004.STAR_stats.txt']
2024-06-19 22:57:59: Trimming Reads...
2024-06-19 22:57:59: Input folder: FASTQ
2024-06-19 22:57:59: Output folder: trimmed_FASTQ
2024-06-19 22:57:59: Trim Tool: trimmomatic
2024-06-19 22:57:59: Trim Heap: 62500M
2024-06-19 22:57:59: Trim Mem: 125000M
2024-06-19 22:57:59: Sanity check completed
2024-06-19 22:57:59: Running trimmomatic in Single End mode.
2024-06-19 23:07:35: Renaming trimmed results ...
