Config file /net/beegfs/scratch/kcarroll/Amsterdam_UMC_Klinische_Genetica_Internship/omnomnomics/omnomnomics.run.2024-06-17.config.yaml is extended by additional config specified via the command line.
Building DAG of jobs...
Using shell: /usr/bin/bash
Provided cores: 128
Rules claiming more threads will be scaled down.
Provided resources: mem_mb=512000, mem_mib=488282, disk_mb=10280, disk_mib=9804
Select jobs to execute...

[Mon Jun 17 22:01:19 2024]
rule touchup_bam:
    input: BAM/human_MDM_DNA_H3K27Me3_Ctr_DMSO_F_d284_RK_I20221209.bam
    output: filtered_BAM/human_MDM_DNA_H3K27Me3_Ctr_DMSO_F_d284_RK_I20221209.filtered.bam
    jobid: 0
    benchmark: filtered_BAM/human_MDM_DNA_H3K27Me3_Ctr_DMSO_F_d284_RK_I20221209_benchmark.tsv
    reason: Missing output files: filtered_BAM/human_MDM_DNA_H3K27Me3_Ctr_DMSO_F_d284_RK_I20221209_benchmark.tsv, filtered_BAM/human_MDM_DNA_H3K27Me3_Ctr_DMSO_F_d284_RK_I20221209.filtered.bam
    wildcards: sample2=human_MDM_DNA_H3K27Me3_Ctr_DMSO_F_d284_RK_I20221209
    threads: 128
    resources: mem_mb=512000, mem_mib=488282, disk_mb=10280, disk_mib=9804, tmpdir=/tmp/kcarroll.5336557

[bam_sort_core] merging from 1 files and 25 in-memory blocks...
[Mon Jun 17 22:05:33 2024]
Finished job 0.
1 of 1 steps (100%) done
2024-06-17 22:01:18: JOB DISPATCHED!
2024-06-17 22:01:18: Changed directory to experiment dir: /net/beegfs/scratch/kcarroll/Amsterdam_UMC_Klinische_Genetica_Internship/omnomnomics
Changed directory to experiment dir: /net/beegfs/scratch/kcarroll/Amsterdam_UMC_Klinische_Genetica_Internship/omnomnomics
Updated logfile path: omnomnomics.run.2024-06-17.log
2024-06-17 22:01:18: Job Start time: 1718654478.6480646
2024-06-17 22:01:18: Experiment dir: /net/beegfs/scratch/kcarroll/Amsterdam_UMC_Klinische_Genetica_Internship/omnomnomics
2024-06-17 22:01:18: Run date: 2024-06-17
2024-06-17 22:01:18: Log file: omnomnomics.run.2024-06-17.log
2024-06-17 22:01:18: Files: 2
2024-06-17 22:01:18: Pairs: 2
2024-06-17 22:01:18: Paired run: True
2024-06-17 22:01:18: Type: CHIP
2024-06-17 22:01:18: Genome: hg38
2024-06-17 22:01:18: Mode: 5
2024-06-17 22:01:18: Mode min: 5
2024-06-17 22:01:18: Mode max: 5
2024-06-17 22:01:18: Trim tool: skewer
2024-06-17 22:01:18: Map tool: hisat2
2024-06-17 22:01:18: Design formula: 1
2024-06-17 22:01:18: Metadata file: NA
2024-06-17 22:01:18: Input file (MACS3): NA
2024-06-17 22:01:18: Input file (HOMER): NA.HOMER_tagDir
2024-06-17 22:01:18: Broad peaks: NA
2024-06-17 22:01:18: Peak style: factor
2024-06-17 22:01:18: HOMER peaksize: 500
2024-06-17 22:01:18: HOMER minDist: 2000
2024-06-17 22:01:18: 125000M HEAP init
2024-06-17 22:01:18: 250000M memory per sample
2024-06-17 22:01:18: Hub type field: 1
2024-06-17 22:01:18: Hub name field: 1-3
2024-06-17 22:01:18: Hub col field: 2
2024-06-17 22:01:18: Hub separator: _
2024-06-17 22:01:18: Hub appendix: hub
2024-06-17 22:01:18: Hub overlay: transparentOverlay
2024-06-17 22:01:18: Hub coldata folder: ${OMNOM_HOME}/bin/color_data_for_hubs
2024-06-17 22:01:18: Hub color table: ${OMNOM_HOME}/bin/color_data_for_hubs/gray.tint.color.table
2024-06-17 22:01:18: Hub mail: m.dewinther@amsterdamumc.nl
BAM
.bam
BAM/*.bam
['BAM/human_MDM_DNA_H3K27Me3_Ctr_DMSO_F_d284_RK_I20221209.bam', 'BAM/mouse_F_ldlr_PlaqueMacrophages_RNA_2301_DMSO_poolA_RK_I20231020.bam']
['human_MDM_DNA_H3K27Me3_Ctr_DMSO_F_d284_RK_I20221209', 'mouse_F_ldlr_PlaqueMacrophages_RNA_2301_DMSO_poolA_RK_I20231020']
['mouse_F_ldlr_PlaqueMacrophages_RNA_2301_DMSO_poolA_RK_I20231020', 'human_MDM_DNA_H3K27Me3_Ctr_DMSO_F_d284_RK_I20221209']
{'1': 128, '2': 128, '3': 128, '4': 128, '5': 128, '6': 128, '7': 1, '8': 1, '9': 1, '10': 128, '11': 128, '12': 128, '13': 128}
2024-06-17 22:01:18: Checking snake rule functions...
2024-06-17 22:01:18: Workflow Snake rules Good!
[5]
filtered_BAM
.sorted.dups_marked.filtered.bam
['filtered_BAM/human_MDM_DNA_H3K27Me3_Ctr_DMSO_F_d284_RK_I20221209.filtered.bam', 'filtered_BAM/mouse_F_ldlr_PlaqueMacrophages_RNA_2301_DMSO_poolA_RK_I20231020.filtered.bam']
2024-06-17 22:01:19: Touching up BAM files with samtools (collate | fixmate | sort | markdup | filter)...
2024-06-17 22:01:19: Input folder: BAM
2024-06-17 22:01:19: Output folder: filtered_BAM
2024-06-17 22:01:19: 
samtools 1.17
Using htslib 1.17

samtools 1.17
Using htslib 1.17

2024-06-17 22:01:19: Sanity check completed
2024-06-17 22:01:19: Touching up ChIP-seq sample BAM/human_MDM_DNA_H3K27Me3_Ctr_DMSO_F_d284_RK_I20221209.bam (sort, remove dups, and keep MAPQ > 15)
