Config file /net/beegfs/scratch/kcarroll/Amsterdam_UMC_Klinische_Genetica_Internship/omnomnomics/omnomnomics.run.2024-06-19.config.yaml is extended by additional config specified via the command line.
Building DAG of jobs...
Using shell: /usr/bin/bash
Provided cores: 128
Rules claiming more threads will be scaled down.
Provided resources: mem_mb=512000, mem_mib=488282, disk_mb=4741, disk_mib=4522
Select jobs to execute...

[Wed Jun 19 18:53:25 2024]
rule run_trimmomatic:
    input: FASTQ/human_MDM_DNA_H3K27Me3_Ctr_DMSO_F_d284_RK_I20221209_L002_R1.fastq.gz
    output: trimmed_FASTQ/human_MDM_DNA_H3K27Me3_Ctr_DMSO_F_d284_RK_I20221209_L002.trimmed.fastq.gz
    jobid: 0
    benchmark: trimmed_FASTQ/human_MDM_DNA_H3K27Me3_Ctr_DMSO_F_d284_RK_I20221209_L002_trimmomatic_benchmark.tsv
    reason: Missing output files: trimmed_FASTQ/human_MDM_DNA_H3K27Me3_Ctr_DMSO_F_d284_RK_I20221209_L002_trimmomatic_benchmark.tsv, trimmed_FASTQ/human_MDM_DNA_H3K27Me3_Ctr_DMSO_F_d284_RK_I20221209_L002.trimmed.fastq.gz
    wildcards: sample=human_MDM_DNA_H3K27Me3_Ctr_DMSO_F_d284_RK_I20221209_L002
    threads: 128
    resources: mem_mb=512000, mem_mib=488282, disk_mb=4741, disk_mib=4522, tmpdir=/tmp/kcarroll.5341997

TrimmomaticSE: Started with arguments:
 -threads 128 FASTQ/human_MDM_DNA_H3K27Me3_Ctr_DMSO_F_d284_RK_I20221209_L002_R1.fastq.gz trimmed_FASTQ/human_MDM_DNA_H3K27Me3_Ctr_DMSO_F_d284_RK_I20221209_L002.trimmed.fastq.gz ILLUMINACLIP:/net/beegfs/cfg/projects/dewintherlab/bin/Trimmomatic-0.39/adapters/TruSeq3-SE.fa:2:30:10 LEADING:3 TRAILING:3 SLIDINGWINDOW:4:15 MINLEN:36
Using Long Clipping Sequence: 'AGATCGGAAGAGCGTCGTGTAGGGAAAGAGTGTA'
Using Long Clipping Sequence: 'AGATCGGAAGAGCACACGTCTGAACTCCAGTCAC'
ILLUMINACLIP: Using 0 prefix pairs, 2 forward/reverse sequences, 0 forward only sequences, 0 reverse only sequences
Quality encoding detected as phred33
Input Reads: 26503418 Surviving: 25657270 (96.81%) Dropped: 846148 (3.19%)
TrimmomaticSE: Completed successfully
[Wed Jun 19 19:09:51 2024]
Finished job 0.
1 of 1 steps (100%) done
2024-06-19 18:53:24: JOB DISPATCHED!
2024-06-19 18:53:24: Moved color table to experiment dir: gray.tint.color.table
2024-06-19 18:53:24: Changed directory to experiment dir: /net/beegfs/scratch/kcarroll/Amsterdam_UMC_Klinische_Genetica_Internship/omnomnomics
Changed directory to experiment dir: /net/beegfs/scratch/kcarroll/Amsterdam_UMC_Klinische_Genetica_Internship/omnomnomics
Updated logfile path: omnomnomics.run.2024-06-19.log
2024-06-19 18:53:24: Experiment dir: /net/beegfs/scratch/kcarroll/Amsterdam_UMC_Klinische_Genetica_Internship/omnomnomics
2024-06-19 18:53:24: Run date: 2024-06-19
2024-06-19 18:53:24: Log file: omnomnomics.run.2024-06-19.log
2024-06-19 18:53:24: Files: 1
2024-06-19 18:53:24: Pairs: 1
2024-06-19 18:53:24: Paired run: False
2024-06-19 18:53:24: Type: CHIP
2024-06-19 18:53:24: Genome: hg38
2024-06-19 18:53:24: Mode: 1
2024-06-19 18:53:24: Mode min: 1
2024-06-19 18:53:24: Mode max: 1
2024-06-19 18:53:24: Trim tool: trimmomatic
2024-06-19 18:53:24: Map tool: hisat2
2024-06-19 18:53:24: Design formula: 1
2024-06-19 18:53:24: Metadata file: NA
2024-06-19 18:53:24: Input file (MACS3): NA
2024-06-19 18:53:24: Input file (HOMER): NA
2024-06-19 18:53:24: Broad peaks: NA
2024-06-19 18:53:24: Peak style: factor
2024-06-19 18:53:24: HOMER peaksize: 500
2024-06-19 18:53:24: HOMER minDist: 2000
2024-06-19 18:53:24: 250000M HEAP init
2024-06-19 18:53:24: 500000M memory per sample
2024-06-19 18:53:24: Hub type field: 1
2024-06-19 18:53:24: Hub name field: 1,2,8
2024-06-19 18:53:24: Hub col field: 2
2024-06-19 18:53:24: Hub separator: _
2024-06-19 18:53:24: Hub appendix: hub
2024-06-19 18:53:24: Hub overlay: transparentOverlay
2024-06-19 18:53:24: Hub coldata folder: /net/beegfs/scratch/kcarroll/Amsterdam_UMC_Klinische_Genetica_Internship/bin/color_data_for_hubs
2024-06-19 18:53:24: Hub color table: /net/beegfs/scratch/kcarroll/Amsterdam_UMC_Klinische_Genetica_Internship/bin/color_data_for_hubs/gray.tint.color.table
2024-06-19 18:53:24: Hub mail: m.dewinther@amsterdamumc.nl
FASTQ
.fastq.gz
FASTQ/*.fastq.gz
['FASTQ/human_MDM_DNA_H3K27Me3_Ctr_DMSO_F_d284_RK_I20221209_L002_R1.fastq.gz']
['human_MDM_DNA_H3K27Me3_Ctr_DMSO_F_d284_RK_I20221209_L002']
['human_MDM_DNA_H3K27Me3_Ctr_DMSO_F_d284_RK_I20221209_L002']
NUMBER OF SAMPLES = 1
{'1': 128, '2': 128, '3': 128, '4': 128, '5': 128, '6': 1, '7': 1, '8': 1, '9': 1, '10': 128, '11': 128, '12': 128, '13': 128}
2024-06-19 18:53:24: Checking snake rule functions...
2024-06-19 18:53:24: Workflow Snake rules Good!
[1]
trimmed_FASTQ
.trimmed.fastq.gz
['trimmed_FASTQ/human_MDM_DNA_H3K27Me3_Ctr_DMSO_F_d284_RK_I20221209_L002.trimmed.fastq.gz']
2024-06-19 18:53:25: Trimming Reads...
2024-06-19 18:53:25: Input folder: FASTQ
2024-06-19 18:53:25: Output folder: trimmed_FASTQ
2024-06-19 18:53:25: Trim Tool: trimmomatic
2024-06-19 18:53:25: Trim Heap: 125000M
2024-06-19 18:53:25: Trim Mem: 250000M
2024-06-19 18:53:25: Sanity check completed
2024-06-19 18:53:25: Running trimmomatic in Single End mode.
2024-06-19 19:09:51: Renaming trimmed results ...
