Config file /net/beegfs/scratch/kcarroll/Amsterdam_UMC_Klinische_Genetica_Internship/omnomnomics/omnomnomics.run.2024-06-18.config.yaml is extended by additional config specified via the command line.
Building DAG of jobs...
Using shell: /usr/bin/bash
Provided cores: 128
Rules claiming more threads will be scaled down.
Provided resources: mem_mb=512000, mem_mib=488282, disk_mb=6486, disk_mib=6186
Select jobs to execute...

[Tue Jun 18 22:52:05 2024]
rule call_peaks:
    input: filtered_BAM/human_MDM_DNA_H3K27Me3_Ctr_DMSO_F_d284_RK_I20221209.filtered.bam, HOMER_tagDirs/human_MDM_DNA_H3K27Me3_Ctr_DMSO_F_d284_RK_I20221209.filtered.HOMER_tagDir.tar.gz
    output: peak_calling/extra_11.tmp
    jobid: 0
    benchmark: peak_calling/call_peaks_benchmark.tsv
    reason: Missing output files: peak_calling/call_peaks_benchmark.tsv, peak_calling/extra_11.tmp
    threads: 128
    resources: mem_mb=512000, mem_mib=488282, disk_mb=6486, disk_mib=6186, tmpdir=/tmp/kcarroll.5339819

basename: missing operand
Try 'basename --help' for more information.
!!! Could not open tag information file: None/tagInfo.txt
Probably not a valid tag directory.  Quitting...
!!! Could not open input file: HOMER_tagDirs/human_MDM_DNA_H3K27Me3_Ctr_DMSO_F_d284_RK_I20221209.filtered.HOMER_tagDir/peaks.txt!!!!
[Tue Jun 18 23:01:58 2024]
Error in rule call_peaks:
    jobid: 0
    input: filtered_BAM/human_MDM_DNA_H3K27Me3_Ctr_DMSO_F_d284_RK_I20221209.filtered.bam, HOMER_tagDirs/human_MDM_DNA_H3K27Me3_Ctr_DMSO_F_d284_RK_I20221209.filtered.HOMER_tagDir.tar.gz
    output: peak_calling/extra_11.tmp

RuleException:
CalledProcessError in file /net/beegfs/scratch/kcarroll/Amsterdam_UMC_Klinische_Genetica_Internship/omnomnomics/rules/11.call_peaks.smk, line 233:
Command 'set -euo pipefail;  pos2bed.pl HOMER_tagDirs/human_MDM_DNA_H3K27Me3_Ctr_DMSO_F_d284_RK_I20221209.filtered.HOMER_tagDir/peaks.txt | grep -v '#\|alt\|Un\|random' | sort -k1,1 -k2,2n -k3,3n | cut -f-3 > HOMER_tagDirs/human_MDM_DNA_H3K27Me3_Ctr_DMSO_F_d284_RK_I20221209.filtered.HOMER_tagDir/peaks.bed' returned non-zero exit status 1.
  File "/net/beegfs/scratch/kcarroll/Amsterdam_UMC_Klinische_Genetica_Internship/omnomnomics/rules/11.call_peaks.smk", line 324, in __rule_call_peaks
  File "/net/beegfs/scratch/kcarroll/Amsterdam_UMC_Klinische_Genetica_Internship/omnomnomics/rules/11.call_peaks.smk", line 233, in call_peaks
  File "/trinity/shared/apps/snakemake/lib/python3.11/concurrent/futures/thread.py", line 58, in run
Shutting down, this might take some time.
Exiting because a job execution failed. Look above for error message
2024-06-18 22:52:05: JOB DISPATCHED!
2024-06-18 22:52:05: Moved color table to experiment dir: gray.tint.color.table
2024-06-18 22:52:05: Changed directory to experiment dir: /net/beegfs/scratch/kcarroll/Amsterdam_UMC_Klinische_Genetica_Internship/omnomnomics
Changed directory to experiment dir: /net/beegfs/scratch/kcarroll/Amsterdam_UMC_Klinische_Genetica_Internship/omnomnomics
Updated logfile path: omnomnomics.run.2024-06-18.log
2024-06-18 22:52:05: Experiment dir: /net/beegfs/scratch/kcarroll/Amsterdam_UMC_Klinische_Genetica_Internship/omnomnomics
2024-06-18 22:52:05: Run date: 2024-06-18
2024-06-18 22:52:05: Log file: omnomnomics.run.2024-06-18.log
2024-06-18 22:52:05: Files: 1
2024-06-18 22:52:05: Pairs: 1
2024-06-18 22:52:05: Paired run: True
2024-06-18 22:52:05: Type: CHIP
2024-06-18 22:52:05: Genome: hg38
2024-06-18 22:52:05: Mode: 11
2024-06-18 22:52:05: Mode min: 11
2024-06-18 22:52:05: Mode max: 11
2024-06-18 22:52:05: Trim tool: skewer
2024-06-18 22:52:05: Map tool: hisat2
2024-06-18 22:52:05: Design formula: 1
2024-06-18 22:52:05: Metadata file: NA
2024-06-18 22:52:05: Input file (MACS3): NA
2024-06-18 22:52:05: Input file (HOMER): NA.HOMER_tagDir
2024-06-18 22:52:05: Broad peaks: NA
2024-06-18 22:52:05: Peak style: factor
2024-06-18 22:52:05: HOMER peaksize: 500
2024-06-18 22:52:05: HOMER minDist: 2000
2024-06-18 22:52:05: 250000M HEAP init
2024-06-18 22:52:05: 500000M memory per sample
2024-06-18 22:52:05: Hub type field: 1
2024-06-18 22:52:05: Hub name field: 1,2,8
2024-06-18 22:52:05: Hub col field: 2
2024-06-18 22:52:05: Hub separator: _
2024-06-18 22:52:05: Hub appendix: hub
2024-06-18 22:52:05: Hub overlay: transparentOverlay
2024-06-18 22:52:05: Hub coldata folder: {OMNOM_HOME}/bin/color_data_for_hubs
2024-06-18 22:52:05: Hub color table: /net/beegfs/scratch/kcarroll/Amsterdam_UMC_Klinische_Genetica_Internship/bin/color_data_for_hubs/gray.tint.color.table
2024-06-18 22:52:05: Hub mail: m.dewinther@amsterdamumc.nl
['filtered_BAM', 'HOMER_tagDirs']
['.bam', '.HOMER_tagDir.tar.gz']
filtered_BAM/*.bam
['filtered_BAM/human_MDM_DNA_H3K27Me3_Ctr_DMSO_F_d284_RK_I20221209.filtered.bam']
['human_MDM_DNA_H3K27Me3_Ctr_DMSO_F_d284_RK_I20221209']
['human_MDM_DNA_H3K27Me3_Ctr_DMSO_F_d284_RK_I20221209']
NUMBER OF SAMPLES = 1
{'1': 32, '2': 16, '3': 32, '4': 128, '5': 16, '6': 1, '7': 1, '8': 1, '9': 1, '10': 128, '11': 128, '12': 128, '13': 128}
2024-06-18 22:52:05: Checking snake rule functions...
2024-06-18 22:52:05: Workflow Snake rules Good!
[11]
peak_calling
.bed
['peak_calling/extra_11.tmp']
2024-06-18 22:52:05: Calling Peaks...
2024-06-18 22:52:05: Input folders: filtered_BAM and HOMER_tagDirs
2024-06-18 22:52:05: Output folder: peak_calling
2024-06-18 22:52:05: Calling peaks...
2024-06-18 22:52:05: The type = CHIP
2024-06-18 22:52:06: 
macs3 3.0.0b1

macs3 3.0.0b1

2024-06-18 22:52:06: Finding ChIP enriched regions...
2024-06-18 22:52:06: Calling peaks with MACS3...
2024-06-18 22:52:06: Sanity check completed
2024-06-18 22:52:06: Calling peaks for: human...
2024-06-18 22:52:06: Files in group: filtered_BAM/human_MDM_DNA_H3K27Me3_Ctr_DMSO_F_d284_RK_I20221209.filtered.bam
2024-06-18 22:52:06: Calling peaks with MACS3, using p and q values 1e-6 and 1e-9...
2024-06-18 23:01:11: Cleaning up MACS3 output (keeping only narrowPeak and broadPeak files)...
2024-06-18 23:01:11: Converting to a clean 3 column BED format...
2024-06-18 23:01:11: Calling peaks with HOMER...
2024-06-18 23:01:11: Input folder: HOMER_tagDirs
2024-06-18 23:01:11: Sanity check completed
2024-06-18 23:01:16: Calling peaks with HOMER...
2024-06-18 23:01:16: findPeaks {tagdir} -i {os.getenv('HOMERINPUT')} -style {thestyle} -o auto
2024-06-18 23:01:58: Converting peaks to BED format and cleaning up unwanted contigs (chrUn | alt | random)...
2024-06-18 23:01:58: Testpp HOMER_tagDirs/human_MDM_DNA_H3K27Me3_Ctr_DMSO_F_d284_RK_I20221209.filtered.HOMER_tagDir
