Config file /net/beegfs/scratch/kcarroll/Amsterdam_UMC_Klinische_Genetica_Internship/omnomnomics/omnomnomics.run.2024-06-19.config.yaml is extended by additional config specified via the command line.
Building DAG of jobs...
Using shell: /usr/bin/bash
Provided cores: 16
Rules claiming more threads will be scaled down.
Provided resources: mem_mb=64000, mem_mib=61036, disk_mb=3848, disk_mib=3670
Select jobs to execute...

[Wed Jun 19 18:16:56 2024]
rule run_fastqc:
    input: trimmed_FASTQ/human_MDM_DNA_H3K27Me3_Ctr_DMSO_F_d284_RK_I20221209_L002.trimmed.fastq.gz
    output: fastqc_reports/human_MDM_DNA_H3K27Me3_Ctr_DMSO_F_d284_RK_I20221209_L002.trimmed_fastqc.html, fastqc_reports/human_MDM_DNA_H3K27Me3_Ctr_DMSO_F_d284_RK_I20221209_L002.trimmed_fastqc.zip
    jobid: 0
    benchmark: fastqc_reports/human_MDM_DNA_H3K27Me3_Ctr_DMSO_F_d284_RK_I20221209_L002_fastqc_benchmark.tsv
    reason: Missing output files: fastqc_reports/human_MDM_DNA_H3K27Me3_Ctr_DMSO_F_d284_RK_I20221209_L002.trimmed_fastqc.zip, fastqc_reports/human_MDM_DNA_H3K27Me3_Ctr_DMSO_F_d284_RK_I20221209_L002.trimmed_fastqc.html
    wildcards: sample=human_MDM_DNA_H3K27Me3_Ctr_DMSO_F_d284_RK_I20221209_L002
    threads: 16
    resources: mem_mb=64000, mem_mib=61036, disk_mb=3848, disk_mib=3670, tmpdir=/tmp/kcarroll.5341988

Started analysis of human_MDM_DNA_H3K27Me3_Ctr_DMSO_F_d284_RK_I20221209_L002.trimmed.fastq.gz
Approx 5% complete for human_MDM_DNA_H3K27Me3_Ctr_DMSO_F_d284_RK_I20221209_L002.trimmed.fastq.gz
Approx 10% complete for human_MDM_DNA_H3K27Me3_Ctr_DMSO_F_d284_RK_I20221209_L002.trimmed.fastq.gz
Approx 15% complete for human_MDM_DNA_H3K27Me3_Ctr_DMSO_F_d284_RK_I20221209_L002.trimmed.fastq.gz
Approx 20% complete for human_MDM_DNA_H3K27Me3_Ctr_DMSO_F_d284_RK_I20221209_L002.trimmed.fastq.gz
Approx 25% complete for human_MDM_DNA_H3K27Me3_Ctr_DMSO_F_d284_RK_I20221209_L002.trimmed.fastq.gz
Approx 30% complete for human_MDM_DNA_H3K27Me3_Ctr_DMSO_F_d284_RK_I20221209_L002.trimmed.fastq.gz
Approx 35% complete for human_MDM_DNA_H3K27Me3_Ctr_DMSO_F_d284_RK_I20221209_L002.trimmed.fastq.gz
Approx 40% complete for human_MDM_DNA_H3K27Me3_Ctr_DMSO_F_d284_RK_I20221209_L002.trimmed.fastq.gz
Approx 45% complete for human_MDM_DNA_H3K27Me3_Ctr_DMSO_F_d284_RK_I20221209_L002.trimmed.fastq.gz
Approx 50% complete for human_MDM_DNA_H3K27Me3_Ctr_DMSO_F_d284_RK_I20221209_L002.trimmed.fastq.gz
Approx 55% complete for human_MDM_DNA_H3K27Me3_Ctr_DMSO_F_d284_RK_I20221209_L002.trimmed.fastq.gz
Approx 60% complete for human_MDM_DNA_H3K27Me3_Ctr_DMSO_F_d284_RK_I20221209_L002.trimmed.fastq.gz
Approx 65% complete for human_MDM_DNA_H3K27Me3_Ctr_DMSO_F_d284_RK_I20221209_L002.trimmed.fastq.gz
Approx 70% complete for human_MDM_DNA_H3K27Me3_Ctr_DMSO_F_d284_RK_I20221209_L002.trimmed.fastq.gz
Approx 75% complete for human_MDM_DNA_H3K27Me3_Ctr_DMSO_F_d284_RK_I20221209_L002.trimmed.fastq.gz
Approx 80% complete for human_MDM_DNA_H3K27Me3_Ctr_DMSO_F_d284_RK_I20221209_L002.trimmed.fastq.gz
Approx 85% complete for human_MDM_DNA_H3K27Me3_Ctr_DMSO_F_d284_RK_I20221209_L002.trimmed.fastq.gz
Approx 90% complete for human_MDM_DNA_H3K27Me3_Ctr_DMSO_F_d284_RK_I20221209_L002.trimmed.fastq.gz
Approx 95% complete for human_MDM_DNA_H3K27Me3_Ctr_DMSO_F_d284_RK_I20221209_L002.trimmed.fastq.gz
Analysis complete for human_MDM_DNA_H3K27Me3_Ctr_DMSO_F_d284_RK_I20221209_L002.trimmed.fastq.gz
[Wed Jun 19 18:20:13 2024]
Finished job 0.
1 of 1 steps (100%) done
2024-06-19 18:16:56: JOB DISPATCHED!
2024-06-19 18:16:56: Moved color table to experiment dir: gray.tint.color.table
2024-06-19 18:16:56: Changed directory to experiment dir: /net/beegfs/scratch/kcarroll/Amsterdam_UMC_Klinische_Genetica_Internship/omnomnomics
Changed directory to experiment dir: /net/beegfs/scratch/kcarroll/Amsterdam_UMC_Klinische_Genetica_Internship/omnomnomics
Updated logfile path: omnomnomics.run.2024-06-19.log
2024-06-19 18:16:56: Experiment dir: /net/beegfs/scratch/kcarroll/Amsterdam_UMC_Klinische_Genetica_Internship/omnomnomics
2024-06-19 18:16:56: Run date: 2024-06-19
2024-06-19 18:16:56: Log file: omnomnomics.run.2024-06-19.log
2024-06-19 18:16:56: Files: 1
2024-06-19 18:16:56: Pairs: 1
2024-06-19 18:16:56: Paired run: False
2024-06-19 18:16:56: Type: CHIP
2024-06-19 18:16:56: Genome: hg38
2024-06-19 18:16:56: Mode: 2
2024-06-19 18:16:56: Mode min: 2
2024-06-19 18:16:56: Mode max: 2
2024-06-19 18:16:56: Trim tool: skewer
2024-06-19 18:16:56: Map tool: hisat2
2024-06-19 18:16:56: Design formula: 1
2024-06-19 18:16:56: Metadata file: NA
2024-06-19 18:16:56: Input file (MACS3): NA
2024-06-19 18:16:56: Input file (HOMER): NA
2024-06-19 18:16:56: Broad peaks: NA
2024-06-19 18:16:56: Peak style: factor
2024-06-19 18:16:56: HOMER peaksize: 500
2024-06-19 18:16:56: HOMER minDist: 2000
2024-06-19 18:16:56: 250000M HEAP init
2024-06-19 18:16:56: 500000M memory per sample
2024-06-19 18:16:56: Hub type field: 1
2024-06-19 18:16:56: Hub name field: 1,2,8
2024-06-19 18:16:56: Hub col field: 2
2024-06-19 18:16:56: Hub separator: _
2024-06-19 18:16:56: Hub appendix: hub
2024-06-19 18:16:56: Hub overlay: transparentOverlay
2024-06-19 18:16:56: Hub coldata folder: /net/beegfs/scratch/kcarroll/Amsterdam_UMC_Klinische_Genetica_Internship/bin/color_data_for_hubs
2024-06-19 18:16:56: Hub color table: /net/beegfs/scratch/kcarroll/Amsterdam_UMC_Klinische_Genetica_Internship/bin/color_data_for_hubs/gray.tint.color.table
2024-06-19 18:16:56: Hub mail: m.dewinther@amsterdamumc.nl
trimmed_FASTQ
.trimmed.fastq.gz
trimmed_FASTQ/*.trimmed.fastq.gz
['trimmed_FASTQ/human_MDM_DNA_H3K27Me3_Ctr_DMSO_F_d284_RK_I20221209_L002.trimmed.fastq.gz']
['human_MDM_DNA_H3K27Me3_Ctr_DMSO_F_d284_RK_I20221209_L002']
['human_MDM_DNA_H3K27Me3_Ctr_DMSO_F_d284_RK_I20221209_L002']
NUMBER OF SAMPLES = 1
{'1': 32, '2': 16, '3': 32, '4': 128, '5': 16, '6': 1, '7': 1, '8': 1, '9': 1, '10': 128, '11': 128, '12': 128, '13': 128}
2024-06-19 18:16:56: Checking snake rule functions...
2024-06-19 18:16:56: Workflow Snake rules Good!
[2]
fastqc_reports
['.trimmed_fastqc.html', '.trimmed_fastqc.zip']
['fastqc_reports/human_MDM_DNA_H3K27Me3_Ctr_DMSO_F_d284_RK_I20221209_L002.trimmed_fastqc.html', 'fastqc_reports/human_MDM_DNA_H3K27Me3_Ctr_DMSO_F_d284_RK_I20221209_L002.trimmed_fastqc.zip']
2024-06-19 18:16:56: Generating FastQC reports...
2024-06-19 18:16:56: Input folder: trimmed_FASTQ
2024-06-19 18:16:56: Output folder: fastqc_reports
2024-06-19 18:16:57: 
FastQC v0.11.9

2024-06-19 18:16:57: Sanity check completed
2024-06-19 18:16:57: Running FastQC in single end mode...
