Config file /net/beegfs/scratch/kcarroll/Amsterdam_UMC_Klinische_Genetica_Internship/omnomnomics/omnomnomics.run.2024-06-19.config.yaml is extended by additional config specified via the command line.
Building DAG of jobs...
Using shell: /usr/bin/bash
Provided cores: 2
Rules claiming more threads will be scaled down.
Provided resources: mem_mb=4000, mem_mib=3815, disk_mb=6959, disk_mib=6637
Select jobs to execute...

[Wed Jun 19 17:50:33 2024]
rule bam_stats:
    input: filtered_BAM/human_MDM_DNA_H3K27Me3_Ctr_DMSO_F_d284_RK_I20221209.sorted.dups_marked.filtered.bam, filtered_BAM/human_MDM_DNA_H3K27Me3_Ctr_DMSO_F_d284_RK_I20221209.sorted.dups_marked.filtered.bam.bai
    output: filtered_BAM/human_MDM_DNA_H3K27Me3_Ctr_DMSO_F_d284_RK_I20221209.sorted.dups_marked.filtered.bam.stats.txt
    jobid: 0
    benchmark: filtered_BAM/human_MDM_DNA_H3K27Me3_Ctr_DMSO_F_d284_RK_I20221209_bamstats_benchmark.tsv
    reason: Missing output files: filtered_BAM/human_MDM_DNA_H3K27Me3_Ctr_DMSO_F_d284_RK_I20221209.sorted.dups_marked.filtered.bam.stats.txt, filtered_BAM/human_MDM_DNA_H3K27Me3_Ctr_DMSO_F_d284_RK_I20221209_bamstats_benchmark.tsv
    wildcards: sample=human_MDM_DNA_H3K27Me3_Ctr_DMSO_F_d284_RK_I20221209
    resources: mem_mb=4000, mem_mib=3815, disk_mb=6959, disk_mib=6637, tmpdir=/tmp/kcarroll.5341980

[Wed Jun 19 17:51:27 2024]
Finished job 0.
1 of 1 steps (100%) done
2024-06-19 17:50:33: JOB DISPATCHED!
2024-06-19 17:50:33: Moved color table to experiment dir: gray.tint.color.table
2024-06-19 17:50:33: Changed directory to experiment dir: /net/beegfs/scratch/kcarroll/Amsterdam_UMC_Klinische_Genetica_Internship/omnomnomics
Changed directory to experiment dir: /net/beegfs/scratch/kcarroll/Amsterdam_UMC_Klinische_Genetica_Internship/omnomnomics
Updated logfile path: omnomnomics.run.2024-06-19.log
2024-06-19 17:50:33: Experiment dir: /net/beegfs/scratch/kcarroll/Amsterdam_UMC_Klinische_Genetica_Internship/omnomnomics
2024-06-19 17:50:33: Run date: 2024-06-19
2024-06-19 17:50:33: Log file: omnomnomics.run.2024-06-19.log
2024-06-19 17:50:33: Files: 1
2024-06-19 17:50:33: Pairs: 1
2024-06-19 17:50:33: Paired run: True
2024-06-19 17:50:33: Type: ATAC
2024-06-19 17:50:33: Genome: hg38
2024-06-19 17:50:33: Mode: 6 7
2024-06-19 17:50:33: Mode min: 6
2024-06-19 17:50:33: Mode max: 7
2024-06-19 17:50:33: Trim tool: skewer
2024-06-19 17:50:33: Map tool: hisat2
2024-06-19 17:50:33: Design formula: 1
2024-06-19 17:50:33: Metadata file: NA
2024-06-19 17:50:33: Input file (MACS3): NA
2024-06-19 17:50:33: Input file (HOMER): NA
2024-06-19 17:50:33: Broad peaks: NA
2024-06-19 17:50:33: Peak style: factor
2024-06-19 17:50:33: HOMER peaksize: 500
2024-06-19 17:50:33: HOMER minDist: 2000
2024-06-19 17:50:33: 250000M HEAP init
2024-06-19 17:50:33: 500000M memory per sample
2024-06-19 17:50:33: Hub type field: 1
2024-06-19 17:50:33: Hub name field: 1,2,8
2024-06-19 17:50:33: Hub col field: 2
2024-06-19 17:50:33: Hub separator: _
2024-06-19 17:50:33: Hub appendix: hub
2024-06-19 17:50:33: Hub overlay: transparentOverlay
2024-06-19 17:50:33: Hub coldata folder: /net/beegfs/scratch/kcarroll/Amsterdam_UMC_Klinische_Genetica_Internship/bin/color_data_for_hubs
2024-06-19 17:50:33: Hub color table: /net/beegfs/scratch/kcarroll/Amsterdam_UMC_Klinische_Genetica_Internship/bin/color_data_for_hubs/gray.tint.color.table
2024-06-19 17:50:33: Hub mail: m.dewinther@amsterdamumc.nl
filtered_BAM
.filtered.bam
filtered_BAM/*.filtered.bam
['filtered_BAM/human_MDM_DNA_H3K27Me3_Ctr_DMSO_F_d284_RK_I20221209.sorted.dups_marked.filtered.bam']
['human_MDM_DNA_H3K27Me3_Ctr_DMSO_F_d284_RK_I20221209']
['human_MDM_DNA_H3K27Me3_Ctr_DMSO_F_d284_RK_I20221209']
NUMBER OF SAMPLES = 1
{'1': 32, '2': 16, '3': 32, '4': 128, '5': 16, '6': 1, '7': 1, '8': 1, '9': 1, '10': 128, '11': 128, '12': 128, '13': 128}
2024-06-19 17:50:33: Checking snake rule functions...
2024-06-19 17:50:33: Workflow Snake rules Good!
[6, 7]
filtered_BAM
.sorted.dups_marked.filtered.bam.bai
['filtered_BAM/human_MDM_DNA_H3K27Me3_Ctr_DMSO_F_d284_RK_I20221209.sorted.dups_marked.filtered.bam.bai']
filtered_BAM
.sorted.dups_marked.filtered.bam.stats.txt
['filtered_BAM/human_MDM_DNA_H3K27Me3_Ctr_DMSO_F_d284_RK_I20221209.sorted.dups_marked.filtered.bam.bai', 'filtered_BAM/human_MDM_DNA_H3K27Me3_Ctr_DMSO_F_d284_RK_I20221209.sorted.dups_marked.filtered.bam.stats.txt']
2024-06-19 17:50:34: Getting BAM file statistics...
2024-06-19 17:50:34: Input folder: filtere_BAM
2024-06-19 17:50:34: Output folder: filtered_BAM
2024-06-19 17:50:34: 

bamtools 2.5.2
Part of BamTools API and toolkit
Primary authors: Derek Barnett, Erik Garrison, Michael Stromberg
(c) 2009-2012 Marth Lab, Biology Dept., Boston College


2024-06-19 17:50:34: Sanity check completed
2024-06-19 17:50:34: Generating stats for human_MDM_DNA_H3K27Me3_Ctr_DMSO_F_d284_RK_I20221209
