Config file /net/beegfs/scratch/kcarroll/Amsterdam_UMC_Klinische_Genetica_Internship/omnomnomics/omnomnomics.run.2024-06-13.config.yaml is extended by additional config specified via the command line.
Building DAG of jobs...
Using shell: /usr/bin/bash
Provided cores: 2
Rules claiming more threads will be scaled down.
Provided resources: mem_mb=4000, mem_mib=3815, disk_mb=1000, disk_mib=954
Select jobs to execute...

[Thu Jun 13 15:53:53 2024]
rule create_wiggles:
    input: HOMER_tagDirs/mouse_F_ldlr_PlaqueMacrophages_RNA_2301_DMSO_poolA_RK_I20231020.sorted.dups_marked.HOMER_tagDir.tar.gz
    output: BigWigs/mouse_F_ldlr_PlaqueMacrophages_RNA_2301_DMSO_poolA_RK_I20231020.sorted.dups_marked.bw
    jobid: 0
    reason: Missing output files: BigWigs/mouse_F_ldlr_PlaqueMacrophages_RNA_2301_DMSO_poolA_RK_I20231020.sorted.dups_marked.bw
    wildcards: sample=mouse_F_ldlr_PlaqueMacrophages_RNA_2301_DMSO_poolA_RK_I20231020
    resources: mem_mb=4000, mem_mib=3815, disk_mb=1000, disk_mib=954, tmpdir=/tmp/kcarroll.5327768

Colors that will be used (change with -color or -gradient options):
	Index	Color	Neg. color	Tag Directory
	1	255,150,150	(255,180,180)	HOMER_tagDirs/mouse_F_ldlr_PlaqueMacrophages_RNA_2301_DMSO_poolA_RK_I20231020.sorted.dups_marked.HOMER_tagDir


	Once finished, you will want to upload the following hub URL:
		https:/www.macrophages.eu/UCSCtracks//BigWigs/mouse_F_ldlr_PlaqueMacrophages_RNA_2301_DMSO_poolA_RK_I20231020.sorted.dups_marked.hub/hub.txt

	If loading to the Wash U Epigenome Browser, use:
		https:/www.macrophages.eu/UCSCtracks//BigWigs/mouse_F_ldlr_PlaqueMacrophages_RNA_2301_DMSO_poolA_RK_I20231020.sorted.dups_marked.hub/washU.hub.txt

!!! Warning - ./BigWigs/mouse_F_ldlr_PlaqueMacrophages_RNA_2301_DMSO_poolA_RK_I20231020.sorted.dups_marked.hub exists !!!
!!! Rerun command with -force to overwrite !!!
Not a bedGraph file! (well, not a text file at least... Is it already a bigwig?)
[Thu Jun 13 15:53:54 2024]
Error in rule create_wiggles:
    jobid: 0
    input: HOMER_tagDirs/mouse_F_ldlr_PlaqueMacrophages_RNA_2301_DMSO_poolA_RK_I20231020.sorted.dups_marked.HOMER_tagDir.tar.gz
    output: BigWigs/mouse_F_ldlr_PlaqueMacrophages_RNA_2301_DMSO_poolA_RK_I20231020.sorted.dups_marked.bw

RuleException:
CalledProcessError in file /net/beegfs/scratch/kcarroll/Amsterdam_UMC_Klinische_Genetica_Internship/omnomnomics/rules/create_wiggles.smk, line 66:
Command 'set -euo pipefail;  fix_HOMER_trackHub.sh -i BigWigs/mouse_F_ldlr_PlaqueMacrophages_RNA_2301_DMSO_poolA_RK_I20231020.sorted.dups_marked.hub -g hg38' returned non-zero exit status 4.
  File "/net/beegfs/scratch/kcarroll/Amsterdam_UMC_Klinische_Genetica_Internship/omnomnomics/rules/create_wiggles.smk", line 73, in __rule_create_wiggles
  File "/net/beegfs/scratch/kcarroll/Amsterdam_UMC_Klinische_Genetica_Internship/omnomnomics/rules/create_wiggles.smk", line 66, in create_wig
  File "/trinity/shared/apps/snakemake/lib/python3.11/concurrent/futures/thread.py", line 58, in run
Shutting down, this might take some time.
Exiting because a job execution failed. Look above for error message
2024-06-13 15:53:52: JOB DISPATCHED!
2024-06-13 15:53:52: Changed directory to experiment dir: /net/beegfs/scratch/kcarroll/Amsterdam_UMC_Klinische_Genetica_Internship/omnomnomics
Changed directory to experiment dir: /net/beegfs/scratch/kcarroll/Amsterdam_UMC_Klinische_Genetica_Internship/omnomnomics
Updated logfile path: omnomnomics.run.2024-06-13.log
2024-06-13 15:53:53: Job Start time: 1718286832.8292916
2024-06-13 15:53:53: Experiment dir: /net/beegfs/scratch/kcarroll/Amsterdam_UMC_Klinische_Genetica_Internship/omnomnomics
2024-06-13 15:53:53: Run date: 2024-06-13
2024-06-13 15:53:53: Log file: omnomnomics.run.2024-06-13.log
2024-06-13 15:53:53: Files: 1
2024-06-13 15:53:53: Pairs: 1
2024-06-13 15:53:53: Paired run: True
2024-06-13 15:53:53: Type: RNA
2024-06-13 15:53:53: Genome: hg38
2024-06-13 15:53:53: Mode: 9
2024-06-13 15:53:53: Mode min: 9
2024-06-13 15:53:53: Mode max: 9
2024-06-13 15:53:53: Trim tool: skewer
2024-06-13 15:53:53: Map tool: hisat2
2024-06-13 15:53:53: Design formula: 1
2024-06-13 15:53:53: Metadata file: NA
2024-06-13 15:53:53: Input file (MACS3): NA
2024-06-13 15:53:53: Input file (HOMER): NA.HOMER_tagDir
2024-06-13 15:53:53: Broad peaks: NA
2024-06-13 15:53:53: Peak style: factor
2024-06-13 15:53:53: HOMER peaksize: 500
2024-06-13 15:53:53: HOMER minDist: 2000
2024-06-13 15:53:53: 250000M HEAP init
2024-06-13 15:53:53: 500000M memory per sample
2024-06-13 15:53:53: Hub type field: 1
2024-06-13 15:53:53: Hub name field: 1-3
2024-06-13 15:53:53: Hub col field: 2
2024-06-13 15:53:53: Hub separator: _
2024-06-13 15:53:53: Hub appendix: hub
2024-06-13 15:53:53: Hub overlay: transparentOverlay
2024-06-13 15:53:53: Hub coldata folder: ${OMNOM_HOME}/bin/color_data_for_hubs
2024-06-13 15:53:53: Hub color table: ${OMNOM_HOME}/bin/color_data_for_hubs/gray.tint.color.table
2024-06-13 15:53:53: Hub mail: m.dewinther@amsterdamumc.nl
HOMER_tagDirs
.HOMER_tagDir.tar.gz
HOMER_tagDirs/*.HOMER_tagDir.tar.gz
['HOMER_tagDirs/mouse_F_ldlr_PlaqueMacrophages_RNA_2301_DMSO_poolA_RK_I20231020.sorted.dups_marked.HOMER_tagDir.tar.gz']
['mouse_F_ldlr_PlaqueMacrophages_RNA_2301_DMSO_poolA_RK_I20231020']
['mouse_F_ldlr_PlaqueMacrophages_RNA_2301_DMSO_poolA_RK_I20231020']
{'1': 128, '2': 128, '3': 128, '4': 128, '5': 128, '6': 128, '7': 1, '8': 1, '9': 1, '10': 128, '11': 128, '12': 128, '13': 128}
2024-06-13 15:53:53: Checking snake rule functions...
2024-06-13 15:53:53: Workflow Snake rules Good!
[9]
BigWigs
.bw
['BigWigs/mouse_F_ldlr_PlaqueMacrophages_RNA_2301_DMSO_poolA_RK_I20231020.sorted.dups_marked.bw']
2024-06-13 15:53:53: Creating Wiggles and TrackHubs...
2024-06-13 15:53:53: Input folder: HOMER_tagDirs
2024-06-13 15:53:53: Output folder: BigWigs
2024-06-13 15:53:53: Sanity check completed
2024-06-13 15:53:53: Unpacking mouse_F_ldlr_PlaqueMacrophages_RNA_2301_DMSO_poolA_RK_I20231020.sorted.dups_marked.HOMER_tagDir.tar.gz into HOMER_tagDirs
TARGZ UNPACKED SUCCESSFULLY
2024-06-13 15:53:54: Unpacked mouse_F_ldlr_PlaqueMacrophages_RNA_2301_DMSO_poolA_RK_I20231020.sorted.dups_marked.HOMER_tagDir.tar.gz successfully
TAGDIR IS HOMER_tagDirs/mouse_F_ldlr_PlaqueMacrophages_RNA_2301_DMSO_poolA_RK_I20231020.sorted.dups_marked.HOMER_tagDir
2024-06-13 15:53:54: Creating trackhub from HOMER_tagDirs/mouse_F_ldlr_PlaqueMacrophages_RNA_2301_DMSO_poolA_RK_I20231020.sorted.dups_marked.HOMER_tagDir
2024-06-13 15:53:54: makeMultiWigHub.pl BigWigs/mouse_F_ldlr_PlaqueMacrophages_RNA_2301_DMSO_poolA_RK_I20231020.sorted.dups_marked.hub hg38 -d HOMER_tagDirs/mouse_F_ldlr_PlaqueMacrophages_RNA_2301_DMSO_poolA_RK_I20231020.sorted.dups_marked.HOMER_tagDir -fsize 1e8 -strand -webdir . -url "https:/www.macrophages.eu/UCSCtracks/"
2024-06-13 15:53:54: Fixing trackhub BigWigs/mouse_F_ldlr_PlaqueMacrophages_RNA_2301_DMSO_poolA_RK_I20231020.sorted.dups_marked.hub...
2024-06-13 15:53:54: fix_HOMER_trackHub.sh -i BigWigs/mouse_F_ldlr_PlaqueMacrophages_RNA_2301_DMSO_poolA_RK_I20231020.sorted.dups_marked.hub -g hg38
