Config file /net/beegfs/scratch/kcarroll/Amsterdam_UMC_Klinische_Genetica_Internship/omnomnomics/omnomnomics.run.2024-06-19.config.yaml is extended by additional config specified via the command line.
Building DAG of jobs...
MissingInputException in rule call_peaks in file /net/beegfs/scratch/kcarroll/Amsterdam_UMC_Klinische_Genetica_Internship/omnomnomics/rules/11.call_peaks.smk, line 22:
Missing input files for rule call_peaks:
    output: peak_calling/extra_11.tmp
    affected files:
        filtered_BAM/human_MDM_DNA_H3K27Me3_Ctr_DMSO_F_d285_RK_I20221209.sorted.dups_marked.filtered.bam
2024-06-19 16:51:45: JOB DISPATCHED!
2024-06-19 16:51:45: Moved color table to experiment dir: gray.tint.color.table
2024-06-19 16:51:45: Changed directory to experiment dir: /net/beegfs/scratch/kcarroll/Amsterdam_UMC_Klinische_Genetica_Internship/omnomnomics
Changed directory to experiment dir: /net/beegfs/scratch/kcarroll/Amsterdam_UMC_Klinische_Genetica_Internship/omnomnomics
Updated logfile path: omnomnomics.run.2024-06-19.log
2024-06-19 16:51:45: Experiment dir: /net/beegfs/scratch/kcarroll/Amsterdam_UMC_Klinische_Genetica_Internship/omnomnomics
2024-06-19 16:51:45: Run date: 2024-06-19
2024-06-19 16:51:45: Log file: omnomnomics.run.2024-06-19.log
2024-06-19 16:51:45: Files: 1
2024-06-19 16:51:45: Pairs: 1
2024-06-19 16:51:45: Paired run: True
2024-06-19 16:51:45: Type: ATAC
2024-06-19 16:51:45: Genome: hg38
2024-06-19 16:51:45: Mode: 5
2024-06-19 16:51:45: Mode min: 5
2024-06-19 16:51:45: Mode max: 5
2024-06-19 16:51:45: Trim tool: skewer
2024-06-19 16:51:45: Map tool: hisat2
2024-06-19 16:51:45: Design formula: 1
2024-06-19 16:51:45: Metadata file: NA
2024-06-19 16:51:45: Input file (MACS3): NA
2024-06-19 16:51:45: Input file (HOMER): NA
2024-06-19 16:51:45: Broad peaks: NA
2024-06-19 16:51:45: Peak style: factor
2024-06-19 16:51:45: HOMER peaksize: 500
2024-06-19 16:51:45: HOMER minDist: 2000
2024-06-19 16:51:45: 250000M HEAP init
2024-06-19 16:51:45: 500000M memory per sample
2024-06-19 16:51:45: Hub type field: 1
2024-06-19 16:51:45: Hub name field: 1,2,8
2024-06-19 16:51:45: Hub col field: 2
2024-06-19 16:51:45: Hub separator: _
2024-06-19 16:51:45: Hub appendix: hub
2024-06-19 16:51:45: Hub overlay: transparentOverlay
2024-06-19 16:51:45: Hub coldata folder: /net/beegfs/scratch/kcarroll/Amsterdam_UMC_Klinische_Genetica_Internship/bin/color_data_for_hubs
2024-06-19 16:51:45: Hub color table: /net/beegfs/scratch/kcarroll/Amsterdam_UMC_Klinische_Genetica_Internship/bin/color_data_for_hubs/gray.tint.color.table
2024-06-19 16:51:45: Hub mail: m.dewinther@amsterdamumc.nl
BAM
.bam
BAM/*.bam
['BAM/human_MDM_DNA_H3K27Me3_Ctr_DMSO_F_d285_RK_I20221209.bam']
['human_MDM_DNA_H3K27Me3_Ctr_DMSO_F_d285_RK_I20221209']
['human_MDM_DNA_H3K27Me3_Ctr_DMSO_F_d285_RK_I20221209']
NUMBER OF SAMPLES = 1
{'1': 32, '2': 16, '3': 32, '4': 128, '5': 16, '6': 1, '7': 1, '8': 1, '9': 1, '10': 128, '11': 128, '12': 128, '13': 128}
2024-06-19 16:51:45: Checking snake rule functions...
2024-06-19 16:51:45: Workflow Snake rules Good!
[5]
filtered_BAM
.sorted.dups_marked.filtered.bam
['filtered_BAM/human_MDM_DNA_H3K27Me3_Ctr_DMSO_F_d285_RK_I20221209.sorted.dups_marked.filtered.bam', 'filtered_BAM/human_MDM_DNA_H3K27Me3_Ctr_DMSO_F_d285_RK_I20221209.extra_5.tmp']
