Config file /net/beegfs/scratch/kcarroll/Amsterdam_UMC_Klinische_Genetica_Internship/omnomnomics/omnomnomics.run.2024-06-19.config.yaml is extended by additional config specified via the command line.
Building DAG of jobs...
Using shell: /usr/bin/bash
Provided cores: 128
Rules claiming more threads will be scaled down.
Provided resources: mem_mb=512000, mem_mib=488282, disk_mb=2994, disk_mib=2856
Select jobs to execute...

[Wed Jun 19 18:58:29 2024]
rule call_peaks:
    input: filtered_BAM/human_MDM_DNA_H3K27Me3_Ctr_DMSO_F_d284_RK_I20221209.sorted.dups_marked.filtered.bam
    output: peak_calling/extra_11.tmp
    jobid: 0
    benchmark: peak_calling/call_peaks_benchmark.tsv
    reason: Missing output files: peak_calling/extra_11.tmp
    threads: 128
    resources: mem_mb=512000, mem_mib=488282, disk_mb=2994, disk_mib=2856, tmpdir=/tmp/kcarroll.5341999

/net/beegfs/cfg/projects/dewintherlab/bin/bedtools: error while loading shared libraries: libbz2.so.1.0: cannot open shared object file: No such file or directory
[Wed Jun 19 19:00:24 2024]
Error in rule call_peaks:
    jobid: 0
    input: filtered_BAM/human_MDM_DNA_H3K27Me3_Ctr_DMSO_F_d284_RK_I20221209.sorted.dups_marked.filtered.bam
    output: peak_calling/extra_11.tmp

RuleException:
CalledProcessError in file /net/beegfs/scratch/kcarroll/Amsterdam_UMC_Klinische_Genetica_Internship/omnomnomics/rules/11.call_peaks.smk, line 339:
Command 'set -euo pipefail;   module load bedtools && cat peak_calling/*.bed | sort -k1,1 -k2,2n -k3,3n | mergeBed -i - > peak_calling/all_groups.merged_peaks.bed' returned non-zero exit status 127.
  File "/net/beegfs/scratch/kcarroll/Amsterdam_UMC_Klinische_Genetica_Internship/omnomnomics/rules/11.call_peaks.smk", line 347, in __rule_call_peaks
  File "/net/beegfs/scratch/kcarroll/Amsterdam_UMC_Klinische_Genetica_Internship/omnomnomics/rules/11.call_peaks.smk", line 339, in call_peaks
  File "/trinity/shared/apps/snakemake/lib/python3.11/concurrent/futures/thread.py", line 58, in run
Shutting down, this might take some time.
Exiting because a job execution failed. Look above for error message
2024-06-19 18:58:28: JOB DISPATCHED!
2024-06-19 18:58:28: Moved color table to experiment dir: gray.tint.color.table
2024-06-19 18:58:28: Changed directory to experiment dir: /net/beegfs/scratch/kcarroll/Amsterdam_UMC_Klinische_Genetica_Internship/omnomnomics
Changed directory to experiment dir: /net/beegfs/scratch/kcarroll/Amsterdam_UMC_Klinische_Genetica_Internship/omnomnomics
Updated logfile path: omnomnomics.run.2024-06-19.log
2024-06-19 18:58:28: Experiment dir: /net/beegfs/scratch/kcarroll/Amsterdam_UMC_Klinische_Genetica_Internship/omnomnomics
2024-06-19 18:58:28: Run date: 2024-06-19
2024-06-19 18:58:28: Log file: omnomnomics.run.2024-06-19.log
2024-06-19 18:58:28: Files: 1
2024-06-19 18:58:28: Pairs: 1
2024-06-19 18:58:28: Paired run: False
2024-06-19 18:58:28: Type: ATAC
2024-06-19 18:58:28: Genome: hg38
2024-06-19 18:58:28: Mode: 11
2024-06-19 18:58:28: Mode min: 11
2024-06-19 18:58:28: Mode max: 11
2024-06-19 18:58:28: Trim tool: skewer
2024-06-19 18:58:28: Map tool: hisat2
2024-06-19 18:58:28: Design formula: 1
2024-06-19 18:58:28: Metadata file: NA
2024-06-19 18:58:28: Input file (MACS3): NA
2024-06-19 18:58:28: Input file (HOMER): NA
2024-06-19 18:58:28: Broad peaks: NA
2024-06-19 18:58:28: Peak style: factor
2024-06-19 18:58:28: HOMER peaksize: 500
2024-06-19 18:58:28: HOMER minDist: 2000
2024-06-19 18:58:28: 250000M HEAP init
2024-06-19 18:58:28: 500000M memory per sample
2024-06-19 18:58:28: Hub type field: 1
2024-06-19 18:58:28: Hub name field: 1,2,8
2024-06-19 18:58:28: Hub col field: 2
2024-06-19 18:58:28: Hub separator: _
2024-06-19 18:58:28: Hub appendix: hub
2024-06-19 18:58:28: Hub overlay: transparentOverlay
2024-06-19 18:58:28: Hub coldata folder: /net/beegfs/scratch/kcarroll/Amsterdam_UMC_Klinische_Genetica_Internship/bin/color_data_for_hubs
2024-06-19 18:58:28: Hub color table: /net/beegfs/scratch/kcarroll/Amsterdam_UMC_Klinische_Genetica_Internship/bin/color_data_for_hubs/gray.tint.color.table
2024-06-19 18:58:28: Hub mail: m.dewinther@amsterdamumc.nl
['filtered_BAM', 'HOMER_tagDirs']
['.bam', '.HOMER_tagDir.tar.gz']
filtered_BAM/*.bam
['filtered_BAM/human_MDM_DNA_H3K27Me3_Ctr_DMSO_F_d284_RK_I20221209.sorted.dups_marked.filtered.bam']
['human_MDM_DNA_H3K27Me3_Ctr_DMSO_F_d284_RK_I20221209']
['human_MDM_DNA_H3K27Me3_Ctr_DMSO_F_d284_RK_I20221209']
NUMBER OF SAMPLES = 1
{'1': 128, '2': 128, '3': 128, '4': 128, '5': 128, '6': 1, '7': 1, '8': 1, '9': 1, '10': 128, '11': 128, '12': 128, '13': 128}
2024-06-19 18:58:28: Checking snake rule functions...
2024-06-19 18:58:28: Workflow Snake rules Good!
[11]
peak_calling
.bed
['peak_calling/extra_11.tmp']
2024-06-19 18:58:29: Calling Peaks...
2024-06-19 18:58:29: Input folders: filtered_BAM and HOMER_tagDirs
2024-06-19 18:58:29: Output folder: peak_calling
2024-06-19 18:58:29: Calling peaks...
2024-06-19 18:58:29: The type = ATAC
2024-06-19 18:58:30: 
macs3 3.0.0b1

macs3 3.0.0b1

2024-06-19 18:58:30: Calling open regions...
2024-06-19 18:58:30: Sanity check completed
2024-06-19 18:58:30: Calling open regions for: human...
2024-06-19 18:58:30: Files in group: filtered_BAM/human_MDM_DNA_H3K27Me3_Ctr_DMSO_F_d284_RK_I20221209.sorted.dups_marked.filtered.bam
2024-06-19 18:58:30: Calling peaks with MACS3, q value 1e-9...
2024-06-19 18:58:30: macs3 callpeak -t filtered_BAM/human_MDM_DNA_H3K27Me3_Ctr_DMSO_F_d284_RK_I20221209.sorted.dups_marked.filtered.bam --outdir peak_calling -n human_MDM_d284.MACS3.q-9 -q 1e-9 --verbose 0
2024-06-19 19:00:23: Cleaning up MACS3 output (keeping only narrowPeak files)...
2024-06-19 19:00:23: Converting to a clean 3 column BED format...
