Config file /net/beegfs/scratch/kcarroll/Amsterdam_UMC_Klinische_Genetica_Internship/omnomnomics/omnomnomics.run.2024-06-07.config.yaml is extended by additional config specified via the command line.
Building DAG of jobs...
Using shell: /usr/bin/bash
Provided cores: 128
Rules claiming more threads will be scaled down.
Provided resources: mem_mb=32000, mem_mib=30518, disk_mb=4815, disk_mib=4592
Select jobs to execute...

[Fri Jun  7 10:25:23 2024]
rule run_hisat2:
    input: trimmed_FASTQ/mouse_F_ldlr_PlaqueMacrophages_RNA_2301_DMSO_poolA_RK_I20231020_L004_R1_Skewer.trimmed.fastq.gz, trimmed_FASTQ/mouse_F_ldlr_PlaqueMacrophages_RNA_2301_DMSO_poolA_RK_I20231020_L004_R2_Skewer.trimmed.fastq.gz
    output: BAM/mouse_F_ldlr_PlaqueMacrophages_RNA_2301_DMSO_poolA_RK_I20231020_L004_HISAT2.bam, BAM/mouse_F_ldlr_PlaqueMacrophages_RNA_2301_DMSO_poolA_RK_I20231020_L004.HISAT2_stats.txt
    jobid: 0
    reason: Missing output files: BAM/mouse_F_ldlr_PlaqueMacrophages_RNA_2301_DMSO_poolA_RK_I20231020_L004.HISAT2_stats.txt, BAM/mouse_F_ldlr_PlaqueMacrophages_RNA_2301_DMSO_poolA_RK_I20231020_L004_HISAT2.bam
    wildcards: sample1=mouse_F_ldlr_PlaqueMacrophages_RNA_2301_DMSO_poolA_RK_I20231020_L004
    threads: 128
    resources: mem_mb=32000, mem_mib=30518, disk_mb=4815, disk_mib=4592, tmpdir=/tmp/kcarroll.5311402

Could not locate a HISAT2 index corresponding to basename "/net/beegfs/scratch/kcarroll/Amsterdam_UMC_Klinische_Genetica_Internship/omnomnomics/genomes/HISAT2/hg38"
Error: Encountered internal HISAT2 exception (#1)
Command: /net/beegfs/cfg/projects/dewintherlab/bin/hisat2-2.1.0/hisat2-align-s --wrapper basic-0 -p 128 -x /net/beegfs/scratch/kcarroll/Amsterdam_UMC_Klinische_Genetica_Internship/omnomnomics/genomes/HISAT2/hg38 --mm --add-chrname --new-summary --dta-cufflinks -1 /tmp/2621432.inpipe1 -2 /tmp/2621432.inpipe2 
(ERR): hisat2-align exited with value 1
[Fri Jun  7 10:25:23 2024]
Error in rule run_hisat2:
    jobid: 0
    input: trimmed_FASTQ/mouse_F_ldlr_PlaqueMacrophages_RNA_2301_DMSO_poolA_RK_I20231020_L004_R1_Skewer.trimmed.fastq.gz, trimmed_FASTQ/mouse_F_ldlr_PlaqueMacrophages_RNA_2301_DMSO_poolA_RK_I20231020_L004_R2_Skewer.trimmed.fastq.gz
    output: BAM/mouse_F_ldlr_PlaqueMacrophages_RNA_2301_DMSO_poolA_RK_I20231020_L004_HISAT2.bam, BAM/mouse_F_ldlr_PlaqueMacrophages_RNA_2301_DMSO_poolA_RK_I20231020_L004.HISAT2_stats.txt

RuleException:
CalledProcessError in file /net/beegfs/scratch/kcarroll/Amsterdam_UMC_Klinische_Genetica_Internship/omnomnomics/rules/align_reads_hisat2.smk, line 71:
Command 'set -euo pipefail;  
                        module load samtools &&                         hisat2 -p 128 -x /net/beegfs/scratch/kcarroll/Amsterdam_UMC_Klinische_Genetica_Internship/omnomnomics/genomes/HISAT2/hg38                         -1 trimmed_FASTQ/mouse_F_ldlr_PlaqueMacrophages_RNA_2301_DMSO_poolA_RK_I20231020_L004_R1_Skewer.trimmed.fastq.gz -2 trimmed_FASTQ/mouse_F_ldlr_PlaqueMacrophages_RNA_2301_DMSO_poolA_RK_I20231020_L004_R2_Skewer.trimmed.fastq.gz --mm --add-chrname --new-summary --dta-cufflinks                         | samtools view -b - 1> "BAM/mouse_F_ldlr_PlaqueMacrophages_RNA_2301_DMSO_poolA_RK_I20231020_L004_HISAT2.bam" 2> "BAM/mouse_F_ldlr_PlaqueMacrophages_RNA_2301_DMSO_poolA_RK_I20231020_L004.HISAT2_stats.txt"' returned non-zero exit status 1.
  File "/net/beegfs/scratch/kcarroll/Amsterdam_UMC_Klinische_Genetica_Internship/omnomnomics/rules/align_reads_hisat2.smk", line 116, in __rule_run_hisat2
  File "/net/beegfs/scratch/kcarroll/Amsterdam_UMC_Klinische_Genetica_Internship/omnomnomics/rules/align_reads_hisat2.smk", line 71, in run_hisat2
  File "/trinity/shared/apps/snakemake/lib/python3.11/concurrent/futures/thread.py", line 58, in run
Removing output files of failed job run_hisat2 since they might be corrupted:
BAM/mouse_F_ldlr_PlaqueMacrophages_RNA_2301_DMSO_poolA_RK_I20231020_L004_HISAT2.bam, BAM/mouse_F_ldlr_PlaqueMacrophages_RNA_2301_DMSO_poolA_RK_I20231020_L004.HISAT2_stats.txt
Shutting down, this might take some time.
Exiting because a job execution failed. Look above for error message
2024-06-07 10:25:22: JOB DISPATCHED!
2024-06-07 10:25:22: MAMBA_EXE: /net/beegfs/cfg/projects/dewintherlab/bin/micromamba
2024-06-07 10:25:22: Initializing shell...
2024-06-07 10:25:22: Sanity check completed
2024-06-07 10:25:22: Changed directory to experiment dir: /net/beegfs/scratch/kcarroll/Amsterdam_UMC_Klinische_Genetica_Internship/omnomnomics
Changed directory to experiment dir: /net/beegfs/scratch/kcarroll/Amsterdam_UMC_Klinische_Genetica_Internship/omnomnomics
Updated logfile path: omnomnomics.run.2024-06-07.log
2024-06-07 10:25:22: Job Start time: 1717748722.186723
2024-06-07 10:25:22: Experiment dir: /net/beegfs/scratch/kcarroll/Amsterdam_UMC_Klinische_Genetica_Internship/omnomnomics
2024-06-07 10:25:22: Run date: 2024-06-07
2024-06-07 10:25:22: Log file: omnomnomics.run.2024-06-07.log
2024-06-07 10:25:22: Files: 2
2024-06-07 10:25:22: Pairs: 1
2024-06-07 10:25:22: Paired run: True
2024-06-07 10:25:22: Type: RNA
2024-06-07 10:25:22: Genome: hg38
2024-06-07 10:25:22: Mode: 3
2024-06-07 10:25:22: Mode min: 3
2024-06-07 10:25:22: Mode max: 3
2024-06-07 10:25:22: Trim tool: skewer
2024-06-07 10:25:22: Map tool: hisat2
2024-06-07 10:25:22: Design formula: 1
2024-06-07 10:25:22: Metadata file: NA
2024-06-07 10:25:22: Input file (MACS3): NA
2024-06-07 10:25:22: Input file (HOMER): NA.HOMER_tagDir
2024-06-07 10:25:22: Broad peaks: NA
2024-06-07 10:25:22: Peak style: factor
2024-06-07 10:25:22: HOMER peaksize: 500
2024-06-07 10:25:22: HOMER minDist: 2000
2024-06-07 10:25:22: 250000M HEAP init
2024-06-07 10:25:22: 500000M memory per sample
2024-06-07 10:25:22: Hub type field: 1
2024-06-07 10:25:22: Hub name field: 1-3
2024-06-07 10:25:22: Hub col field: 2
2024-06-07 10:25:22: Hub separator: _
2024-06-07 10:25:22: Hub appendix: hub
2024-06-07 10:25:22: Hub overlay: transparentOverlay
2024-06-07 10:25:22: Hub coldata folder: ${OMNOM_HOME}/bin/color_data_for_hubs
2024-06-07 10:25:22: Hub color table: ${OMNOM_HOME}/bin/color_data_for_hubs/gray.tint.color.table
2024-06-07 10:25:22: Hub mail: m.dewinther@amsterdamumc.nl
trimmed_FASTQ
.trimmed.fastq.gz
trimmed_FASTQ/*.trimmed.fastq.gz
['trimmed_FASTQ/mouse_F_ldlr_PlaqueMacrophages_RNA_2301_DMSO_poolA_RK_I20231020_L004_R1_Skewer.trimmed.fastq.gz', 'trimmed_FASTQ/mouse_F_ldlr_PlaqueMacrophages_RNA_2301_DMSO_poolA_RK_I20231020_L004_R2_Skewer.trimmed.fastq.gz']
['mouse_F_ldlr_PlaqueMacrophages_RNA_2301_DMSO_poolA_RK_I20231020_L004', 'mouse_F_ldlr_PlaqueMacrophages_RNA_2301_DMSO_poolA_RK_I20231020_L004']
['mouse_F_ldlr_PlaqueMacrophages_RNA_2301_DMSO_poolA_RK_I20231020_L004']
{'1': 128, '2': 128, '3': 128, '4': 128, '5': 128, '6': 128, '7': 1, '8': 1, '9': 1, '10': 128, '11': 128, '12': 128, '13': 128}
2024-06-07 10:25:22: Checking snake rule functions...
2024-06-07 10:25:22: Workflow Snake rules Good!
[3]
BAM
.bam
['BAM/mouse_F_ldlr_PlaqueMacrophages_RNA_2301_DMSO_poolA_RK_I20231020_L004_HISAT2.bam', 'BAM/mouse_F_ldlr_PlaqueMacrophages_RNA_2301_DMSO_poolA_RK_I20231020_L004.HISAT2_stats.txt']
2024-06-07 10:25:23: Mapping reads...
2024-06-07 10:25:23: Input folder: trimmed_FASTQ
2024-06-07 10:25:23: Output folder: BAM
2024-06-07 10:25:23: Running HISAT2 in Paired End mode on RNA data.
2024-06-07 10:25:23: Launching: mouse_F_ldlr_PlaqueMacrophages_RNA_2301_DMSO_poolA_RK_I20231020_L004_R1_Skewer.trimmed.fastq.gz...
