Config file /net/beegfs/scratch/kcarroll/Amsterdam_UMC_Klinische_Genetica_Internship/omnomnomics/omnomnomics.run.2024-06-19.config.yaml is extended by additional config specified via the command line.
Building DAG of jobs...
Using shell: /usr/bin/bash
Provided cores: 2
Rules claiming more threads will be scaled down.
Provided resources: mem_mb=4000, mem_mib=3815, disk_mb=6954, disk_mib=6632
Select jobs to execute...

[Wed Jun 19 17:49:03 2024]
rule index_bam:
    input: filtered_BAM/human_MDM_DNA_H3K27Me3_Ctr_DMSO_F_d284_RK_I20221209.sorted.dups_marked.filtered.bam
    output: filtered_BAM/human_MDM_DNA_H3K27Me3_Ctr_DMSO_F_d284_RK_I20221209.sorted.dups_marked.filtered.bam.bai
    jobid: 0
    benchmark: filtered_BAM/human_MDM_DNA_H3K27Me3_Ctr_DMSO_F_d284_RK_I20221209_bamindex_benchmark.tsv
    reason: Missing output files: filtered_BAM/human_MDM_DNA_H3K27Me3_Ctr_DMSO_F_d284_RK_I20221209_bamindex_benchmark.tsv, filtered_BAM/human_MDM_DNA_H3K27Me3_Ctr_DMSO_F_d284_RK_I20221209.sorted.dups_marked.filtered.bam.bai
    wildcards: sample=human_MDM_DNA_H3K27Me3_Ctr_DMSO_F_d284_RK_I20221209
    resources: mem_mb=4000, mem_mib=3815, disk_mb=6954, disk_mib=6632, tmpdir=/tmp/kcarroll.5341977

[Wed Jun 19 17:50:22 2024]
Finished job 0.
1 of 1 steps (100%) done
2024-06-19 17:49:03: JOB DISPATCHED!
2024-06-19 17:49:03: Moved color table to experiment dir: gray.tint.color.table
2024-06-19 17:49:03: Changed directory to experiment dir: /net/beegfs/scratch/kcarroll/Amsterdam_UMC_Klinische_Genetica_Internship/omnomnomics
Changed directory to experiment dir: /net/beegfs/scratch/kcarroll/Amsterdam_UMC_Klinische_Genetica_Internship/omnomnomics
Updated logfile path: omnomnomics.run.2024-06-19.log
2024-06-19 17:49:03: Experiment dir: /net/beegfs/scratch/kcarroll/Amsterdam_UMC_Klinische_Genetica_Internship/omnomnomics
2024-06-19 17:49:03: Run date: 2024-06-19
2024-06-19 17:49:03: Log file: omnomnomics.run.2024-06-19.log
2024-06-19 17:49:03: Files: 1
2024-06-19 17:49:03: Pairs: 1
2024-06-19 17:49:03: Paired run: True
2024-06-19 17:49:03: Type: ATAC
2024-06-19 17:49:03: Genome: hg38
2024-06-19 17:49:03: Mode: 6 7
2024-06-19 17:49:03: Mode min: 6
2024-06-19 17:49:03: Mode max: 7
2024-06-19 17:49:03: Trim tool: skewer
2024-06-19 17:49:03: Map tool: hisat2
2024-06-19 17:49:03: Design formula: 1
2024-06-19 17:49:03: Metadata file: NA
2024-06-19 17:49:03: Input file (MACS3): NA
2024-06-19 17:49:03: Input file (HOMER): NA
2024-06-19 17:49:03: Broad peaks: NA
2024-06-19 17:49:03: Peak style: factor
2024-06-19 17:49:03: HOMER peaksize: 500
2024-06-19 17:49:03: HOMER minDist: 2000
2024-06-19 17:49:03: 250000M HEAP init
2024-06-19 17:49:03: 500000M memory per sample
2024-06-19 17:49:03: Hub type field: 1
2024-06-19 17:49:03: Hub name field: 1,2,8
2024-06-19 17:49:03: Hub col field: 2
2024-06-19 17:49:03: Hub separator: _
2024-06-19 17:49:03: Hub appendix: hub
2024-06-19 17:49:03: Hub overlay: transparentOverlay
2024-06-19 17:49:03: Hub coldata folder: /net/beegfs/scratch/kcarroll/Amsterdam_UMC_Klinische_Genetica_Internship/bin/color_data_for_hubs
2024-06-19 17:49:03: Hub color table: /net/beegfs/scratch/kcarroll/Amsterdam_UMC_Klinische_Genetica_Internship/bin/color_data_for_hubs/gray.tint.color.table
2024-06-19 17:49:03: Hub mail: m.dewinther@amsterdamumc.nl
filtered_BAM
.filtered.bam
filtered_BAM/*.filtered.bam
['filtered_BAM/human_MDM_DNA_H3K27Me3_Ctr_DMSO_F_d284_RK_I20221209.sorted.dups_marked.filtered.bam']
['human_MDM_DNA_H3K27Me3_Ctr_DMSO_F_d284_RK_I20221209']
['human_MDM_DNA_H3K27Me3_Ctr_DMSO_F_d284_RK_I20221209']
NUMBER OF SAMPLES = 1
{'1': 32, '2': 16, '3': 32, '4': 128, '5': 16, '6': 1, '7': 1, '8': 1, '9': 1, '10': 128, '11': 128, '12': 128, '13': 128}
2024-06-19 17:49:03: Checking snake rule functions...
2024-06-19 17:49:03: Workflow Snake rules Good!
[6, 7]
filtered_BAM
.sorted.dups_marked.filtered.bam.bai
['filtered_BAM/human_MDM_DNA_H3K27Me3_Ctr_DMSO_F_d284_RK_I20221209.sorted.dups_marked.filtered.bam.bai']
filtered_BAM
.sorted.dups_marked.filtered.bam.stats.txt
['filtered_BAM/human_MDM_DNA_H3K27Me3_Ctr_DMSO_F_d284_RK_I20221209.sorted.dups_marked.filtered.bam.bai', 'filtered_BAM/human_MDM_DNA_H3K27Me3_Ctr_DMSO_F_d284_RK_I20221209.sorted.dups_marked.filtered.bam.stats.txt']
2024-06-19 17:49:03: Index BAM files...
2024-06-19 17:49:03: Input folder: BAM
2024-06-19 17:49:03: Output folder: filtered_BAM
2024-06-19 17:49:03: Indexing human_MDM_DNA_H3K27Me3_Ctr_DMSO_F_d284_RK_I20221209
2024-06-19 17:49:04: 
samtools 1.17
Using htslib 1.17

2024-06-19 17:49:04: Sanity check completed
