Config file /net/beegfs/scratch/kcarroll/Amsterdam_UMC_Klinische_Genetica_Internship/omnomnomics/omnomnomics.run.2024-06-10.config.yaml is extended by additional config specified via the command line.
Building DAG of jobs...
Using shell: /usr/bin/bash
Provided cores: 128
Rules claiming more threads will be scaled down.
Provided resources: mem_mb=32000, mem_mib=30518, disk_mb=5899, disk_mib=5626
Select jobs to execute...

[Mon Jun 10 14:12:49 2024]
rule run_skewer:
    input: FASTQ/mouse_F_ldlr_PlaqueMacrophages_RNA_2301_DMSO_poolA_RK_I20231020_L004_R1.fastq.gz, FASTQ/mouse_F_ldlr_PlaqueMacrophages_RNA_2301_DMSO_poolA_RK_I20231020_L004_R2.fastq.gz
    output: trimmed_FASTQ/mouse_F_ldlr_PlaqueMacrophages_RNA_2301_DMSO_poolA_RK_I20231020_L004_R1_Skewer.trimmed.fastq.gz, trimmed_FASTQ/mouse_F_ldlr_PlaqueMacrophages_RNA_2301_DMSO_poolA_RK_I20231020_L004_R2_Skewer.trimmed.fastq.gz
    jobid: 0
    reason: Missing output files: trimmed_FASTQ/mouse_F_ldlr_PlaqueMacrophages_RNA_2301_DMSO_poolA_RK_I20231020_L004_R1_Skewer.trimmed.fastq.gz, trimmed_FASTQ/mouse_F_ldlr_PlaqueMacrophages_RNA_2301_DMSO_poolA_RK_I20231020_L004_R2_Skewer.trimmed.fastq.gz
    wildcards: sample=mouse_F_ldlr_PlaqueMacrophages_RNA_2301_DMSO_poolA_RK_I20231020_L004
    threads: 128
    resources: mem_mb=32000, mem_mib=30518, disk_mb=5899, disk_mib=5626, tmpdir=/tmp/kcarroll.5316961

.--. .-.
: .--': :.-.
`. `. : `'.' .--. .-..-..-. .--. .--.
_`, :: . `.' '_.': `; `; :' '_.': ..'
`.__.':_;:_;`.__.'`.__.__.'`.__.':_;
skewer v0.2.2 [April 4, 2016]
Parameters used:
-- 3' end adapter sequence (-x):[0;33m	AGATCGGAAGAGCACACGTCTGAACTCCAGTCAC
[0m-- paired 3' end adapter sequence (-y):[0;33m	AGATCGGAAGAGCGTCGTGTAGGGAAAGAGTGTA
[0m-- maximum error ratio allowed (-r):	0.100
-- maximum indel error ratio allowed (-d):	0.030
-- mean quality threshold (-Q):		15
-- end quality threshold (-q):		15
-- minimum read length allowed after trimming (-l):	18
-- file format (-f):		Sanger/Illumina 1.8+ FASTQ (auto detected)
-- number of concurrent threads (-t):	32
Mon Jun 10 14:12:50 2024[0;32m >> started[0m

Mon Jun 10 14:22:48 2024[0;32m >> done[0m (598.839s)
19143605 read pairs processed; of these:
      27 ( 0.00%) read pairs filtered out by quality control
     598 ( 0.00%) short read pairs filtered out after trimming by size control
  264373 ( 1.38%) empty read pairs filtered out after trimming by size control
18878607 (98.62%) read pairs available; of these:
 6078964 (32.20%) trimmed read pairs available after processing
12799643 (67.80%) untrimmed read pairs available after processing
log has been saved to "trimmed_FASTQ/mouse_F_ldlr_PlaqueMacrophages_RNA_2301_DMSO_poolA_RK_I20231020_L004-trimmed.log".
[Mon Jun 10 14:22:49 2024]
Finished job 0.
1 of 1 steps (100%) done
2024-06-10 14:12:47: JOB DISPATCHED!
2024-06-10 14:12:47: MAMBA_EXE: /net/beegfs/cfg/projects/dewintherlab/bin/micromamba
2024-06-10 14:12:47: Initializing shell...
2024-06-10 14:12:47: Sanity check completed
2024-06-10 14:12:47: Changed directory to experiment dir: /net/beegfs/scratch/kcarroll/Amsterdam_UMC_Klinische_Genetica_Internship/omnomnomics
Changed directory to experiment dir: /net/beegfs/scratch/kcarroll/Amsterdam_UMC_Klinische_Genetica_Internship/omnomnomics
Updated logfile path: omnomnomics.run.2024-06-10.log
2024-06-10 14:12:47: Job Start time: 1718021566.9880726
2024-06-10 14:12:47: Experiment dir: /net/beegfs/scratch/kcarroll/Amsterdam_UMC_Klinische_Genetica_Internship/omnomnomics
2024-06-10 14:12:47: Run date: 2024-06-10
2024-06-10 14:12:47: Log file: omnomnomics.run.2024-06-10.log
2024-06-10 14:12:47: Files: 2
2024-06-10 14:12:47: Pairs: 1
2024-06-10 14:12:47: Paired run: True
2024-06-10 14:12:47: Type: RNA
2024-06-10 14:12:47: Genome: hg38
2024-06-10 14:12:47: Mode: 1
2024-06-10 14:12:47: Mode min: 1
2024-06-10 14:12:47: Mode max: 1
2024-06-10 14:12:47: Trim tool: skewer
2024-06-10 14:12:47: Map tool: hisat2
2024-06-10 14:12:47: Design formula: 1
2024-06-10 14:12:47: Metadata file: NA
2024-06-10 14:12:47: Input file (MACS3): NA
2024-06-10 14:12:47: Input file (HOMER): NA.HOMER_tagDir
2024-06-10 14:12:47: Broad peaks: NA
2024-06-10 14:12:47: Peak style: factor
2024-06-10 14:12:47: HOMER peaksize: 500
2024-06-10 14:12:47: HOMER minDist: 2000
2024-06-10 14:12:47: 250000M HEAP init
2024-06-10 14:12:47: 500000M memory per sample
2024-06-10 14:12:47: Hub type field: 1
2024-06-10 14:12:47: Hub name field: 1-3
2024-06-10 14:12:47: Hub col field: 2
2024-06-10 14:12:47: Hub separator: _
2024-06-10 14:12:47: Hub appendix: hub
2024-06-10 14:12:47: Hub overlay: transparentOverlay
2024-06-10 14:12:47: Hub coldata folder: ${OMNOM_HOME}/bin/color_data_for_hubs
2024-06-10 14:12:47: Hub color table: ${OMNOM_HOME}/bin/color_data_for_hubs/gray.tint.color.table
2024-06-10 14:12:47: Hub mail: m.dewinther@amsterdamumc.nl
FASTQ
.fastq.gz
FASTQ/*.fastq.gz
['FASTQ/mouse_F_ldlr_PlaqueMacrophages_RNA_2301_DMSO_poolA_RK_I20231020_L004_R1.fastq.gz', 'FASTQ/mouse_F_ldlr_PlaqueMacrophages_RNA_2301_DMSO_poolA_RK_I20231020_L004_R2.fastq.gz']
['mouse_F_ldlr_PlaqueMacrophages_RNA_2301_DMSO_poolA_RK_I20231020_L004', 'mouse_F_ldlr_PlaqueMacrophages_RNA_2301_DMSO_poolA_RK_I20231020_L004']
['mouse_F_ldlr_PlaqueMacrophages_RNA_2301_DMSO_poolA_RK_I20231020_L004']
{'1': 128, '2': 128, '3': 128, '4': 128, '5': 128, '6': 128, '7': 1, '8': 1, '9': 1, '10': 128, '11': 128, '12': 128, '13': 128}
2024-06-10 14:12:47: Checking snake rule functions...
2024-06-10 14:12:47: Workflow Snake rules Good!
[1]
trimmed_FASTQ
.fastq.gz
['trimmed_FASTQ/mouse_F_ldlr_PlaqueMacrophages_RNA_2301_DMSO_poolA_RK_I20231020_L004_R1_Skewer.trimmed.fastq.gz', 'trimmed_FASTQ/mouse_F_ldlr_PlaqueMacrophages_RNA_2301_DMSO_poolA_RK_I20231020_L004_R2_Skewer.trimmed.fastq.gz']
2024-06-10 14:12:49: Trimming reads...
2024-06-10 14:12:49: Input folder: FASTQ
2024-06-10 14:12:49: Output folder: trimmed_FASTQ
2024-06-10 14:12:49: Trim Tool: skewer
2024-06-10 14:12:49: 
	skewer version: 0.2.2
	Author: Hongshan Jiang
	Last update: April 4, 2016

	skewer version: 0.2.2
	Author: Hongshan Jiang
	Last update: April 4, 2016

2024-06-10 14:12:49: Sanity check completed
2024-06-10 14:12:49: Running skewer in Paired End mode.
2024-06-10 14:22:49: Renaming trimmed results...
