Config file /net/beegfs/scratch/kcarroll/Amsterdam_UMC_Klinische_Genetica_Internship/omnomnomics/omnomnomics.run.2024-06-17.config.yaml is extended by additional config specified via the command line.
Building DAG of jobs...
Using shell: /usr/bin/bash
Provided cores: 128
Rules claiming more threads will be scaled down.
Provided resources: mem_mb=512000, mem_mib=488282, disk_mb=7817, disk_mib=7455
Select jobs to execute...

[Mon Jun 17 21:21:44 2024]
rule run_hisat2:
    input: trimmed_FASTQ/human_MDM_DNA_H3K27Me3_Ctr_DMSO_F_d284_RK_I20221209_L002_R1.trimmed.fastq.gz, trimmed_FASTQ/human_MDM_DNA_H3K27Me3_Ctr_DMSO_F_d284_RK_I20221209_L002_R2.trimmed.fastq.gz
    output: BAM/human_MDM_DNA_H3K27Me3_Ctr_DMSO_F_d284_RK_I20221209_L002.bam, BAM/human_MDM_DNA_H3K27Me3_Ctr_DMSO_F_d284_RK_I20221209_L002.HISAT2_stats.txt
    jobid: 0
    benchmark: BAM/human_MDM_DNA_H3K27Me3_Ctr_DMSO_F_d284_RK_I20221209_L002_benchmark.tsv
    reason: Missing output files: BAM/human_MDM_DNA_H3K27Me3_Ctr_DMSO_F_d284_RK_I20221209_L002_benchmark.tsv, BAM/human_MDM_DNA_H3K27Me3_Ctr_DMSO_F_d284_RK_I20221209_L002.HISAT2_stats.txt, BAM/human_MDM_DNA_H3K27Me3_Ctr_DMSO_F_d284_RK_I20221209_L002.bam
    wildcards: sample1=human_MDM_DNA_H3K27Me3_Ctr_DMSO_F_d284_RK_I20221209_L002
    threads: 128
    resources: mem_mb=512000, mem_mib=488282, disk_mb=7817, disk_mib=7455, tmpdir=/tmp/kcarroll.5336519

HISAT2 summary stats:
	Total pairs: 26501103
		Aligned concordantly or discordantly 0 time: 4159564 (15.70%)
		Aligned concordantly 1 time: 20244707 (76.39%)
		Aligned concordantly >1 times: 753560 (2.84%)
		Aligned discordantly 1 time: 1343272 (5.07%)
	Total unpaired reads: 8319128
		Aligned 0 time: 5670504 (68.16%)
		Aligned 1 time: 2260219 (27.17%)
		Aligned >1 times: 388405 (4.67%)
	Overall alignment rate: 89.30%
[Mon Jun 17 21:41:55 2024]
Finished job 0.
1 of 1 steps (100%) done
2024-06-17 21:21:44: JOB DISPATCHED!
2024-06-17 21:21:44: Changed directory to experiment dir: /net/beegfs/scratch/kcarroll/Amsterdam_UMC_Klinische_Genetica_Internship/omnomnomics
Changed directory to experiment dir: /net/beegfs/scratch/kcarroll/Amsterdam_UMC_Klinische_Genetica_Internship/omnomnomics
Updated logfile path: omnomnomics.run.2024-06-17.log
2024-06-17 21:21:44: Job Start time: 1718652104.2229614
2024-06-17 21:21:44: Experiment dir: /net/beegfs/scratch/kcarroll/Amsterdam_UMC_Klinische_Genetica_Internship/omnomnomics
2024-06-17 21:21:44: Run date: 2024-06-17
2024-06-17 21:21:44: Log file: omnomnomics.run.2024-06-17.log
2024-06-17 21:21:44: Files: 4
2024-06-17 21:21:44: Pairs: 2
2024-06-17 21:21:44: Paired run: True
2024-06-17 21:21:44: Type: CHIP
2024-06-17 21:21:44: Genome: hg38
2024-06-17 21:21:44: Mode: 3
2024-06-17 21:21:44: Mode min: 3
2024-06-17 21:21:44: Mode max: 3
2024-06-17 21:21:44: Trim tool: skewer
2024-06-17 21:21:44: Map tool: hisat2
2024-06-17 21:21:44: Design formula: 1
2024-06-17 21:21:44: Metadata file: NA
2024-06-17 21:21:44: Input file (MACS3): NA
2024-06-17 21:21:44: Input file (HOMER): NA.HOMER_tagDir
2024-06-17 21:21:44: Broad peaks: NA
2024-06-17 21:21:44: Peak style: factor
2024-06-17 21:21:44: HOMER peaksize: 500
2024-06-17 21:21:44: HOMER minDist: 2000
2024-06-17 21:21:44: 125000M HEAP init
2024-06-17 21:21:44: 250000M memory per sample
2024-06-17 21:21:44: Hub type field: 1
2024-06-17 21:21:44: Hub name field: 1-3
2024-06-17 21:21:44: Hub col field: 2
2024-06-17 21:21:44: Hub separator: _
2024-06-17 21:21:44: Hub appendix: hub
2024-06-17 21:21:44: Hub overlay: transparentOverlay
2024-06-17 21:21:44: Hub coldata folder: ${OMNOM_HOME}/bin/color_data_for_hubs
2024-06-17 21:21:44: Hub color table: ${OMNOM_HOME}/bin/color_data_for_hubs/gray.tint.color.table
2024-06-17 21:21:44: Hub mail: m.dewinther@amsterdamumc.nl
trimmed_FASTQ
.trimmed.fastq.gz
trimmed_FASTQ/*.trimmed.fastq.gz
['trimmed_FASTQ/human_MDM_DNA_H3K27Me3_Ctr_DMSO_F_d284_RK_I20221209_L002_R1.trimmed.fastq.gz', 'trimmed_FASTQ/mouse_F_ldlr_PlaqueMacrophages_RNA_2301_DMSO_poolA_RK_I20231020_L004_R1.trimmed.fastq.gz', 'trimmed_FASTQ/mouse_F_ldlr_PlaqueMacrophages_RNA_2301_DMSO_poolA_RK_I20231020_L004_R2.trimmed.fastq.gz', 'trimmed_FASTQ/human_MDM_DNA_H3K27Me3_Ctr_DMSO_F_d284_RK_I20221209_L002_R2.trimmed.fastq.gz']
['human_MDM_DNA_H3K27Me3_Ctr_DMSO_F_d284_RK_I20221209_L002', 'mouse_F_ldlr_PlaqueMacrophages_RNA_2301_DMSO_poolA_RK_I20231020_L004', 'mouse_F_ldlr_PlaqueMacrophages_RNA_2301_DMSO_poolA_RK_I20231020_L004', 'human_MDM_DNA_H3K27Me3_Ctr_DMSO_F_d284_RK_I20221209_L002']
['human_MDM_DNA_H3K27Me3_Ctr_DMSO_F_d284_RK_I20221209_L002', 'mouse_F_ldlr_PlaqueMacrophages_RNA_2301_DMSO_poolA_RK_I20231020_L004']
{'1': 128, '2': 128, '3': 128, '4': 128, '5': 128, '6': 128, '7': 1, '8': 1, '9': 1, '10': 128, '11': 128, '12': 128, '13': 128}
2024-06-17 21:21:44: Checking snake rule functions...
2024-06-17 21:21:44: Workflow Snake rules Good!
[3]
BAM
.bam
['BAM/human_MDM_DNA_H3K27Me3_Ctr_DMSO_F_d284_RK_I20221209_L002.bam', 'BAM/mouse_F_ldlr_PlaqueMacrophages_RNA_2301_DMSO_poolA_RK_I20231020_L004.bam', 'BAM/human_MDM_DNA_H3K27Me3_Ctr_DMSO_F_d284_RK_I20221209_L002.HISAT2_stats.txt', 'BAM/mouse_F_ldlr_PlaqueMacrophages_RNA_2301_DMSO_poolA_RK_I20231020_L004.HISAT2_stats.txt']
2024-06-17 21:21:44: Mapping reads...
2024-06-17 21:21:44: Input folder: trimmed_FASTQ
2024-06-17 21:21:44: Output folder: BAM
2024-06-17 21:21:44: 
/net/beegfs/cfg/projects/dewintherlab/bin/hisat2-2.1.0/hisat2-align-s version 2.1.0
64-bit
Built on login-node03
Wed Jun  7 15:53:42 EDT 2017
Compiler: gcc version 4.8.2 (GCC) 
Options: -O3 -m64 -msse2 -funroll-loops -g3 -DPOPCNT_CAPABILITY
Sizeof {int, long, long long, void*, size_t, off_t}: {4, 8, 8, 8, 8, 8}

/net/beegfs/cfg/projects/dewintherlab/bin/hisat2-2.1.0/hisat2-align-s version 2.1.0
64-bit
Built on login-node03
Wed Jun  7 15:53:42 EDT 2017
Compiler: gcc version 4.8.2 (GCC) 
Options: -O3 -m64 -msse2 -funroll-loops -g3 -DPOPCNT_CAPABILITY
Sizeof {int, long, long long, void*, size_t, off_t}: {4, 8, 8, 8, 8, 8}

2024-06-17 21:21:44: Sanity check completed
2024-06-17 21:21:44: Running HISAT2 in Paired End mode  on ChIP or ATAC data.
2024-06-17 21:21:44: Launching: human_MDM_DNA_H3K27Me3_Ctr_DMSO_F_d284_RK_I20221209_L002_R1.trimmed.fastq.gz...
