Config file /net/beegfs/scratch/kcarroll/Amsterdam_UMC_Klinische_Genetica_Internship/omnomnomics/omnomnomics.run.2024-06-19.config.yaml is extended by additional config specified via the command line.
Building DAG of jobs...
Using shell: /usr/bin/bash
Provided cores: 128
Rules claiming more threads will be scaled down.
Provided resources: mem_mb=512000, mem_mib=488282, disk_mb=2907, disk_mib=2773
Select jobs to execute...

[Wed Jun 19 21:57:11 2024]
rule run_skewer:
    input: FASTQ/mouse_F_ldlr_PlaqueMacrophages_RNA_2301_DMSO_poolA_RK_I20231020_L004_R1.fastq.gz
    output: trimmed_FASTQ/mouse_F_ldlr_PlaqueMacrophages_RNA_2301_DMSO_poolA_RK_I20231020_L004.trimmed.fastq.gz
    jobid: 0
    benchmark: trimmed_FASTQ/mouse_F_ldlr_PlaqueMacrophages_RNA_2301_DMSO_poolA_RK_I20231020_L004_skewer_benchmark.tsv
    reason: Missing output files: trimmed_FASTQ/mouse_F_ldlr_PlaqueMacrophages_RNA_2301_DMSO_poolA_RK_I20231020_L004_skewer_benchmark.tsv, trimmed_FASTQ/mouse_F_ldlr_PlaqueMacrophages_RNA_2301_DMSO_poolA_RK_I20231020_L004.trimmed.fastq.gz
    wildcards: sample=mouse_F_ldlr_PlaqueMacrophages_RNA_2301_DMSO_poolA_RK_I20231020_L004
    threads: 128
    resources: mem_mb=512000, mem_mib=488282, disk_mb=2907, disk_mib=2773, tmpdir=/tmp/kcarroll.5342018

.--. .-.
: .--': :.-.
`. `. : `'.' .--. .-..-..-. .--. .--.
_`, :: . `.' '_.': `; `; :' '_.': ..'
`.__.':_;:_;`.__.'`.__.__.'`.__.':_;
skewer v0.2.2 [April 4, 2016]
Parameters used:
-- 3' end adapter sequence (-x):[0;33m	AGATCGGAAGAGCACACGTCTGAACTCCAGTCAC
[0m-- maximum error ratio allowed (-r):	0.100
-- maximum indel error ratio allowed (-d):	0.030
-- mean quality threshold (-Q):		15
-- end quality threshold (-q):		15
-- minimum read length allowed after trimming (-l):	18
-- file format (-f):		Sanger/Illumina 1.8+ FASTQ (auto detected)
-- minimum overlap length for adapter detection (-k):	3
-- number of concurrent threads (-t):	32
Wed Jun 19 21:57:11 2024[0;32m >> started[0m

Wed Jun 19 22:06:43 2024[0;32m >> done[0m (571.775s)
19143605 reads processed; of these:
    3348 ( 0.02%) reads filtered out by quality control
     619 ( 0.00%) short reads filtered out after trimming by size control
  367612 ( 1.92%) empty reads filtered out after trimming by size control
18772026 (98.06%) reads available; of these:
 4626243 (24.64%) trimmed reads available after processing
14145783 (75.36%) untrimmed reads available after processing
log has been saved to "trimmed_FASTQ/mouse_F_ldlr_PlaqueMacrophages_RNA_2301_DMSO_poolA_RK_I20231020_L004-trimmed.log".
[Wed Jun 19 22:06:43 2024]
Finished job 0.
1 of 1 steps (100%) done
2024-06-19 21:57:10: JOB DISPATCHED!
2024-06-19 21:57:10: Moved color table to experiment dir: gray.tint.color.table
2024-06-19 21:57:10: Changed directory to experiment dir: /net/beegfs/scratch/kcarroll/Amsterdam_UMC_Klinische_Genetica_Internship/omnomnomics
Changed directory to experiment dir: /net/beegfs/scratch/kcarroll/Amsterdam_UMC_Klinische_Genetica_Internship/omnomnomics
Updated logfile path: omnomnomics.run.2024-06-19.log
2024-06-19 21:57:10: Experiment dir: /net/beegfs/scratch/kcarroll/Amsterdam_UMC_Klinische_Genetica_Internship/omnomnomics
2024-06-19 21:57:10: Run date: 2024-06-19
2024-06-19 21:57:10: Log file: omnomnomics.run.2024-06-19.log
2024-06-19 21:57:10: Files: 2
2024-06-19 21:57:10: Pairs: 2
2024-06-19 21:57:10: Paired run: False
2024-06-19 21:57:10: Type: RNA
2024-06-19 21:57:10: Genome: hg38
2024-06-19 21:57:10: Mode: 1 2 3
2024-06-19 21:57:10: Mode min: 1
2024-06-19 21:57:10: Mode max: 3
2024-06-19 21:57:10: Trim tool: skewer
2024-06-19 21:57:10: Map tool: hisat2
2024-06-19 21:57:10: Design formula: 1
2024-06-19 21:57:10: Metadata file: NA
2024-06-19 21:57:10: Input file (MACS3): NA
2024-06-19 21:57:10: Input file (HOMER): NA
2024-06-19 21:57:10: Broad peaks: NA
2024-06-19 21:57:10: Peak style: factor
2024-06-19 21:57:10: HOMER peaksize: 500
2024-06-19 21:57:10: HOMER minDist: 2000
2024-06-19 21:57:10: 125000M HEAP init
2024-06-19 21:57:10: 250000M memory per sample
2024-06-19 21:57:10: Hub type field: 1
2024-06-19 21:57:10: Hub name field: 1,2,8
2024-06-19 21:57:10: Hub col field: 2
2024-06-19 21:57:10: Hub separator: _
2024-06-19 21:57:10: Hub appendix: hub
2024-06-19 21:57:10: Hub overlay: transparentOverlay
2024-06-19 21:57:10: Hub coldata folder: /net/beegfs/scratch/kcarroll/Amsterdam_UMC_Klinische_Genetica_Internship/bin/color_data_for_hubs
2024-06-19 21:57:10: Hub color table: /net/beegfs/scratch/kcarroll/Amsterdam_UMC_Klinische_Genetica_Internship/bin/color_data_for_hubs/gray.tint.color.table
2024-06-19 21:57:10: Hub mail: m.dewinther@amsterdamumc.nl
FASTQ
.fastq.gz
FASTQ/*.fastq.gz
['FASTQ/mouse_F_ldlr_PlaqueMacrophages_RNA_2301_DMSO_poolB_RK_I20231020_L004_R1.fastq.gz', 'FASTQ/mouse_F_ldlr_PlaqueMacrophages_RNA_2301_DMSO_poolA_RK_I20231020_L004_R1.fastq.gz']
['mouse_F_ldlr_PlaqueMacrophages_RNA_2301_DMSO_poolB_RK_I20231020_L004', 'mouse_F_ldlr_PlaqueMacrophages_RNA_2301_DMSO_poolA_RK_I20231020_L004']
['mouse_F_ldlr_PlaqueMacrophages_RNA_2301_DMSO_poolB_RK_I20231020_L004', 'mouse_F_ldlr_PlaqueMacrophages_RNA_2301_DMSO_poolA_RK_I20231020_L004']
NUMBER OF SAMPLES = 2
{'1': 128, '2': 128, '3': 128, '4': 128, '5': 128, '6': 1, '7': 1, '8': 1, '9': 1, '10': 128, '11': 128, '12': 128, '13': 128}
2024-06-19 21:57:10: Checking snake rule functions...
2024-06-19 21:57:10: Workflow Snake rules Good!
[1, 2, 3]
trimmed_FASTQ
.trimmed.fastq.gz
['trimmed_FASTQ/mouse_F_ldlr_PlaqueMacrophages_RNA_2301_DMSO_poolB_RK_I20231020_L004.trimmed.fastq.gz', 'trimmed_FASTQ/mouse_F_ldlr_PlaqueMacrophages_RNA_2301_DMSO_poolA_RK_I20231020_L004.trimmed.fastq.gz']
fastqc_reports
['.trimmed_fastqc.html', '.trimmed_fastqc.zip']
['trimmed_FASTQ/mouse_F_ldlr_PlaqueMacrophages_RNA_2301_DMSO_poolB_RK_I20231020_L004.trimmed.fastq.gz', 'trimmed_FASTQ/mouse_F_ldlr_PlaqueMacrophages_RNA_2301_DMSO_poolA_RK_I20231020_L004.trimmed.fastq.gz', 'fastqc_reports/mouse_F_ldlr_PlaqueMacrophages_RNA_2301_DMSO_poolB_RK_I20231020_L004.trimmed_fastqc.html', 'fastqc_reports/mouse_F_ldlr_PlaqueMacrophages_RNA_2301_DMSO_poolA_RK_I20231020_L004.trimmed_fastqc.html', 'fastqc_reports/mouse_F_ldlr_PlaqueMacrophages_RNA_2301_DMSO_poolB_RK_I20231020_L004.trimmed_fastqc.zip', 'fastqc_reports/mouse_F_ldlr_PlaqueMacrophages_RNA_2301_DMSO_poolA_RK_I20231020_L004.trimmed_fastqc.zip']
BAM
.bam
['trimmed_FASTQ/mouse_F_ldlr_PlaqueMacrophages_RNA_2301_DMSO_poolB_RK_I20231020_L004.trimmed.fastq.gz', 'trimmed_FASTQ/mouse_F_ldlr_PlaqueMacrophages_RNA_2301_DMSO_poolA_RK_I20231020_L004.trimmed.fastq.gz', 'fastqc_reports/mouse_F_ldlr_PlaqueMacrophages_RNA_2301_DMSO_poolB_RK_I20231020_L004.trimmed_fastqc.html', 'fastqc_reports/mouse_F_ldlr_PlaqueMacrophages_RNA_2301_DMSO_poolA_RK_I20231020_L004.trimmed_fastqc.html', 'fastqc_reports/mouse_F_ldlr_PlaqueMacrophages_RNA_2301_DMSO_poolB_RK_I20231020_L004.trimmed_fastqc.zip', 'fastqc_reports/mouse_F_ldlr_PlaqueMacrophages_RNA_2301_DMSO_poolA_RK_I20231020_L004.trimmed_fastqc.zip', 'BAM/mouse_F_ldlr_PlaqueMacrophages_RNA_2301_DMSO_poolB_RK_I20231020_L004.bam', 'BAM/mouse_F_ldlr_PlaqueMacrophages_RNA_2301_DMSO_poolA_RK_I20231020_L004.bam', 'BAM/mouse_F_ldlr_PlaqueMacrophages_RNA_2301_DMSO_poolB_RK_I20231020_L004.extra_3.tmp', 'BAM/mouse_F_ldlr_PlaqueMacrophages_RNA_2301_DMSO_poolA_RK_I20231020_L004.extra_3.tmp', 'BAM/mouse_F_ldlr_PlaqueMacrophages_RNA_2301_DMSO_poolB_RK_I20231020_L004.HISAT2_stats.txt', 'BAM/mouse_F_ldlr_PlaqueMacrophages_RNA_2301_DMSO_poolA_RK_I20231020_L004.HISAT2_stats.txt']
2024-06-19 21:57:11: Trimming reads...
2024-06-19 21:57:11: Input folder: FASTQ
2024-06-19 21:57:11: Output folder: trimmed_FASTQ
2024-06-19 21:57:11: Trim Tool: skewer
2024-06-19 21:57:11: 
	skewer version: 0.2.2
	Author: Hongshan Jiang
	Last update: April 4, 2016

2024-06-19 21:57:11: Sanity check completed
2024-06-19 21:57:11: Running skewer in Single End mode.
2024-06-19 22:06:43: Renaming trimmed results...
