Config file /net/beegfs/scratch/kcarroll/Amsterdam_UMC_Klinische_Genetica_Internship/omnomnomics/omnomnomics.run.2024-06-17.config.yaml is extended by additional config specified via the command line.
Building DAG of jobs...
Using shell: /usr/bin/bash
Provided cores: 128
Rules claiming more threads will be scaled down.
Provided resources: mem_mb=512000, mem_mib=488282, disk_mb=9655, disk_mib=9208
Select jobs to execute...

[Mon Jun 17 16:52:54 2024]
rule run_skewer:
    input: FASTQ/human_MDM_DNA_H3K27Me3_Ctr_DMSO_F_d284_RK_I20221209_L002_R1.fastq.gz, FASTQ/human_MDM_DNA_H3K27Me3_Ctr_DMSO_F_d284_RK_I20221209_L002_R2.fastq.gz
    output: trimmed_FASTQ/human_MDM_DNA_H3K27Me3_Ctr_DMSO_F_d284_RK_I20221209_L002_R1.trimmed.fastq.gz, trimmed_FASTQ/human_MDM_DNA_H3K27Me3_Ctr_DMSO_F_d284_RK_I20221209_L002_R2.trimmed.fastq.gz
    jobid: 0
    benchmark: trimmed_FASTQ/human_MDM_DNA_H3K27Me3_Ctr_DMSO_F_d284_RK_I20221209_L002_benchmark.tsv
    reason: Missing output files: trimmed_FASTQ/human_MDM_DNA_H3K27Me3_Ctr_DMSO_F_d284_RK_I20221209_L002_benchmark.tsv, trimmed_FASTQ/human_MDM_DNA_H3K27Me3_Ctr_DMSO_F_d284_RK_I20221209_L002_R2.trimmed.fastq.gz, trimmed_FASTQ/human_MDM_DNA_H3K27Me3_Ctr_DMSO_F_d284_RK_I20221209_L002_R1.trimmed.fastq.gz
    wildcards: sample=human_MDM_DNA_H3K27Me3_Ctr_DMSO_F_d284_RK_I20221209_L002
    threads: 128
    resources: mem_mb=512000, mem_mib=488282, disk_mb=9655, disk_mib=9208, tmpdir=/tmp/kcarroll.5336283

.--. .-.
: .--': :.-.
`. `. : `'.' .--. .-..-..-. .--. .--.
_`, :: . `.' '_.': `; `; :' '_.': ..'
`.__.':_;:_;`.__.'`.__.__.'`.__.':_;
skewer v0.2.2 [April 4, 2016]
Parameters used:
-- 3' end adapter sequence (-x):[0;33m	AGATCGGAAGAGCACACGTCTGAACTCCAGTCAC
[0m-- paired 3' end adapter sequence (-y):[0;33m	AGATCGGAAGAGCGTCGTGTAGGGAAAGAGTGTA
[0m-- maximum error ratio allowed (-r):	0.100
-- maximum indel error ratio allowed (-d):	0.030
-- mean quality threshold (-Q):		15
-- end quality threshold (-q):		15
-- minimum read length allowed after trimming (-l):	18
-- file format (-f):		Sanger/Illumina 1.8+ FASTQ (auto detected)
-- number of concurrent threads (-t):	32
Mon Jun 17 16:52:54 2024[0;32m >> started[0m

Mon Jun 17 17:10:00 2024[0;32m >> done[0m (1025.677s)
26503418 read pairs processed; of these:
      90 ( 0.00%) short read pairs filtered out after trimming by size control
  556014 ( 2.10%) empty read pairs filtered out after trimming by size control
25947314 (97.90%) read pairs available; of these:
 4568900 (17.61%) trimmed read pairs available after processing
21378414 (82.39%) untrimmed read pairs available after processing
log has been saved to "trimmed_FASTQ/human_MDM_DNA_H3K27Me3_Ctr_DMSO_F_d284_RK_I20221209_L002-trimmed.log".
[Mon Jun 17 17:10:01 2024]
Finished job 0.
1 of 1 steps (100%) done
2024-06-17 16:52:53: JOB DISPATCHED!
2024-06-17 16:52:53: Changed directory to experiment dir: /net/beegfs/scratch/kcarroll/Amsterdam_UMC_Klinische_Genetica_Internship/omnomnomics
Changed directory to experiment dir: /net/beegfs/scratch/kcarroll/Amsterdam_UMC_Klinische_Genetica_Internship/omnomnomics
Updated logfile path: omnomnomics.run.2024-06-17.log
2024-06-17 16:52:53: Job Start time: 1718635973.8344903
2024-06-17 16:52:53: Experiment dir: /net/beegfs/scratch/kcarroll/Amsterdam_UMC_Klinische_Genetica_Internship/omnomnomics
2024-06-17 16:52:53: Run date: 2024-06-17
2024-06-17 16:52:53: Log file: omnomnomics.run.2024-06-17.log
2024-06-17 16:52:53: Files: 2
2024-06-17 16:52:53: Pairs: 1
2024-06-17 16:52:53: Paired run: True
2024-06-17 16:52:53: Type: CHIP
2024-06-17 16:52:53: Genome: hg38
2024-06-17 16:52:53: Mode: 1
2024-06-17 16:52:53: Mode min: 1
2024-06-17 16:52:53: Mode max: 1
2024-06-17 16:52:53: Trim tool: skewer
2024-06-17 16:52:53: Map tool: hisat2
2024-06-17 16:52:53: Design formula: 1
2024-06-17 16:52:53: Metadata file: NA
2024-06-17 16:52:53: Input file (MACS3): NA
2024-06-17 16:52:53: Input file (HOMER): NA.HOMER_tagDir
2024-06-17 16:52:53: Broad peaks: NA
2024-06-17 16:52:53: Peak style: factor
2024-06-17 16:52:53: HOMER peaksize: 500
2024-06-17 16:52:53: HOMER minDist: 2000
2024-06-17 16:52:53: 250000M HEAP init
2024-06-17 16:52:53: 500000M memory per sample
2024-06-17 16:52:53: Hub type field: 1
2024-06-17 16:52:53: Hub name field: 1-3
2024-06-17 16:52:53: Hub col field: 2
2024-06-17 16:52:53: Hub separator: _
2024-06-17 16:52:53: Hub appendix: hub
2024-06-17 16:52:53: Hub overlay: transparentOverlay
2024-06-17 16:52:53: Hub coldata folder: ${OMNOM_HOME}/bin/color_data_for_hubs
2024-06-17 16:52:53: Hub color table: ${OMNOM_HOME}/bin/color_data_for_hubs/gray.tint.color.table
2024-06-17 16:52:53: Hub mail: m.dewinther@amsterdamumc.nl
FASTQ
.fastq.gz
FASTQ/*.fastq.gz
['FASTQ/human_MDM_DNA_H3K27Me3_Ctr_DMSO_F_d284_RK_I20221209_L002_R1.fastq.gz', 'FASTQ/human_MDM_DNA_H3K27Me3_Ctr_DMSO_F_d284_RK_I20221209_L002_R2.fastq.gz']
['human_MDM_DNA_H3K27Me3_Ctr_DMSO_F_d284_RK_I20221209_L002', 'human_MDM_DNA_H3K27Me3_Ctr_DMSO_F_d284_RK_I20221209_L002']
['human_MDM_DNA_H3K27Me3_Ctr_DMSO_F_d284_RK_I20221209_L002']
{'1': 128, '2': 128, '3': 128, '4': 128, '5': 128, '6': 128, '7': 1, '8': 1, '9': 1, '10': 128, '11': 128, '12': 128, '13': 128}
2024-06-17 16:52:53: Checking snake rule functions...
2024-06-17 16:52:53: Workflow Snake rules Good!
[1]
trimmed_FASTQ
.trimmed.fastq.gz
['trimmed_FASTQ/human_MDM_DNA_H3K27Me3_Ctr_DMSO_F_d284_RK_I20221209_L002_R1.trimmed.fastq.gz', 'trimmed_FASTQ/human_MDM_DNA_H3K27Me3_Ctr_DMSO_F_d284_RK_I20221209_L002_R2.trimmed.fastq.gz']
2024-06-17 16:52:54: Trimming reads...
2024-06-17 16:52:54: Input folder: FASTQ
2024-06-17 16:52:54: Output folder: trimmed_FASTQ
2024-06-17 16:52:54: Trim Tool: skewer
2024-06-17 16:52:54: 
	skewer version: 0.2.2
	Author: Hongshan Jiang
	Last update: April 4, 2016

	skewer version: 0.2.2
	Author: Hongshan Jiang
	Last update: April 4, 2016

2024-06-17 16:52:54: Sanity check completed
2024-06-17 16:52:54: Running skewer in Paired End mode.
2024-06-17 17:10:00: Renaming trimmed results...
