Config file /net/beegfs/scratch/kcarroll/Amsterdam_UMC_Klinische_Genetica_Internship/omnomnomics/omnomnomics.run.2024-06-19.config.yaml is extended by additional config specified via the command line.
Building DAG of jobs...
Using shell: /usr/bin/bash
Provided cores: 128
Rules claiming more threads will be scaled down.
Provided resources: mem_mb=512000, mem_mib=488282, disk_mb=2370, disk_mib=2261
Select jobs to execute...

[Wed Jun 19 22:06:55 2024]
rule run_hisat2:
    input: trimmed_FASTQ/mouse_F_ldlr_PlaqueMacrophages_RNA_2301_DMSO_poolA_RK_I20231020_L004.trimmed.fastq.gz
    output: BAM/mouse_F_ldlr_PlaqueMacrophages_RNA_2301_DMSO_poolA_RK_I20231020_L004.bam, BAM/mouse_F_ldlr_PlaqueMacrophages_RNA_2301_DMSO_poolA_RK_I20231020_L004.HISAT2_stats.txt, BAM/mouse_F_ldlr_PlaqueMacrophages_RNA_2301_DMSO_poolA_RK_I20231020_L004.extra_3.tmp
    jobid: 0
    benchmark: BAM/mouse_F_ldlr_PlaqueMacrophages_RNA_2301_DMSO_poolA_RK_I20231020_L004_hisat2_benchmark.tsv
    reason: Missing output files: BAM/mouse_F_ldlr_PlaqueMacrophages_RNA_2301_DMSO_poolA_RK_I20231020_L004.extra_3.tmp, BAM/mouse_F_ldlr_PlaqueMacrophages_RNA_2301_DMSO_poolA_RK_I20231020_L004.bam, BAM/mouse_F_ldlr_PlaqueMacrophages_RNA_2301_DMSO_poolA_RK_I20231020_L004_hisat2_benchmark.tsv, BAM/mouse_F_ldlr_PlaqueMacrophages_RNA_2301_DMSO_poolA_RK_I20231020_L004.HISAT2_stats.txt
    wildcards: sample1=mouse_F_ldlr_PlaqueMacrophages_RNA_2301_DMSO_poolA_RK_I20231020_L004
    threads: 128
    resources: mem_mb=512000, mem_mib=488282, disk_mb=2370, disk_mib=2261, tmpdir=/tmp/kcarroll.5342024

HISAT2 summary stats:
	Total reads: 18772026
		Aligned 0 time: 16790224 (89.44%)
		Aligned 1 time: 70074 (0.37%)
		Aligned >1 times: 1911728 (10.18%)
	Overall alignment rate: 10.56%
[Wed Jun 19 22:13:29 2024]
Finished job 0.
1 of 1 steps (100%) done
2024-06-19 22:06:54: JOB DISPATCHED!
2024-06-19 22:06:54: Moved color table to experiment dir: gray.tint.color.table
2024-06-19 22:06:54: Changed directory to experiment dir: /net/beegfs/scratch/kcarroll/Amsterdam_UMC_Klinische_Genetica_Internship/omnomnomics
Changed directory to experiment dir: /net/beegfs/scratch/kcarroll/Amsterdam_UMC_Klinische_Genetica_Internship/omnomnomics
Updated logfile path: omnomnomics.run.2024-06-19.log
2024-06-19 22:06:54: Experiment dir: /net/beegfs/scratch/kcarroll/Amsterdam_UMC_Klinische_Genetica_Internship/omnomnomics
2024-06-19 22:06:54: Run date: 2024-06-19
2024-06-19 22:06:54: Log file: omnomnomics.run.2024-06-19.log
2024-06-19 22:06:54: Files: 2
2024-06-19 22:06:54: Pairs: 2
2024-06-19 22:06:54: Paired run: False
2024-06-19 22:06:54: Type: RNA
2024-06-19 22:06:54: Genome: hg38
2024-06-19 22:06:54: Mode: 1 2 3
2024-06-19 22:06:54: Mode min: 1
2024-06-19 22:06:54: Mode max: 3
2024-06-19 22:06:54: Trim tool: skewer
2024-06-19 22:06:54: Map tool: hisat2
2024-06-19 22:06:54: Design formula: 1
2024-06-19 22:06:54: Metadata file: NA
2024-06-19 22:06:54: Input file (MACS3): NA
2024-06-19 22:06:54: Input file (HOMER): NA
2024-06-19 22:06:54: Broad peaks: NA
2024-06-19 22:06:54: Peak style: factor
2024-06-19 22:06:54: HOMER peaksize: 500
2024-06-19 22:06:54: HOMER minDist: 2000
2024-06-19 22:06:54: 125000M HEAP init
2024-06-19 22:06:54: 250000M memory per sample
2024-06-19 22:06:54: Hub type field: 1
2024-06-19 22:06:54: Hub name field: 1,2,8
2024-06-19 22:06:54: Hub col field: 2
2024-06-19 22:06:54: Hub separator: _
2024-06-19 22:06:54: Hub appendix: hub
2024-06-19 22:06:54: Hub overlay: transparentOverlay
2024-06-19 22:06:54: Hub coldata folder: /net/beegfs/scratch/kcarroll/Amsterdam_UMC_Klinische_Genetica_Internship/bin/color_data_for_hubs
2024-06-19 22:06:54: Hub color table: /net/beegfs/scratch/kcarroll/Amsterdam_UMC_Klinische_Genetica_Internship/bin/color_data_for_hubs/gray.tint.color.table
2024-06-19 22:06:54: Hub mail: m.dewinther@amsterdamumc.nl
FASTQ
.fastq.gz
FASTQ/*.fastq.gz
['FASTQ/mouse_F_ldlr_PlaqueMacrophages_RNA_2301_DMSO_poolB_RK_I20231020_L004_R1.fastq.gz', 'FASTQ/mouse_F_ldlr_PlaqueMacrophages_RNA_2301_DMSO_poolA_RK_I20231020_L004_R1.fastq.gz']
['mouse_F_ldlr_PlaqueMacrophages_RNA_2301_DMSO_poolB_RK_I20231020_L004', 'mouse_F_ldlr_PlaqueMacrophages_RNA_2301_DMSO_poolA_RK_I20231020_L004']
['mouse_F_ldlr_PlaqueMacrophages_RNA_2301_DMSO_poolA_RK_I20231020_L004', 'mouse_F_ldlr_PlaqueMacrophages_RNA_2301_DMSO_poolB_RK_I20231020_L004']
NUMBER OF SAMPLES = 2
{'1': 128, '2': 128, '3': 128, '4': 128, '5': 128, '6': 1, '7': 1, '8': 1, '9': 1, '10': 128, '11': 128, '12': 128, '13': 128}
2024-06-19 22:06:54: Checking snake rule functions...
2024-06-19 22:06:55: Workflow Snake rules Good!
[1, 2, 3]
trimmed_FASTQ
.trimmed.fastq.gz
['trimmed_FASTQ/mouse_F_ldlr_PlaqueMacrophages_RNA_2301_DMSO_poolA_RK_I20231020_L004.trimmed.fastq.gz', 'trimmed_FASTQ/mouse_F_ldlr_PlaqueMacrophages_RNA_2301_DMSO_poolB_RK_I20231020_L004.trimmed.fastq.gz']
fastqc_reports
['.trimmed_fastqc.html', '.trimmed_fastqc.zip']
['trimmed_FASTQ/mouse_F_ldlr_PlaqueMacrophages_RNA_2301_DMSO_poolA_RK_I20231020_L004.trimmed.fastq.gz', 'trimmed_FASTQ/mouse_F_ldlr_PlaqueMacrophages_RNA_2301_DMSO_poolB_RK_I20231020_L004.trimmed.fastq.gz', 'fastqc_reports/mouse_F_ldlr_PlaqueMacrophages_RNA_2301_DMSO_poolA_RK_I20231020_L004.trimmed_fastqc.html', 'fastqc_reports/mouse_F_ldlr_PlaqueMacrophages_RNA_2301_DMSO_poolB_RK_I20231020_L004.trimmed_fastqc.html', 'fastqc_reports/mouse_F_ldlr_PlaqueMacrophages_RNA_2301_DMSO_poolA_RK_I20231020_L004.trimmed_fastqc.zip', 'fastqc_reports/mouse_F_ldlr_PlaqueMacrophages_RNA_2301_DMSO_poolB_RK_I20231020_L004.trimmed_fastqc.zip']
BAM
.bam
['trimmed_FASTQ/mouse_F_ldlr_PlaqueMacrophages_RNA_2301_DMSO_poolA_RK_I20231020_L004.trimmed.fastq.gz', 'trimmed_FASTQ/mouse_F_ldlr_PlaqueMacrophages_RNA_2301_DMSO_poolB_RK_I20231020_L004.trimmed.fastq.gz', 'fastqc_reports/mouse_F_ldlr_PlaqueMacrophages_RNA_2301_DMSO_poolA_RK_I20231020_L004.trimmed_fastqc.html', 'fastqc_reports/mouse_F_ldlr_PlaqueMacrophages_RNA_2301_DMSO_poolB_RK_I20231020_L004.trimmed_fastqc.html', 'fastqc_reports/mouse_F_ldlr_PlaqueMacrophages_RNA_2301_DMSO_poolA_RK_I20231020_L004.trimmed_fastqc.zip', 'fastqc_reports/mouse_F_ldlr_PlaqueMacrophages_RNA_2301_DMSO_poolB_RK_I20231020_L004.trimmed_fastqc.zip', 'BAM/mouse_F_ldlr_PlaqueMacrophages_RNA_2301_DMSO_poolA_RK_I20231020_L004.bam', 'BAM/mouse_F_ldlr_PlaqueMacrophages_RNA_2301_DMSO_poolB_RK_I20231020_L004.bam', 'BAM/mouse_F_ldlr_PlaqueMacrophages_RNA_2301_DMSO_poolA_RK_I20231020_L004.extra_3.tmp', 'BAM/mouse_F_ldlr_PlaqueMacrophages_RNA_2301_DMSO_poolB_RK_I20231020_L004.extra_3.tmp', 'BAM/mouse_F_ldlr_PlaqueMacrophages_RNA_2301_DMSO_poolA_RK_I20231020_L004.HISAT2_stats.txt', 'BAM/mouse_F_ldlr_PlaqueMacrophages_RNA_2301_DMSO_poolB_RK_I20231020_L004.HISAT2_stats.txt']
2024-06-19 22:06:56: Mapping reads...
2024-06-19 22:06:56: Input folder: trimmed_FASTQ
2024-06-19 22:06:56: Output folder: BAM
2024-06-19 22:06:56: 
/net/beegfs/cfg/projects/dewintherlab/bin/hisat2-2.1.0/hisat2-align-s version 2.1.0
64-bit
Built on login-node03
Wed Jun  7 15:53:42 EDT 2017
Compiler: gcc version 4.8.2 (GCC) 
Options: -O3 -m64 -msse2 -funroll-loops -g3 -DPOPCNT_CAPABILITY
Sizeof {int, long, long long, void*, size_t, off_t}: {4, 8, 8, 8, 8, 8}

2024-06-19 22:06:56: Sanity check completed
2024-06-19 22:06:56: Running HISAT2 in Single End mode on RNA data.
