Config file /net/beegfs/scratch/kcarroll/Amsterdam_UMC_Klinische_Genetica_Internship/omnomnomics/omnomnomics.run.2024-06-17.config.yaml is extended by additional config specified via the command line.
Building DAG of jobs...
Using shell: /usr/bin/bash
Provided cores: 128
Rules claiming more threads will be scaled down.
Provided resources: mem_mb=512000, mem_mib=488282, disk_mb=9655, disk_mib=9208
Select jobs to execute...

[Mon Jun 17 20:04:37 2024]
rule run_trimmomatic:
    input: FASTQ/human_MDM_DNA_H3K27Me3_Ctr_DMSO_F_d284_RK_I20221209_L002_R1.fastq.gz, FASTQ/human_MDM_DNA_H3K27Me3_Ctr_DMSO_F_d284_RK_I20221209_L002_R2.fastq.gz
    output: trimmed_FASTQ/human_MDM_DNA_H3K27Me3_Ctr_DMSO_F_d284_RK_I20221209_L002_R1.trimmed.fastq.gz, trimmed_FASTQ/human_MDM_DNA_H3K27Me3_Ctr_DMSO_F_d284_RK_I20221209_L002_R2.trimmed.fastq.gz
    jobid: 0
    reason: Missing output files: trimmed_FASTQ/human_MDM_DNA_H3K27Me3_Ctr_DMSO_F_d284_RK_I20221209_L002_R1.trimmed.fastq.gz, trimmed_FASTQ/human_MDM_DNA_H3K27Me3_Ctr_DMSO_F_d284_RK_I20221209_L002_R2.trimmed.fastq.gz
    wildcards: sample=human_MDM_DNA_H3K27Me3_Ctr_DMSO_F_d284_RK_I20221209_L002
    threads: 128
    resources: mem_mb=512000, mem_mib=488282, disk_mb=9655, disk_mib=9208, tmpdir=/tmp/kcarroll.5336468

TrimmomaticPE: Started with arguments:
 -threads 128 -baseout trimmed_FASTQ/human_MDM_DNA_H3K27Me3_Ctr_DMSO_F_d284_RK_I20221209_L002.trimmed.fastq.gz FASTQ/human_MDM_DNA_H3K27Me3_Ctr_DMSO_F_d284_RK_I20221209_L002_R1.fastq.gz FASTQ/human_MDM_DNA_H3K27Me3_Ctr_DMSO_F_d284_RK_I20221209_L002_R2.fastq.gz ILLUMINACLIP:/net/beegfs/cfg/projects/dewintherlab/bin/Trimmomatic-0.39/adapters/TruSeq3-PE.fa:2:30:10:2:True LEADING:3 TRAILING:3 MINLEN:36
Using templated Output files: trimmed_FASTQ/human_MDM_DNA_H3K27Me3_Ctr_DMSO_F_d284_RK_I20221209_L002.trimmed_1P.fastq.gz trimmed_FASTQ/human_MDM_DNA_H3K27Me3_Ctr_DMSO_F_d284_RK_I20221209_L002.trimmed_1U.fastq.gz trimmed_FASTQ/human_MDM_DNA_H3K27Me3_Ctr_DMSO_F_d284_RK_I20221209_L002.trimmed_2P.fastq.gz trimmed_FASTQ/human_MDM_DNA_H3K27Me3_Ctr_DMSO_F_d284_RK_I20221209_L002.trimmed_2U.fastq.gz
Using PrefixPair: 'TACACTCTTTCCCTACACGACGCTCTTCCGATCT' and 'GTGACTGGAGTTCAGACGTGTGCTCTTCCGATCT'
ILLUMINACLIP: Using 1 prefix pairs, 0 forward/reverse sequences, 0 forward only sequences, 0 reverse only sequences
Quality encoding detected as phred33
Input Read Pairs: 26503418 Both Surviving: 26501103 (99.99%) Forward Only Surviving: 0 (0.00%) Reverse Only Surviving: 0 (0.00%) Dropped: 2315 (0.01%)
TrimmomaticPE: Completed successfully
[Mon Jun 17 20:22:22 2024]
Finished job 0.
1 of 1 steps (100%) done
2024-06-17 20:04:37: JOB DISPATCHED!
2024-06-17 20:04:37: Changed directory to experiment dir: /net/beegfs/scratch/kcarroll/Amsterdam_UMC_Klinische_Genetica_Internship/omnomnomics
Changed directory to experiment dir: /net/beegfs/scratch/kcarroll/Amsterdam_UMC_Klinische_Genetica_Internship/omnomnomics
Updated logfile path: omnomnomics.run.2024-06-17.log
2024-06-17 20:04:37: Job Start time: 1718647477.3142638
2024-06-17 20:04:37: Experiment dir: /net/beegfs/scratch/kcarroll/Amsterdam_UMC_Klinische_Genetica_Internship/omnomnomics
2024-06-17 20:04:37: Run date: 2024-06-17
2024-06-17 20:04:37: Log file: omnomnomics.run.2024-06-17.log
2024-06-17 20:04:37: Files: 2
2024-06-17 20:04:37: Pairs: 1
2024-06-17 20:04:37: Paired run: True
2024-06-17 20:04:37: Type: CHIP
2024-06-17 20:04:37: Genome: hg38
2024-06-17 20:04:37: Mode: 1
2024-06-17 20:04:37: Mode min: 1
2024-06-17 20:04:37: Mode max: 1
2024-06-17 20:04:37: Trim tool: trimmomatic
2024-06-17 20:04:37: Map tool: hisat2
2024-06-17 20:04:37: Design formula: 1
2024-06-17 20:04:37: Metadata file: NA
2024-06-17 20:04:37: Input file (MACS3): NA
2024-06-17 20:04:37: Input file (HOMER): NA.HOMER_tagDir
2024-06-17 20:04:37: Broad peaks: NA
2024-06-17 20:04:37: Peak style: factor
2024-06-17 20:04:37: HOMER peaksize: 500
2024-06-17 20:04:37: HOMER minDist: 2000
2024-06-17 20:04:37: 250000M HEAP init
2024-06-17 20:04:37: 500000M memory per sample
2024-06-17 20:04:37: Hub type field: 1
2024-06-17 20:04:37: Hub name field: 1-3
2024-06-17 20:04:37: Hub col field: 2
2024-06-17 20:04:37: Hub separator: _
2024-06-17 20:04:37: Hub appendix: hub
2024-06-17 20:04:37: Hub overlay: transparentOverlay
2024-06-17 20:04:37: Hub coldata folder: ${OMNOM_HOME}/bin/color_data_for_hubs
2024-06-17 20:04:37: Hub color table: ${OMNOM_HOME}/bin/color_data_for_hubs/gray.tint.color.table
2024-06-17 20:04:37: Hub mail: m.dewinther@amsterdamumc.nl
FASTQ
.fastq.gz
FASTQ/*.fastq.gz
['FASTQ/human_MDM_DNA_H3K27Me3_Ctr_DMSO_F_d284_RK_I20221209_L002_R1.fastq.gz', 'FASTQ/human_MDM_DNA_H3K27Me3_Ctr_DMSO_F_d284_RK_I20221209_L002_R2.fastq.gz']
['human_MDM_DNA_H3K27Me3_Ctr_DMSO_F_d284_RK_I20221209_L002', 'human_MDM_DNA_H3K27Me3_Ctr_DMSO_F_d284_RK_I20221209_L002']
['human_MDM_DNA_H3K27Me3_Ctr_DMSO_F_d284_RK_I20221209_L002']
{'1': 128, '2': 128, '3': 128, '4': 128, '5': 128, '6': 128, '7': 1, '8': 1, '9': 1, '10': 128, '11': 128, '12': 128, '13': 128}
2024-06-17 20:04:37: Checking snake rule functions...
2024-06-17 20:04:37: Workflow Snake rules Good!
[1]
trimmed_FASTQ
.trimmed.fastq.gz
['trimmed_FASTQ/human_MDM_DNA_H3K27Me3_Ctr_DMSO_F_d284_RK_I20221209_L002_R1.trimmed.fastq.gz', 'trimmed_FASTQ/human_MDM_DNA_H3K27Me3_Ctr_DMSO_F_d284_RK_I20221209_L002_R2.trimmed.fastq.gz']
2024-06-17 20:04:37: Trimming Reads...
2024-06-17 20:04:37: Input folder: FASTQ
2024-06-17 20:04:37: Output folder: trimmed_FASTQ
2024-06-17 20:04:37: Trim Tool: trimmomatic
2024-06-17 20:04:37: Trim Heap: 125000M
2024-06-17 20:04:37: Trim Mem: 250000M
2024-06-17 20:04:37: Sanity check completed
2024-06-17 20:04:37: Running trimmomatic in Paired End mode.
2024-06-17 20:22:22: Renaming trimmed results ...
2024-06-17 20:22:22: Removing unpaired files
