Config file /net/beegfs/scratch/kcarroll/Amsterdam_UMC_Klinische_Genetica_Internship/omnomnomics/omnomnomics.run.2024-06-13.config.yaml is extended by additional config specified via the command line.
Building DAG of jobs...
Using shell: /usr/bin/bash
Provided cores: 2
Rules claiming more threads will be scaled down.
Provided resources: mem_mb=4000, mem_mib=3815, disk_mb=1000, disk_mib=954
Select jobs to execute...

[Thu Jun 13 16:32:47 2024]
rule create_wiggles:
    input: HOMER_tagDirs/mouse_F_ldlr_PlaqueMacrophages_RNA_2301_DMSO_poolA_RK_I20231020.sorted.dups_marked.HOMER_tagDir.tar.gz
    output: BigWigs/mouse_F_ldlr_PlaqueMacrophages_RNA_2301_DMSO_poolA_RK_I20231020.sorted.dups_marked.bw
    jobid: 0
    reason: Missing output files: BigWigs/mouse_F_ldlr_PlaqueMacrophages_RNA_2301_DMSO_poolA_RK_I20231020.sorted.dups_marked.bw
    wildcards: sample=mouse_F_ldlr_PlaqueMacrophages_RNA_2301_DMSO_poolA_RK_I20231020
    resources: mem_mb=4000, mem_mib=3815, disk_mb=1000, disk_mib=954, tmpdir=/tmp/kcarroll.5327804

Colors that will be used (change with -color or -gradient options):
	Index	Color	Neg. color	Tag Directory
	1	255,150,150	(255,180,180)	HOMER_tagDirs/mouse_F_ldlr_PlaqueMacrophages_RNA_2301_DMSO_poolA_RK_I20231020.sorted.dups_marked.HOMER_tagDir


	Once finished, you will want to upload the following hub URL:
		https:/www.macrophages.eu/UCSCtracks//BigWigs/mouse_F_ldlr_PlaqueMacrophages_RNA_2301_DMSO_poolA_RK_I20231020.sorted.dups_marked.hub/hub.txt

	If loading to the Wash U Epigenome Browser, use:
		https:/www.macrophages.eu/UCSCtracks//BigWigs/mouse_F_ldlr_PlaqueMacrophages_RNA_2301_DMSO_poolA_RK_I20231020.sorted.dups_marked.hub/washU.hub.txt

!!! Warning - ./BigWigs/mouse_F_ldlr_PlaqueMacrophages_RNA_2301_DMSO_poolA_RK_I20231020.sorted.dups_marked.hub exists !!!
!!! Rerun command with -force to overwrite !!!
/usr/bin/bash: /net/beegfs/scratch/kcarroll/Amsterdam_UMC_Klinische_Genetica_Internship/omnomnomics/fix_HOMER_trackHub.sh: Permission denied
[Thu Jun 13 16:32:49 2024]
Error in rule create_wiggles:
    jobid: 0
    input: HOMER_tagDirs/mouse_F_ldlr_PlaqueMacrophages_RNA_2301_DMSO_poolA_RK_I20231020.sorted.dups_marked.HOMER_tagDir.tar.gz
    output: BigWigs/mouse_F_ldlr_PlaqueMacrophages_RNA_2301_DMSO_poolA_RK_I20231020.sorted.dups_marked.bw

RuleException:
CalledProcessError in file /net/beegfs/scratch/kcarroll/Amsterdam_UMC_Klinische_Genetica_Internship/omnomnomics/rules/create_wiggles.smk, line 67:
Command 'set -euo pipefail;  /net/beegfs/scratch/kcarroll/Amsterdam_UMC_Klinische_Genetica_Internship/omnomnomics/fix_HOMER_trackHub.sh -i BigWigs/mouse_F_ldlr_PlaqueMacrophages_RNA_2301_DMSO_poolA_RK_I20231020.sorted.dups_marked.hub -g hg38' returned non-zero exit status 126.
  File "/net/beegfs/scratch/kcarroll/Amsterdam_UMC_Klinische_Genetica_Internship/omnomnomics/rules/create_wiggles.smk", line 75, in __rule_create_wiggles
  File "/net/beegfs/scratch/kcarroll/Amsterdam_UMC_Klinische_Genetica_Internship/omnomnomics/rules/create_wiggles.smk", line 67, in create_wig
  File "/trinity/shared/apps/snakemake/lib/python3.11/concurrent/futures/thread.py", line 58, in run
Shutting down, this might take some time.
Exiting because a job execution failed. Look above for error message
2024-06-13 16:32:45: JOB DISPATCHED!
2024-06-13 16:32:45: Changed directory to experiment dir: /net/beegfs/scratch/kcarroll/Amsterdam_UMC_Klinische_Genetica_Internship/omnomnomics
Changed directory to experiment dir: /net/beegfs/scratch/kcarroll/Amsterdam_UMC_Klinische_Genetica_Internship/omnomnomics
Updated logfile path: omnomnomics.run.2024-06-13.log
2024-06-13 16:32:45: Job Start time: 1718289165.5889194
2024-06-13 16:32:45: Experiment dir: /net/beegfs/scratch/kcarroll/Amsterdam_UMC_Klinische_Genetica_Internship/omnomnomics
2024-06-13 16:32:45: Run date: 2024-06-13
2024-06-13 16:32:45: Log file: omnomnomics.run.2024-06-13.log
2024-06-13 16:32:45: Files: 1
2024-06-13 16:32:45: Pairs: 1
2024-06-13 16:32:45: Paired run: True
2024-06-13 16:32:45: Type: RNA
2024-06-13 16:32:45: Genome: hg38
2024-06-13 16:32:45: Mode: 9
2024-06-13 16:32:45: Mode min: 9
2024-06-13 16:32:45: Mode max: 9
2024-06-13 16:32:45: Trim tool: skewer
2024-06-13 16:32:45: Map tool: hisat2
2024-06-13 16:32:45: Design formula: 1
2024-06-13 16:32:45: Metadata file: NA
2024-06-13 16:32:45: Input file (MACS3): NA
2024-06-13 16:32:45: Input file (HOMER): NA.HOMER_tagDir
2024-06-13 16:32:45: Broad peaks: NA
2024-06-13 16:32:45: Peak style: factor
2024-06-13 16:32:45: HOMER peaksize: 500
2024-06-13 16:32:45: HOMER minDist: 2000
2024-06-13 16:32:45: 250000M HEAP init
2024-06-13 16:32:45: 500000M memory per sample
2024-06-13 16:32:45: Hub type field: 1
2024-06-13 16:32:45: Hub name field: 1-3
2024-06-13 16:32:45: Hub col field: 2
2024-06-13 16:32:45: Hub separator: _
2024-06-13 16:32:45: Hub appendix: hub
2024-06-13 16:32:45: Hub overlay: transparentOverlay
2024-06-13 16:32:45: Hub coldata folder: ${OMNOM_HOME}/bin/color_data_for_hubs
2024-06-13 16:32:45: Hub color table: ${OMNOM_HOME}/bin/color_data_for_hubs/gray.tint.color.table
2024-06-13 16:32:45: Hub mail: m.dewinther@amsterdamumc.nl
HOMER_tagDirs
.HOMER_tagDir.tar.gz
HOMER_tagDirs/*.HOMER_tagDir.tar.gz
['HOMER_tagDirs/mouse_F_ldlr_PlaqueMacrophages_RNA_2301_DMSO_poolA_RK_I20231020.sorted.dups_marked.HOMER_tagDir.tar.gz']
['mouse_F_ldlr_PlaqueMacrophages_RNA_2301_DMSO_poolA_RK_I20231020']
['mouse_F_ldlr_PlaqueMacrophages_RNA_2301_DMSO_poolA_RK_I20231020']
{'1': 128, '2': 128, '3': 128, '4': 128, '5': 128, '6': 128, '7': 1, '8': 1, '9': 1, '10': 128, '11': 128, '12': 128, '13': 128}
2024-06-13 16:32:46: Checking snake rule functions...
2024-06-13 16:32:46: Workflow Snake rules Good!
[9]
BigWigs
.bw
['BigWigs/mouse_F_ldlr_PlaqueMacrophages_RNA_2301_DMSO_poolA_RK_I20231020.sorted.dups_marked.bw']
2024-06-13 16:32:47: Creating Wiggles and TrackHubs...
2024-06-13 16:32:47: Input folder: HOMER_tagDirs
2024-06-13 16:32:47: Output folder: BigWigs
2024-06-13 16:32:47: Sanity check completed
2024-06-13 16:32:47: Unpacking mouse_F_ldlr_PlaqueMacrophages_RNA_2301_DMSO_poolA_RK_I20231020.sorted.dups_marked.HOMER_tagDir.tar.gz into HOMER_tagDirs
TARGZ UNPACKED SUCCESSFULLY
2024-06-13 16:32:48: Unpacked mouse_F_ldlr_PlaqueMacrophages_RNA_2301_DMSO_poolA_RK_I20231020.sorted.dups_marked.HOMER_tagDir.tar.gz successfully
TAGDIR IS HOMER_tagDirs/mouse_F_ldlr_PlaqueMacrophages_RNA_2301_DMSO_poolA_RK_I20231020.sorted.dups_marked.HOMER_tagDir
2024-06-13 16:32:48: Creating trackhub from HOMER_tagDirs/mouse_F_ldlr_PlaqueMacrophages_RNA_2301_DMSO_poolA_RK_I20231020.sorted.dups_marked.HOMER_tagDir
2024-06-13 16:32:48: makeMultiWigHub.pl BigWigs/mouse_F_ldlr_PlaqueMacrophages_RNA_2301_DMSO_poolA_RK_I20231020.sorted.dups_marked.hub hg38 -d HOMER_tagDirs/mouse_F_ldlr_PlaqueMacrophages_RNA_2301_DMSO_poolA_RK_I20231020.sorted.dups_marked.HOMER_tagDir -fsize 1e8 -strand -webdir . -url "https:/www.macrophages.eu/UCSCtracks/"
2024-06-13 16:32:49: Fixing trackhub BigWigs/mouse_F_ldlr_PlaqueMacrophages_RNA_2301_DMSO_poolA_RK_I20231020.sorted.dups_marked.hub...
2024-06-13 16:32:49: fix_HOMER_trackHub.sh -i BigWigs/mouse_F_ldlr_PlaqueMacrophages_RNA_2301_DMSO_poolA_RK_I20231020.sorted.dups_marked.hub -g hg38
