Config file /net/beegfs/scratch/kcarroll/Amsterdam UMC Klinische Genetica Internship/omnomnomics/omnomnomics.run.2024-06-05.config.yaml is extended by additional config specified via the command line.
Building DAG of jobs...
Using shell: /usr/bin/bash
Provided cores: 128
Rules claiming more threads will be scaled down.
Provided resources: mem_mb=512000, mem_mib=488282, disk_mb=5899, disk_mib=5626
Select jobs to execute...

[Wed Jun  5 16:59:12 2024]
rule run_trimmomatic:
    input: FASTQ/mouse_F_ldlr_PlaqueMacrophages_RNA_2301_DMSO_poolA_RK_I20231020_L004_R1.fastq.gz, FASTQ/mouse_F_ldlr_PlaqueMacrophages_RNA_2301_DMSO_poolA_RK_I20231020_L004_R2.fastq.gz
    output: trimmed_FASTQ/mouse_F_ldlr_PlaqueMacrophages_RNA_2301_DMSO_poolA_RK_I20231020_L004_R1_Trimmomatic.trimmed.fastq.gz, trimmed_FASTQ/mouse_F_ldlr_PlaqueMacrophages_RNA_2301_DMSO_poolA_RK_I20231020_L004_R2_Trimmomatic.trimmed.fastq.gz
    jobid: 0
    reason: Missing output files: trimmed_FASTQ/mouse_F_ldlr_PlaqueMacrophages_RNA_2301_DMSO_poolA_RK_I20231020_L004_R2_Trimmomatic.trimmed.fastq.gz, trimmed_FASTQ/mouse_F_ldlr_PlaqueMacrophages_RNA_2301_DMSO_poolA_RK_I20231020_L004_R1_Trimmomatic.trimmed.fastq.gz
    wildcards: sample=mouse_F_ldlr_PlaqueMacrophages_RNA_2301_DMSO_poolA_RK_I20231020_L004
    threads: 128
    resources: mem_mb=512000, mem_mib=488282, disk_mb=5899, disk_mib=5626, tmpdir=/tmp/kcarroll.5303377

TrimmomaticPE: Started with arguments:
 -threads 128 -baseout trimmed_FASTQ/mouse_F_ldlr_PlaqueMacrophages_RNA_2301_DMSO_poolA_RK_I20231020_L004.trimmed.fastq.gz FASTQ/mouse_F_ldlr_PlaqueMacrophages_RNA_2301_DMSO_poolA_RK_I20231020_L004_R1.fastq.gz FASTQ/mouse_F_ldlr_PlaqueMacrophages_RNA_2301_DMSO_poolA_RK_I20231020_L004_R2.fastq.gz ILLUMINACLIP:/net/beegfs/cfg/projects/dewintherlab/bin/Trimmomatic-0.39/adapters/TruSeq3-PE.fa:2:30:10:2:True LEADING:3 TRAILING:3 MINLEN:36
Using templated Output files: trimmed_FASTQ/mouse_F_ldlr_PlaqueMacrophages_RNA_2301_DMSO_poolA_RK_I20231020_L004.trimmed_1P.fastq.gz trimmed_FASTQ/mouse_F_ldlr_PlaqueMacrophages_RNA_2301_DMSO_poolA_RK_I20231020_L004.trimmed_1U.fastq.gz trimmed_FASTQ/mouse_F_ldlr_PlaqueMacrophages_RNA_2301_DMSO_poolA_RK_I20231020_L004.trimmed_2P.fastq.gz trimmed_FASTQ/mouse_F_ldlr_PlaqueMacrophages_RNA_2301_DMSO_poolA_RK_I20231020_L004.trimmed_2U.fastq.gz
Using PrefixPair: 'TACACTCTTTCCCTACACGACGCTCTTCCGATCT' and 'GTGACTGGAGTTCAGACGTGTGCTCTTCCGATCT'
ILLUMINACLIP: Using 1 prefix pairs, 0 forward/reverse sequences, 0 forward only sequences, 0 reverse only sequences
Quality encoding detected as phred33
Input Read Pairs: 19143605 Both Surviving: 18892183 (98.69%) Forward Only Surviving: 0 (0.00%) Reverse Only Surviving: 0 (0.00%) Dropped: 251422 (1.31%)
TrimmomaticPE: Completed successfully
Waiting at most 5 seconds for missing files.
MissingOutputException in rule run_trimmomatic in file /net/beegfs/scratch/kcarroll/Amsterdam UMC Klinische Genetica Internship/omnomnomics/rules/trim_trimmomatic.smk, line 7:
Job 0 completed successfully, but some output files are missing. Missing files after 5 seconds. This might be due to filesystem latency. If that is the case, consider to increase the wait time with --latency-wait:
trimmed_FASTQ/mouse_F_ldlr_PlaqueMacrophages_RNA_2301_DMSO_poolA_RK_I20231020_L004_R1_Trimmomatic.trimmed.fastq.gz
trimmed_FASTQ/mouse_F_ldlr_PlaqueMacrophages_RNA_2301_DMSO_poolA_RK_I20231020_L004_R2_Trimmomatic.trimmed.fastq.gz
Shutting down, this might take some time.
Exiting because a job execution failed. Look above for error message
2024-06-05 16:59:12: JOB DISPATCHED!
2024-06-05 16:59:12: MAMBA_EXE: /net/beegfs/cfg/projects/dewintherlab/bin/micromamba
2024-06-05 16:59:12: Initializing shell...
2024-06-05 16:59:12: Sanity check completed
2024-06-05 16:59:12: Changed directory to experiment dir: /net/beegfs/scratch/kcarroll/Amsterdam UMC Klinische Genetica Internship/omnomnomics
Changed directory to experiment dir: /net/beegfs/scratch/kcarroll/Amsterdam UMC Klinische Genetica Internship/omnomnomics
Updated logfile path: omnomnomics.run.2024-06-05.log
2024-06-05 16:59:12: Job Start time: 1717599552.0144172
2024-06-05 16:59:12: Experiment dir: /net/beegfs/scratch/kcarroll/Amsterdam UMC Klinische Genetica Internship/omnomnomics
2024-06-05 16:59:12: Run date: 2024-06-05
2024-06-05 16:59:12: Log file: omnomnomics.run.2024-06-05.log
2024-06-05 16:59:12: Files: 2
2024-06-05 16:59:12: Pairs: 1
2024-06-05 16:59:12: Paired run: True
2024-06-05 16:59:12: Type: RNA
2024-06-05 16:59:12: Genome: hg38
2024-06-05 16:59:12: Mode: 1
2024-06-05 16:59:12: Mode min: 1
2024-06-05 16:59:12: Mode max: 1
2024-06-05 16:59:12: Trim tool: trimmomatic
2024-06-05 16:59:12: Map tool: hisat2
2024-06-05 16:59:12: Design formula: 1
2024-06-05 16:59:12: Metadata file: NA
2024-06-05 16:59:12: Input file (MACS3): NA
2024-06-05 16:59:12: Input file (HOMER): NA.HOMER_tagDir
2024-06-05 16:59:12: Broad peaks: NA
2024-06-05 16:59:12: Peak style: factor
2024-06-05 16:59:12: HOMER peaksize: 500
2024-06-05 16:59:12: HOMER minDist: 2000
2024-06-05 16:59:12: 250000M HEAP init
2024-06-05 16:59:12: 500000M memory per sample
2024-06-05 16:59:12: Hub type field: 1
2024-06-05 16:59:12: Hub name field: 1-3
2024-06-05 16:59:12: Hub col field: 2
2024-06-05 16:59:12: Hub separator: _
2024-06-05 16:59:12: Hub appendix: hub
2024-06-05 16:59:12: Hub overlay: transparentOverlay
2024-06-05 16:59:12: Hub coldata folder: ${OMNOM_HOME}/bin/color_data_for_hubs
2024-06-05 16:59:12: Hub color table: ${OMNOM_HOME}/bin/color_data_for_hubs/gray.tint.color.table
2024-06-05 16:59:12: Hub mail: m.dewinther@amsterdamumc.nl
FASTQ
.fastq.gz
FASTQ/*.fastq.gz
['FASTQ/mouse_F_ldlr_PlaqueMacrophages_RNA_2301_DMSO_poolA_RK_I20231020_L004_R1.fastq.gz', 'FASTQ/mouse_F_ldlr_PlaqueMacrophages_RNA_2301_DMSO_poolA_RK_I20231020_L004_R2.fastq.gz']
['mouse_F_ldlr_PlaqueMacrophages_RNA_2301_DMSO_poolA_RK_I20231020_L004', 'mouse_F_ldlr_PlaqueMacrophages_RNA_2301_DMSO_poolA_RK_I20231020_L004']
['mouse_F_ldlr_PlaqueMacrophages_RNA_2301_DMSO_poolA_RK_I20231020_L004']
{'1': 128, '2': 128, '3': 128, '4': 128, '5': 128, '6': 128, '7': 1, '8': 1, '9': 1, '10': 128, '11': 128, '12': 128, '13': 128}
2024-06-05 16:59:12: Checking snake rule functions...
2024-06-05 16:59:12: Workflow Snake rules Good!
[1]
trimmed_FASTQ
.fastq.gz
['trimmed_FASTQ/mouse_F_ldlr_PlaqueMacrophages_RNA_2301_DMSO_poolA_RK_I20231020_L004_R1_Trimmomatic.trimmed.fastq.gz', 'trimmed_FASTQ/mouse_F_ldlr_PlaqueMacrophages_RNA_2301_DMSO_poolA_RK_I20231020_L004_R2_Trimmomatic.trimmed.fastq.gz']
2024-06-05 16:59:12: Trimming Reads...
2024-06-05 16:59:12: Input folder: FASTQ
2024-06-05 16:59:12: Output folder: trimmed_FASTQ
2024-06-05 16:59:12: Trim Tool: trimmomatic
2024-06-05 16:59:12: Trim Heap: 125000M
2024-06-05 16:59:12: Trim Mem: 250000M
2024-06-05 16:59:12: Running trimmomatic in Paired End mode.
2024-06-05 17:09:42: Renaming trimmed results ...
2024-06-05 17:09:42: Removing unpaired files
