Config file /net/beegfs/scratch/kcarroll/Amsterdam_UMC_Klinische_Genetica_Internship/omnomnomics/omnomnomics.run.2024-06-19.config.yaml is extended by additional config specified via the command line.
Building DAG of jobs...
Using shell: /usr/bin/bash
Provided cores: 128
Rules claiming more threads will be scaled down.
Provided resources: mem_mb=512000, mem_mib=488282, disk_mb=4783, disk_mib=4562
Select jobs to execute...

[Wed Jun 19 18:52:50 2024]
rule merge_bam:
    input: BAM/human_MDM_DNA_H3K27Me3_Ctr_DMSO_F_d284_RK_I20221209_L002.bam
    output: BAM/human_MDM_DNA_H3K27Me3_Ctr_DMSO_F_d284_RK_I20221209.bam, BAM/human_MDM_DNA_H3K27Me3_Ctr_DMSO_F_d284_RK_I20221209.extra_4.tmp
    jobid: 0
    benchmark: BAM/human_MDM_DNA_H3K27Me3_Ctr_DMSO_F_d284_RK_I20221209_mergebam_benchmark.tsv
    reason: Missing output files: BAM/human_MDM_DNA_H3K27Me3_Ctr_DMSO_F_d284_RK_I20221209.extra_4.tmp, BAM/human_MDM_DNA_H3K27Me3_Ctr_DMSO_F_d284_RK_I20221209.bam
    wildcards: sample=human_MDM_DNA_H3K27Me3_Ctr_DMSO_F_d284_RK_I20221209
    threads: 128
    resources: mem_mb=512000, mem_mib=488282, disk_mb=4783, disk_mib=4562, tmpdir=/tmp/kcarroll.5341995

[Wed Jun 19 18:52:51 2024]
Finished job 0.
1 of 1 steps (100%) done
2024-06-19 18:52:50: JOB DISPATCHED!
2024-06-19 18:52:50: Moved color table to experiment dir: gray.tint.color.table
2024-06-19 18:52:50: Changed directory to experiment dir: /net/beegfs/scratch/kcarroll/Amsterdam_UMC_Klinische_Genetica_Internship/omnomnomics
Changed directory to experiment dir: /net/beegfs/scratch/kcarroll/Amsterdam_UMC_Klinische_Genetica_Internship/omnomnomics
Updated logfile path: omnomnomics.run.2024-06-19.log
2024-06-19 18:52:50: Experiment dir: /net/beegfs/scratch/kcarroll/Amsterdam_UMC_Klinische_Genetica_Internship/omnomnomics
2024-06-19 18:52:50: Run date: 2024-06-19
2024-06-19 18:52:50: Log file: omnomnomics.run.2024-06-19.log
2024-06-19 18:52:50: Files: 1
2024-06-19 18:52:50: Pairs: 1
2024-06-19 18:52:50: Paired run: False
2024-06-19 18:52:50: Type: ATAC
2024-06-19 18:52:50: Genome: hg38
2024-06-19 18:52:50: Mode: 11
2024-06-19 18:52:50: Mode min: 11
2024-06-19 18:52:50: Mode max: 11
2024-06-19 18:52:50: Trim tool: skewer
2024-06-19 18:52:50: Map tool: hisat2
2024-06-19 18:52:50: Design formula: 1
2024-06-19 18:52:50: Metadata file: NA
2024-06-19 18:52:50: Input file (MACS3): NA
2024-06-19 18:52:50: Input file (HOMER): NA
2024-06-19 18:52:50: Broad peaks: NA
2024-06-19 18:52:50: Peak style: factor
2024-06-19 18:52:50: HOMER peaksize: 500
2024-06-19 18:52:50: HOMER minDist: 2000
2024-06-19 18:52:50: 250000M HEAP init
2024-06-19 18:52:50: 500000M memory per sample
2024-06-19 18:52:50: Hub type field: 1
2024-06-19 18:52:50: Hub name field: 1,2,8
2024-06-19 18:52:50: Hub col field: 2
2024-06-19 18:52:50: Hub separator: _
2024-06-19 18:52:50: Hub appendix: hub
2024-06-19 18:52:50: Hub overlay: transparentOverlay
2024-06-19 18:52:50: Hub coldata folder: /net/beegfs/scratch/kcarroll/Amsterdam_UMC_Klinische_Genetica_Internship/bin/color_data_for_hubs
2024-06-19 18:52:50: Hub color table: /net/beegfs/scratch/kcarroll/Amsterdam_UMC_Klinische_Genetica_Internship/bin/color_data_for_hubs/gray.tint.color.table
2024-06-19 18:52:50: Hub mail: m.dewinther@amsterdamumc.nl
['filtered_BAM', 'HOMER_tagDirs']
['.bam', '.HOMER_tagDir.tar.gz']
filtered_BAM/*.bam
['filtered_BAM/human_MDM_DNA_H3K27Me3_Ctr_DMSO_F_d284_RK_I20221209.sorted.dups_marked.filtered.bam']
['human_MDM_DNA_H3K27Me3_Ctr_DMSO_F_d284_RK_I20221209']
['human_MDM_DNA_H3K27Me3_Ctr_DMSO_F_d284_RK_I20221209']
NUMBER OF SAMPLES = 1
{'1': 128, '2': 128, '3': 128, '4': 128, '5': 128, '6': 1, '7': 1, '8': 1, '9': 1, '10': 128, '11': 128, '12': 128, '13': 128}
2024-06-19 18:52:50: Checking snake rule functions...
2024-06-19 18:52:50: Workflow Snake rules Good!
[11]
peak_calling
.bed
['peak_calling/extra_11.tmp']
2024-06-19 18:52:50: Merging lanes...
2024-06-19 18:52:50: Input folder: BAM
2024-06-19 18:52:50: Output folder: BAM
2024-06-19 18:52:51: 
samtools 1.17
Using htslib 1.17

2024-06-19 18:52:51: Sanity check completed
INPUT BAM MERGE FILES BAM/human_MDM_DNA_H3K27Me3_Ctr_DMSO_F_d284_RK_I20221209_L002.bam
2024-06-19 18:52:51: Renaming BAM/human_MDM_DNA_H3K27Me3_Ctr_DMSO_F_d284_RK_I20221209_L002.bam to BAM/human_MDM_DNA_H3K27Me3_Ctr_DMSO_F_d284_RK_I20221209.bam...
