Config file /net/beegfs/scratch/kcarroll/Amsterdam UMC Klinische Genetica Internship/omnomnomics/omnomnomics.run.2024-06-06.config.yaml is extended by additional config specified via the command line.
Building DAG of jobs...
Using shell: /usr/bin/bash
Provided cores: 128
Rules claiming more threads will be scaled down.
Provided resources: mem_mb=32000, mem_mib=30518, disk_mb=4815, disk_mib=4592
Select jobs to execute...

[Thu Jun  6 13:57:09 2024]
rule run_hisat2:
    input: trimmed_FASTQ/mouse_F_ldlr_PlaqueMacrophages_RNA_2301_DMSO_poolA_RK_I20231020_L004_R1.trimmed.fastq.gz, trimmed_FASTQ/mouse_F_ldlr_PlaqueMacrophages_RNA_2301_DMSO_poolA_RK_I20231020_L004_R2.trimmed.fastq.gz
    output: BAM/mouse_F_ldlr_PlaqueMacrophages_RNA_2301_DMSO_poolA_RK_I20231020_L004_HISAT2.bam, BAM/mouse_F_ldlr_PlaqueMacrophages_RNA_2301_DMSO_poolA_RK_I20231020_L004.HISAT2_stats.txt
    jobid: 0
    reason: Missing output files: BAM/mouse_F_ldlr_PlaqueMacrophages_RNA_2301_DMSO_poolA_RK_I20231020_L004_HISAT2.bam, BAM/mouse_F_ldlr_PlaqueMacrophages_RNA_2301_DMSO_poolA_RK_I20231020_L004.HISAT2_stats.txt
    wildcards: sample=mouse_F_ldlr_PlaqueMacrophages_RNA_2301_DMSO_poolA_RK_I20231020_L004
    threads: 128
    resources: mem_mb=32000, mem_mib=30518, disk_mb=4815, disk_mib=4592, tmpdir=/tmp/kcarroll.5306011

[Thu Jun  6 13:57:09 2024]
Error in rule run_hisat2:
    jobid: 0
    input: trimmed_FASTQ/mouse_F_ldlr_PlaqueMacrophages_RNA_2301_DMSO_poolA_RK_I20231020_L004_R1.trimmed.fastq.gz, trimmed_FASTQ/mouse_F_ldlr_PlaqueMacrophages_RNA_2301_DMSO_poolA_RK_I20231020_L004_R2.trimmed.fastq.gz
    output: BAM/mouse_F_ldlr_PlaqueMacrophages_RNA_2301_DMSO_poolA_RK_I20231020_L004_HISAT2.bam, BAM/mouse_F_ldlr_PlaqueMacrophages_RNA_2301_DMSO_poolA_RK_I20231020_L004.HISAT2_stats.txt

RuleException:
NameError in file /net/beegfs/scratch/kcarroll/Amsterdam UMC Klinische Genetica Internship/omnomnomics/rules/align_reads_hisat2.smk, line 61:
name 'logIt' is not defined
  File "/net/beegfs/scratch/kcarroll/Amsterdam UMC Klinische Genetica Internship/omnomnomics/rules/align_reads_hisat2.smk", line 116, in __rule_run_hisat2
  File "/net/beegfs/scratch/kcarroll/Amsterdam UMC Klinische Genetica Internship/omnomnomics/rules/align_reads_hisat2.smk", line 61, in run_hisat2
  File "/trinity/shared/apps/snakemake/lib/python3.11/concurrent/futures/thread.py", line 58, in run
Shutting down, this might take some time.
Exiting because a job execution failed. Look above for error message
2024-06-06 13:57:08: JOB DISPATCHED!
2024-06-06 13:57:08: MAMBA_EXE: /net/beegfs/cfg/projects/dewintherlab/bin/micromamba
2024-06-06 13:57:08: Initializing shell...
2024-06-06 13:57:08: Sanity check completed
2024-06-06 13:57:08: Changed directory to experiment dir: /net/beegfs/scratch/kcarroll/Amsterdam UMC Klinische Genetica Internship/omnomnomics
Changed directory to experiment dir: /net/beegfs/scratch/kcarroll/Amsterdam UMC Klinische Genetica Internship/omnomnomics
Updated logfile path: omnomnomics.run.2024-06-06.log
2024-06-06 13:57:08: Job Start time: 1717675028.7727776
2024-06-06 13:57:08: Experiment dir: /net/beegfs/scratch/kcarroll/Amsterdam UMC Klinische Genetica Internship/omnomnomics
2024-06-06 13:57:08: Run date: 2024-06-06
2024-06-06 13:57:08: Log file: omnomnomics.run.2024-06-06.log
2024-06-06 13:57:08: Files: 2
2024-06-06 13:57:08: Pairs: 1
2024-06-06 13:57:08: Paired run: True
2024-06-06 13:57:08: Type: RNA
2024-06-06 13:57:08: Genome: hg38
2024-06-06 13:57:08: Mode: 3
2024-06-06 13:57:08: Mode min: 3
2024-06-06 13:57:08: Mode max: 3
2024-06-06 13:57:08: Trim tool: skewer
2024-06-06 13:57:08: Map tool: hisat2
2024-06-06 13:57:08: Design formula: 1
2024-06-06 13:57:08: Metadata file: NA
2024-06-06 13:57:08: Input file (MACS3): NA
2024-06-06 13:57:08: Input file (HOMER): NA.HOMER_tagDir
2024-06-06 13:57:08: Broad peaks: NA
2024-06-06 13:57:08: Peak style: factor
2024-06-06 13:57:08: HOMER peaksize: 500
2024-06-06 13:57:08: HOMER minDist: 2000
2024-06-06 13:57:08: 250000M HEAP init
2024-06-06 13:57:08: 500000M memory per sample
2024-06-06 13:57:08: Hub type field: 1
2024-06-06 13:57:08: Hub name field: 1-3
2024-06-06 13:57:08: Hub col field: 2
2024-06-06 13:57:08: Hub separator: _
2024-06-06 13:57:08: Hub appendix: hub
2024-06-06 13:57:08: Hub overlay: transparentOverlay
2024-06-06 13:57:08: Hub coldata folder: ${OMNOM_HOME}/bin/color_data_for_hubs
2024-06-06 13:57:08: Hub color table: ${OMNOM_HOME}/bin/color_data_for_hubs/gray.tint.color.table
2024-06-06 13:57:08: Hub mail: m.dewinther@amsterdamumc.nl
trimmed_FASTQ
.trimmed.fastq.gz
trimmed_FASTQ/*.trimmed.fastq.gz
['trimmed_FASTQ/mouse_F_ldlr_PlaqueMacrophages_RNA_2301_DMSO_poolA_RK_I20231020_L004_R2.trimmed.fastq.gz', 'trimmed_FASTQ/mouse_F_ldlr_PlaqueMacrophages_RNA_2301_DMSO_poolA_RK_I20231020_L004_R1.trimmed.fastq.gz']
['mouse_F_ldlr_PlaqueMacrophages_RNA_2301_DMSO_poolA_RK_I20231020_L004', 'mouse_F_ldlr_PlaqueMacrophages_RNA_2301_DMSO_poolA_RK_I20231020_L004']
['mouse_F_ldlr_PlaqueMacrophages_RNA_2301_DMSO_poolA_RK_I20231020_L004']
{'1': 128, '2': 128, '3': 128, '4': 128, '5': 128, '6': 128, '7': 1, '8': 1, '9': 1, '10': 128, '11': 128, '12': 128, '13': 128}
2024-06-06 13:57:08: Checking snake rule functions...
2024-06-06 13:57:08: Workflow Snake rules Good!
[3]
BAM
.bam
['BAM/mouse_F_ldlr_PlaqueMacrophages_RNA_2301_DMSO_poolA_RK_I20231020_L004_HISAT2.bam', 'BAM/mouse_F_ldlr_PlaqueMacrophages_RNA_2301_DMSO_poolA_RK_I20231020_L004.HISAT2_stats.txt']
2024-06-06 13:57:09: Mapping reads...
2024-06-06 13:57:09: Input folder: trimmed_FASTQ
2024-06-06 13:57:09: Output folder: BAM
2024-06-06 13:57:09: Running HISAT2 in Paired End mode on RNA data.
