Config file /net/beegfs/scratch/kcarroll/Amsterdam_UMC_Klinische_Genetica_Internship/omnomnomics/omnomnomics.run.2024-06-17.config.yaml is extended by additional config specified via the command line.
Building DAG of jobs...
Using shell: /usr/bin/bash
Provided cores: 128
Rules claiming more threads will be scaled down.
Provided resources: mem_mb=512000, mem_mib=488282, disk_mb=5694, disk_mib=5431
Select jobs to execute...

[Mon Jun 17 21:48:24 2024]
rule merge_bam:
    input: BAM/mouse_F_ldlr_PlaqueMacrophages_RNA_2301_DMSO_poolA_RK_I20231020_L004.bam
    output: BAM/mouse_F_ldlr_PlaqueMacrophages_RNA_2301_DMSO_poolA_RK_I20231020.bam, BAM/mouse_F_ldlr_PlaqueMacrophages_RNA_2301_DMSO_poolA_RK_I20231020.extra.tmp
    jobid: 0
    benchmark: BAM/mouse_F_ldlr_PlaqueMacrophages_RNA_2301_DMSO_poolA_RK_I20231020_benchmark.tsv
    reason: Missing output files: BAM/mouse_F_ldlr_PlaqueMacrophages_RNA_2301_DMSO_poolA_RK_I20231020_benchmark.tsv, BAM/mouse_F_ldlr_PlaqueMacrophages_RNA_2301_DMSO_poolA_RK_I20231020.bam, BAM/mouse_F_ldlr_PlaqueMacrophages_RNA_2301_DMSO_poolA_RK_I20231020.extra.tmp
    wildcards: sample=mouse_F_ldlr_PlaqueMacrophages_RNA_2301_DMSO_poolA_RK_I20231020
    threads: 128
    resources: mem_mb=512000, mem_mib=488282, disk_mb=5694, disk_mib=5431, tmpdir=/tmp/kcarroll.5336553

[Mon Jun 17 21:48:24 2024]
Finished job 0.
1 of 1 steps (100%) done
2024-06-17 21:48:23: JOB DISPATCHED!
2024-06-17 21:48:23: Changed directory to experiment dir: /net/beegfs/scratch/kcarroll/Amsterdam_UMC_Klinische_Genetica_Internship/omnomnomics
Changed directory to experiment dir: /net/beegfs/scratch/kcarroll/Amsterdam_UMC_Klinische_Genetica_Internship/omnomnomics
Updated logfile path: omnomnomics.run.2024-06-17.log
2024-06-17 21:48:23: Job Start time: 1718653703.8466353
2024-06-17 21:48:23: Experiment dir: /net/beegfs/scratch/kcarroll/Amsterdam_UMC_Klinische_Genetica_Internship/omnomnomics
2024-06-17 21:48:23: Run date: 2024-06-17
2024-06-17 21:48:23: Log file: omnomnomics.run.2024-06-17.log
2024-06-17 21:48:23: Files: 2
2024-06-17 21:48:23: Pairs: 2
2024-06-17 21:48:23: Paired run: True
2024-06-17 21:48:23: Type: CHIP
2024-06-17 21:48:23: Genome: hg38
2024-06-17 21:48:23: Mode: 4
2024-06-17 21:48:23: Mode min: 4
2024-06-17 21:48:23: Mode max: 4
2024-06-17 21:48:23: Trim tool: skewer
2024-06-17 21:48:23: Map tool: hisat2
2024-06-17 21:48:23: Design formula: 1
2024-06-17 21:48:23: Metadata file: NA
2024-06-17 21:48:23: Input file (MACS3): NA
2024-06-17 21:48:23: Input file (HOMER): NA.HOMER_tagDir
2024-06-17 21:48:23: Broad peaks: NA
2024-06-17 21:48:23: Peak style: factor
2024-06-17 21:48:23: HOMER peaksize: 500
2024-06-17 21:48:23: HOMER minDist: 2000
2024-06-17 21:48:23: 125000M HEAP init
2024-06-17 21:48:23: 250000M memory per sample
2024-06-17 21:48:23: Hub type field: 1
2024-06-17 21:48:23: Hub name field: 1-3
2024-06-17 21:48:23: Hub col field: 2
2024-06-17 21:48:23: Hub separator: _
2024-06-17 21:48:23: Hub appendix: hub
2024-06-17 21:48:23: Hub overlay: transparentOverlay
2024-06-17 21:48:23: Hub coldata folder: ${OMNOM_HOME}/bin/color_data_for_hubs
2024-06-17 21:48:23: Hub color table: ${OMNOM_HOME}/bin/color_data_for_hubs/gray.tint.color.table
2024-06-17 21:48:23: Hub mail: m.dewinther@amsterdamumc.nl
BAM
.bam
BAM/*.bam
['BAM/mouse_F_ldlr_PlaqueMacrophages_RNA_2301_DMSO_poolA_RK_I20231020_L004.bam', 'BAM/human_MDM_DNA_H3K27Me3_Ctr_DMSO_F_d284_RK_I20221209_L002.bam']
['mouse_F_ldlr_PlaqueMacrophages_RNA_2301_DMSO_poolA_RK_I20231020_L004', 'human_MDM_DNA_H3K27Me3_Ctr_DMSO_F_d284_RK_I20221209_L002']
['mouse_F_ldlr_PlaqueMacrophages_RNA_2301_DMSO_poolA_RK_I20231020_L004', 'human_MDM_DNA_H3K27Me3_Ctr_DMSO_F_d284_RK_I20221209_L002']
{'1': 128, '2': 128, '3': 128, '4': 128, '5': 128, '6': 128, '7': 1, '8': 1, '9': 1, '10': 128, '11': 128, '12': 128, '13': 128}
2024-06-17 21:48:23: Checking snake rule functions...
2024-06-17 21:48:23: Workflow Snake rules Good!
[4]
BAM
.bam
['BAM/mouse_F_ldlr_PlaqueMacrophages_RNA_2301_DMSO_poolA_RK_I20231020.bam', 'BAM/human_MDM_DNA_H3K27Me3_Ctr_DMSO_F_d284_RK_I20221209.bam', 'BAM/mouse_F_ldlr_PlaqueMacrophages_RNA_2301_DMSO_poolA_RK_I20231020.extra.tmp', 'BAM/human_MDM_DNA_H3K27Me3_Ctr_DMSO_F_d284_RK_I20221209.extra.tmp']
2024-06-17 21:48:24: Merging lanes...
2024-06-17 21:48:24: Input folder: BAM
2024-06-17 21:48:24: Output folder: BAM
BAM/mouse_F_ldlr_PlaqueMacrophages_RNA_2301_DMSO_poolA_RK_I20231020_L004.bam
['BAM/mouse_F_ldlr_PlaqueMacrophages_RNA_2301_DMSO_poolA_RK_I20231020_L004.bam']
2024-06-17 21:48:24: 
samtools 1.17
Using htslib 1.17

samtools 1.17
Using htslib 1.17

2024-06-17 21:48:24: Sanity check completed
BAM/mouse_F_ldlr_PlaqueMacrophages_RNA_2301_DMSO_poolA_RK_I20231020_L004.bam
BAM/mouse_F_ldlr_PlaqueMacrophages_RNA_2301_DMSO_poolA_RK_I20231020.bam
2024-06-17 21:48:24: Renaming BAM/mouse_F_ldlr_PlaqueMacrophages_RNA_2301_DMSO_poolA_RK_I20231020_L004.bam to BAM/mouse_F_ldlr_PlaqueMacrophages_RNA_2301_DMSO_poolA_RK_I20231020.bam...
